<?xml version="1.0" encoding="ISO-8859-1" ?>
<link_info>
   <banner>TI ARM Linker PC v20.2.7.LTS</banner>
   <copyright>Copyright (c) 1996-2018 Texas Instruments Incorporated</copyright>
   <link_time>0x663e6f9e</link_time>
   <link_errors>0x0</link_errors>
   <output_file>FreeRTOS_Demo.out</output_file>
   <entry_point>
      <name>_c_int00_noargs</name>
      <address>0x7ac9</address>
   </entry_point>
   <input_file_list>
      <input_file id="fl-2">
         <path>.\</path>
         <kind>object</kind>
         <file>main.obj</file>
         <name>main.obj</name>
      </input_file>
      <input_file id="fl-3">
         <path>.\</path>
         <kind>object</kind>
         <file>tm4c123gh6pm_startup_ccs.obj</file>
         <name>tm4c123gh6pm_startup_ccs.obj</name>
      </input_file>
      <input_file id="fl-4">
         <path>.\FreeRTOS\Source\</path>
         <kind>object</kind>
         <file>event_groups.obj</file>
         <name>event_groups.obj</name>
      </input_file>
      <input_file id="fl-5">
         <path>.\FreeRTOS\Source\</path>
         <kind>object</kind>
         <file>list.obj</file>
         <name>list.obj</name>
      </input_file>
      <input_file id="fl-6">
         <path>.\FreeRTOS\Source\</path>
         <kind>object</kind>
         <file>queue.obj</file>
         <name>queue.obj</name>
      </input_file>
      <input_file id="fl-7">
         <path>.\FreeRTOS\Source\</path>
         <kind>object</kind>
         <file>tasks.obj</file>
         <name>tasks.obj</name>
      </input_file>
      <input_file id="fl-8">
         <path>.\FreeRTOS\Source\</path>
         <kind>object</kind>
         <file>timers.obj</file>
         <name>timers.obj</name>
      </input_file>
      <input_file id="fl-9">
         <path>.\FreeRTOS\Source\portable\CCS\ARM_CM4F\</path>
         <kind>object</kind>
         <file>port.obj</file>
         <name>port.obj</name>
      </input_file>
      <input_file id="fl-a">
         <path>.\FreeRTOS\Source\portable\CCS\ARM_CM4F\</path>
         <kind>object</kind>
         <file>portasm.obj</file>
         <name>portasm.obj</name>
      </input_file>
      <input_file id="fl-b">
         <path>.\FreeRTOS\Source\portable\MemMang\</path>
         <kind>object</kind>
         <file>heap_4.obj</file>
         <name>heap_4.obj</name>
      </input_file>
      <input_file id="fl-c">
         <path>.\HAL\POTS\</path>
         <kind>object</kind>
         <file>pots.obj</file>
         <name>pots.obj</name>
      </input_file>
      <input_file id="fl-d">
         <path>.\HAL\RGB_LED\</path>
         <kind>object</kind>
         <file>rgb.obj</file>
         <name>rgb.obj</name>
      </input_file>
      <input_file id="fl-e">
         <path>.\MCAL\GPIO\</path>
         <kind>object</kind>
         <file>gpio.obj</file>
         <name>gpio.obj</name>
      </input_file>
      <input_file id="fl-f">
         <path>.\MCAL\GPTM\</path>
         <kind>object</kind>
         <file>GPTM.obj</file>
         <name>GPTM.obj</name>
      </input_file>
      <input_file id="fl-10">
         <path>.\MCAL\UART\</path>
         <kind>object</kind>
         <file>uart0.obj</file>
         <name>uart0.obj</name>
      </input_file>
      <input_file id="fl-11">
         <path>.\driverlib\</path>
         <kind>object</kind>
         <file>adc.obj</file>
         <name>adc.obj</name>
      </input_file>
      <input_file id="fl-12">
         <path>.\driverlib\</path>
         <kind>object</kind>
         <file>aes.obj</file>
         <name>aes.obj</name>
      </input_file>
      <input_file id="fl-13">
         <path>.\driverlib\</path>
         <kind>object</kind>
         <file>can.obj</file>
         <name>can.obj</name>
      </input_file>
      <input_file id="fl-14">
         <path>.\driverlib\</path>
         <kind>object</kind>
         <file>comp.obj</file>
         <name>comp.obj</name>
      </input_file>
      <input_file id="fl-15">
         <path>.\driverlib\</path>
         <kind>object</kind>
         <file>cpu.obj</file>
         <name>cpu.obj</name>
      </input_file>
      <input_file id="fl-16">
         <path>.\driverlib\</path>
         <kind>object</kind>
         <file>crc.obj</file>
         <name>crc.obj</name>
      </input_file>
      <input_file id="fl-17">
         <path>.\driverlib\</path>
         <kind>object</kind>
         <file>des.obj</file>
         <name>des.obj</name>
      </input_file>
      <input_file id="fl-18">
         <path>.\driverlib\</path>
         <kind>object</kind>
         <file>eeprom.obj</file>
         <name>eeprom.obj</name>
      </input_file>
      <input_file id="fl-19">
         <path>.\driverlib\</path>
         <kind>object</kind>
         <file>emac.obj</file>
         <name>emac.obj</name>
      </input_file>
      <input_file id="fl-1a">
         <path>.\driverlib\</path>
         <kind>object</kind>
         <file>epi.obj</file>
         <name>epi.obj</name>
      </input_file>
      <input_file id="fl-1b">
         <path>.\driverlib\</path>
         <kind>object</kind>
         <file>epi_workaround_ccs.obj</file>
         <name>epi_workaround_ccs.obj</name>
      </input_file>
      <input_file id="fl-1c">
         <path>.\driverlib\</path>
         <kind>object</kind>
         <file>flash.obj</file>
         <name>flash.obj</name>
      </input_file>
      <input_file id="fl-1d">
         <path>.\driverlib\</path>
         <kind>object</kind>
         <file>fpu.obj</file>
         <name>fpu.obj</name>
      </input_file>
      <input_file id="fl-1e">
         <path>.\driverlib\</path>
         <kind>object</kind>
         <file>gpio.obj</file>
         <name>gpio.obj</name>
      </input_file>
      <input_file id="fl-1f">
         <path>.\driverlib\</path>
         <kind>object</kind>
         <file>hibernate.obj</file>
         <name>hibernate.obj</name>
      </input_file>
      <input_file id="fl-20">
         <path>.\driverlib\</path>
         <kind>object</kind>
         <file>i2c.obj</file>
         <name>i2c.obj</name>
      </input_file>
      <input_file id="fl-21">
         <path>.\driverlib\</path>
         <kind>object</kind>
         <file>interrupt.obj</file>
         <name>interrupt.obj</name>
      </input_file>
      <input_file id="fl-22">
         <path>.\driverlib\</path>
         <kind>object</kind>
         <file>lcd.obj</file>
         <name>lcd.obj</name>
      </input_file>
      <input_file id="fl-23">
         <path>.\driverlib\</path>
         <kind>object</kind>
         <file>mpu.obj</file>
         <name>mpu.obj</name>
      </input_file>
      <input_file id="fl-24">
         <path>.\driverlib\</path>
         <kind>object</kind>
         <file>onewire.obj</file>
         <name>onewire.obj</name>
      </input_file>
      <input_file id="fl-25">
         <path>.\driverlib\</path>
         <kind>object</kind>
         <file>pwm.obj</file>
         <name>pwm.obj</name>
      </input_file>
      <input_file id="fl-26">
         <path>.\driverlib\</path>
         <kind>object</kind>
         <file>qei.obj</file>
         <name>qei.obj</name>
      </input_file>
      <input_file id="fl-27">
         <path>.\driverlib\</path>
         <kind>object</kind>
         <file>shamd5.obj</file>
         <name>shamd5.obj</name>
      </input_file>
      <input_file id="fl-28">
         <path>.\driverlib\</path>
         <kind>object</kind>
         <file>ssi.obj</file>
         <name>ssi.obj</name>
      </input_file>
      <input_file id="fl-29">
         <path>.\driverlib\</path>
         <kind>object</kind>
         <file>sw_crc.obj</file>
         <name>sw_crc.obj</name>
      </input_file>
      <input_file id="fl-2a">
         <path>.\driverlib\</path>
         <kind>object</kind>
         <file>sysctl.obj</file>
         <name>sysctl.obj</name>
      </input_file>
      <input_file id="fl-2b">
         <path>.\driverlib\</path>
         <kind>object</kind>
         <file>sysexc.obj</file>
         <name>sysexc.obj</name>
      </input_file>
      <input_file id="fl-2c">
         <path>.\driverlib\</path>
         <kind>object</kind>
         <file>systick.obj</file>
         <name>systick.obj</name>
      </input_file>
      <input_file id="fl-2d">
         <path>.\driverlib\</path>
         <kind>object</kind>
         <file>timer.obj</file>
         <name>timer.obj</name>
      </input_file>
      <input_file id="fl-2e">
         <path>.\driverlib\</path>
         <kind>object</kind>
         <file>uart.obj</file>
         <name>uart.obj</name>
      </input_file>
      <input_file id="fl-2f">
         <path>.\driverlib\</path>
         <kind>object</kind>
         <file>udma.obj</file>
         <name>udma.obj</name>
      </input_file>
      <input_file id="fl-30">
         <path>.\driverlib\</path>
         <kind>object</kind>
         <file>usb.obj</file>
         <name>usb.obj</name>
      </input_file>
      <input_file id="fl-31">
         <path>.\driverlib\</path>
         <kind>object</kind>
         <file>watchdog.obj</file>
         <name>watchdog.obj</name>
      </input_file>
      <input_file id="fl-32">
         <path>.\drivers\</path>
         <kind>object</kind>
         <file>buttons.obj</file>
         <name>buttons.obj</name>
      </input_file>
      <input_file id="fl-33">
         <path>.\drivers\</path>
         <kind>object</kind>
         <file>rgb.obj</file>
         <name>rgb.obj</name>
      </input_file>
      <input_file id="fl-3b">
         <kind>object</kind>
         <file>&lt;internal&gt;</file>
         <name>&lt;internal&gt;</name>
      </input_file>
      <input_file id="fl-f1">
         <path>C:\ti\ccs1250\ccs\tools\compiler\ti-cgt-arm_20.2.7.LTS\lib\</path>
         <kind>archive</kind>
         <file>rtsv7M4_T_le_v4SPD16_eabi.lib</file>
         <name>fs_toull_t2.asm.obj</name>
      </input_file>
      <input_file id="fl-f2">
         <path>C:\ti\ccs1250\ccs\tools\compiler\ti-cgt-arm_20.2.7.LTS\lib\</path>
         <kind>archive</kind>
         <file>rtsv7M4_T_le_v4SPD16_eabi.lib</file>
         <name>memcpy_t2.asm.obj</name>
      </input_file>
      <input_file id="fl-f3">
         <path>C:\ti\ccs1250\ccs\tools\compiler\ti-cgt-arm_20.2.7.LTS\lib\</path>
         <kind>archive</kind>
         <file>rtsv7M4_T_le_v4SPD16_eabi.lib</file>
         <name>memset_t2.asm.obj</name>
      </input_file>
      <input_file id="fl-f4">
         <path>C:\ti\ccs1250\ccs\tools\compiler\ti-cgt-arm_20.2.7.LTS\lib\</path>
         <kind>archive</kind>
         <file>rtsv7M4_T_le_v4SPD16_eabi.lib</file>
         <name>ll_div_t2.asm.obj</name>
      </input_file>
      <input_file id="fl-f5">
         <path>C:\ti\ccs1250\ccs\tools\compiler\ti-cgt-arm_20.2.7.LTS\lib\</path>
         <kind>archive</kind>
         <file>rtsv7M4_T_le_v4SPD16_eabi.lib</file>
         <name>ull_div_t2.asm.obj</name>
      </input_file>
      <input_file id="fl-f6">
         <path>C:\ti\ccs1250\ccs\tools\compiler\ti-cgt-arm_20.2.7.LTS\lib\</path>
         <kind>archive</kind>
         <file>rtsv7M4_T_le_v4SPD16_eabi.lib</file>
         <name>copy_zero_init.c.obj</name>
      </input_file>
      <input_file id="fl-f7">
         <path>C:\ti\ccs1250\ccs\tools\compiler\ti-cgt-arm_20.2.7.LTS\lib\</path>
         <kind>archive</kind>
         <file>rtsv7M4_T_le_v4SPD16_eabi.lib</file>
         <name>copy_decompress_none.c.obj</name>
      </input_file>
      <input_file id="fl-f8">
         <path>C:\ti\ccs1250\ccs\tools\compiler\ti-cgt-arm_20.2.7.LTS\lib\</path>
         <kind>archive</kind>
         <file>rtsv7M4_T_le_v4SPD16_eabi.lib</file>
         <name>copy_decompress_lzss.c.obj</name>
      </input_file>
      <input_file id="fl-f9">
         <path>C:\ti\ccs1250\ccs\tools\compiler\ti-cgt-arm_20.2.7.LTS\lib\</path>
         <kind>archive</kind>
         <file>rtsv7M4_T_le_v4SPD16_eabi.lib</file>
         <name>boot_cortex_m.c.obj</name>
      </input_file>
      <input_file id="fl-fa">
         <path>C:\ti\ccs1250\ccs\tools\compiler\ti-cgt-arm_20.2.7.LTS\lib\</path>
         <kind>archive</kind>
         <file>rtsv7M4_T_le_v4SPD16_eabi.lib</file>
         <name>div0.asm.obj</name>
      </input_file>
      <input_file id="fl-fb">
         <path>C:\ti\ccs1250\ccs\tools\compiler\ti-cgt-arm_20.2.7.LTS\lib\</path>
         <kind>archive</kind>
         <file>rtsv7M4_T_le_v4SPD16_eabi.lib</file>
         <name>autoinit.c.obj</name>
      </input_file>
      <input_file id="fl-fc">
         <path>C:\ti\ccs1250\ccs\tools\compiler\ti-cgt-arm_20.2.7.LTS\lib\</path>
         <kind>archive</kind>
         <file>rtsv7M4_T_le_v4SPD16_eabi.lib</file>
         <name>pre_init.c.obj</name>
      </input_file>
      <input_file id="fl-fd">
         <path>C:\ti\ccs1250\ccs\tools\compiler\ti-cgt-arm_20.2.7.LTS\lib\</path>
         <kind>archive</kind>
         <file>rtsv7M4_T_le_v4SPD16_eabi.lib</file>
         <name>cpy_tbl.c.obj</name>
      </input_file>
      <input_file id="fl-fe">
         <path>C:\ti\ccs1250\ccs\tools\compiler\ti-cgt-arm_20.2.7.LTS\lib\</path>
         <kind>archive</kind>
         <file>rtsv7M4_T_le_v4SPD16_eabi.lib</file>
         <name>exit.c.obj</name>
      </input_file>
      <input_file id="fl-ff">
         <path>C:\ti\ccs1250\ccs\tools\compiler\ti-cgt-arm_20.2.7.LTS\lib\</path>
         <kind>archive</kind>
         <file>rtsv7M4_T_le_v4SPD16_eabi.lib</file>
         <name>_lock.c.obj</name>
      </input_file>
      <input_file id="fl-100">
         <path>C:\ti\ccs1250\ccs\tools\compiler\ti-cgt-arm_20.2.7.LTS\lib\</path>
         <kind>archive</kind>
         <file>rtsv7M4_T_le_v4SPD16_eabi.lib</file>
         <name>args_main.c.obj</name>
      </input_file>
   </input_file_list>
   <object_component_list>
      <object_component id="oc-12">
         <name>.intvecs</name>
         <load_address>0x0</load_address>
         <run_address>0x0</run_address>
         <size>0x26c</size>
         <input_file_ref idref="fl-3"/>
      </object_component>
      <object_component id="oc-7f">
         <name>.text</name>
         <load_address>0x26c</load_address>
         <run_address>0x26c</run_address>
         <size>0x2318</size>
         <input_file_ref idref="fl-7"/>
      </object_component>
      <object_component id="oc-202">
         <name>.text</name>
         <load_address>0x2584</load_address>
         <run_address>0x2584</run_address>
         <size>0xf74</size>
         <input_file_ref idref="fl-2a"/>
      </object_component>
      <object_component id="oc-140">
         <name>.text</name>
         <load_address>0x34f8</load_address>
         <run_address>0x34f8</run_address>
         <size>0xf1a</size>
         <input_file_ref idref="fl-6"/>
      </object_component>
      <object_component id="oc-256">
         <name>.text</name>
         <load_address>0x4412</load_address>
         <run_address>0x4412</run_address>
         <size>0x2</size>
         <input_file_ref idref="fl-fa"/>
      </object_component>
      <object_component id="oc-c2">
         <name>.text</name>
         <load_address>0x4414</load_address>
         <run_address>0x4414</run_address>
         <size>0xd00</size>
         <input_file_ref idref="fl-2"/>
      </object_component>
      <object_component id="oc-208">
         <name>.text</name>
         <load_address>0x5114</load_address>
         <run_address>0x5114</run_address>
         <size>0xc14</size>
         <input_file_ref idref="fl-1e"/>
      </object_component>
      <object_component id="oc-20f">
         <name>.text</name>
         <load_address>0x5d28</load_address>
         <run_address>0x5d28</run_address>
         <size>0x838</size>
         <input_file_ref idref="fl-11"/>
      </object_component>
      <object_component id="oc-de">
         <name>.text</name>
         <load_address>0x6560</load_address>
         <run_address>0x6560</run_address>
         <size>0x458</size>
         <input_file_ref idref="fl-b"/>
      </object_component>
      <object_component id="oc-266">
         <name>.text</name>
         <load_address>0x69b8</load_address>
         <run_address>0x69b8</run_address>
         <size>0x3b4</size>
         <input_file_ref idref="fl-21"/>
      </object_component>
      <object_component id="oc-32">
         <name>.text</name>
         <load_address>0x6d6c</load_address>
         <run_address>0x6d6c</run_address>
         <size>0x2b0</size>
         <input_file_ref idref="fl-9"/>
      </object_component>
      <object_component id="oc-14c">
         <name>.text</name>
         <load_address>0x701c</load_address>
         <run_address>0x701c</run_address>
         <size>0x210</size>
         <input_file_ref idref="fl-e"/>
      </object_component>
      <object_component id="oc-146">
         <name>.text</name>
         <load_address>0x722c</load_address>
         <run_address>0x722c</run_address>
         <size>0x1c8</size>
         <input_file_ref idref="fl-10"/>
      </object_component>
      <object_component id="oc-e4">
         <name>.text</name>
         <load_address>0x73f4</load_address>
         <run_address>0x73f4</run_address>
         <size>0x12a</size>
         <input_file_ref idref="fl-5"/>
      </object_component>
      <object_component id="oc-152">
         <name>.text</name>
         <load_address>0x7520</load_address>
         <run_address>0x7520</run_address>
         <size>0xec</size>
         <input_file_ref idref="fl-c"/>
      </object_component>
      <object_component id="oc-2d">
         <name>.text</name>
         <load_address>0x760c</load_address>
         <run_address>0x760c</run_address>
         <size>0xda</size>
         <input_file_ref idref="fl-a"/>
      </object_component>
      <object_component id="oc-46">
         <name>.text</name>
         <load_address>0x76e6</load_address>
         <run_address>0x76e6</run_address>
         <size>0x9c</size>
         <input_file_ref idref="fl-f2"/>
      </object_component>
      <object_component id="oc-25b">
         <name>.text</name>
         <load_address>0x7782</load_address>
         <run_address>0x7782</run_address>
         <size>0x96</size>
         <input_file_ref idref="fl-f5"/>
      </object_component>
      <object_component id="oc-158">
         <name>.text</name>
         <load_address>0x7818</load_address>
         <run_address>0x7818</run_address>
         <size>0x88</size>
         <input_file_ref idref="fl-d"/>
      </object_component>
      <object_component id="oc-b6">
         <name>.text</name>
         <load_address>0x78a0</load_address>
         <run_address>0x78a0</run_address>
         <size>0x7a</size>
         <input_file_ref idref="fl-f3"/>
      </object_component>
      <object_component id="oc-1fb">
         <name>.text</name>
         <load_address>0x791a</load_address>
         <run_address>0x791a</run_address>
         <size>0x6e</size>
         <input_file_ref idref="fl-f4"/>
      </object_component>
      <object_component id="oc-15">
         <name>.text:decompress:lzss:__TI_decompress_lzss</name>
         <load_address>0x7988</load_address>
         <run_address>0x7988</run_address>
         <size>0x68</size>
         <input_file_ref idref="fl-f8"/>
      </object_component>
      <object_component id="oc-f3">
         <name>.text</name>
         <load_address>0x79f0</load_address>
         <run_address>0x79f0</run_address>
         <size>0x54</size>
         <input_file_ref idref="fl-f"/>
      </object_component>
      <object_component id="oc-17d">
         <name>.text:__TI_auto_init_nobinit_nopinit:__TI_auto_init_nobinit_nopinit</name>
         <load_address>0x7a44</load_address>
         <run_address>0x7a44</run_address>
         <size>0x44</size>
         <input_file_ref idref="fl-fb"/>
      </object_component>
      <object_component id="oc-26c">
         <name>.text</name>
         <load_address>0x7a88</load_address>
         <run_address>0x7a88</run_address>
         <size>0x3e</size>
         <input_file_ref idref="fl-15"/>
      </object_component>
      <object_component id="oc-64">
         <name>.text:_c_int00_noargs:_c_int00_noargs</name>
         <load_address>0x7ac8</load_address>
         <run_address>0x7ac8</run_address>
         <size>0x34</size>
         <input_file_ref idref="fl-f9"/>
      </object_component>
      <object_component id="oc-1b">
         <name>.text:decompress:none:__TI_decompress_none</name>
         <load_address>0x7afc</load_address>
         <run_address>0x7afc</run_address>
         <size>0xe</size>
         <input_file_ref idref="fl-f7"/>
      </object_component>
      <object_component id="oc-58">
         <name>.text:decompress:ZI:__TI_zero_init</name>
         <load_address>0x7b0a</load_address>
         <run_address>0x7b0a</run_address>
         <size>0xc</size>
         <input_file_ref idref="fl-f6"/>
      </object_component>
      <object_component id="oc-27">
         <name>.text</name>
         <load_address>0x7b16</load_address>
         <run_address>0x7b16</run_address>
         <size>0xc</size>
         <input_file_ref idref="fl-3"/>
      </object_component>
      <object_component id="oc-27b">
         <name>.text:SysCtlDelay</name>
         <load_address>0x7b22</load_address>
         <run_address>0x7b22</run_address>
         <size>0x6</size>
         <input_file_ref idref="fl-2a"/>
      </object_component>
      <object_component id="oc-bc">
         <name>.text:_system_pre_init</name>
         <load_address>0x7b28</load_address>
         <run_address>0x7b28</run_address>
         <size>0x4</size>
         <input_file_ref idref="fl-fc"/>
      </object_component>
      <object_component id="oc-171">
         <name>.text:abort:abort</name>
         <load_address>0x7b2c</load_address>
         <run_address>0x7b2c</run_address>
         <size>0x4</size>
         <input_file_ref idref="fl-fe"/>
      </object_component>
      <object_component id="oc-278">
         <name>.const:g_pppui32XTALtoVCO</name>
         <load_address>0x7b30</load_address>
         <run_address>0x7b30</run_address>
         <size>0x1b0</size>
         <input_file_ref idref="fl-2a"/>
      </object_component>
      <object_component id="oc-286">
         <name>.const:g_ppui32GPIOIntMapSnowflake</name>
         <load_address>0x7ce0</load_address>
         <run_address>0x7ce0</run_address>
         <size>0xd8</size>
         <input_file_ref idref="fl-1e"/>
      </object_component>
      <object_component id="oc-283">
         <name>.const:g_ppui32GPIOIntMapBlizzard</name>
         <load_address>0x7db8</load_address>
         <run_address>0x7db8</run_address>
         <size>0xc0</size>
         <input_file_ref idref="fl-1e"/>
      </object_component>
      <object_component id="oc-2cc">
         <name>.const:g_pui32Regs</name>
         <load_address>0x7e78</load_address>
         <run_address>0x7e78</run_address>
         <size>0x9c</size>
         <input_file_ref idref="fl-21"/>
      </object_component>
      <object_component id="oc-289">
         <name>.const:g_pui32GPIOBaseAddrs</name>
         <load_address>0x7f14</load_address>
         <run_address>0x7f14</run_address>
         <size>0x90</size>
         <input_file_ref idref="fl-1e"/>
      </object_component>
      <object_component id="oc-272">
         <name>.const:g_pui32Xtals</name>
         <load_address>0x7fa4</load_address>
         <run_address>0x7fa4</run_address>
         <size>0x6c</size>
         <input_file_ref idref="fl-2a"/>
      </object_component>
      <object_component id="oc-263">
         <name>.const:g_sXTALtoMEMTIM</name>
         <load_address>0x8010</load_address>
         <run_address>0x8010</run_address>
         <size>0x30</size>
         <input_file_ref idref="fl-2a"/>
      </object_component>
      <object_component id="oc-2c9">
         <name>.const:g_pui32Priority</name>
         <load_address>0x8040</load_address>
         <run_address>0x8040</run_address>
         <size>0x20</size>
         <input_file_ref idref="fl-21"/>
      </object_component>
      <object_component id="oc-2d2">
         <name>.const:g_pui32Dii16Regs</name>
         <load_address>0x8060</load_address>
         <run_address>0x8060</run_address>
         <size>0x14</size>
         <input_file_ref idref="fl-21"/>
      </object_component>
      <object_component id="oc-2cf">
         <name>.const:g_pui32EnRegs</name>
         <load_address>0x8074</load_address>
         <run_address>0x8074</run_address>
         <size>0x14</size>
         <input_file_ref idref="fl-21"/>
      </object_component>
      <object_component id="oc-2d5">
         <name>.const:g_pui32PendRegs</name>
         <load_address>0x8088</load_address>
         <run_address>0x8088</run_address>
         <size>0x14</size>
         <input_file_ref idref="fl-21"/>
      </object_component>
      <object_component id="oc-2d8">
         <name>.const:g_pui32UnpendRegs</name>
         <load_address>0x809c</load_address>
         <run_address>0x809c</run_address>
         <size>0x14</size>
         <input_file_ref idref="fl-21"/>
      </object_component>
      <object_component id="oc-275">
         <name>.const:g_pui32VCOFrequencies</name>
         <load_address>0x80b0</load_address>
         <run_address>0x80b0</run_address>
         <size>0x8</size>
         <input_file_ref idref="fl-2a"/>
      </object_component>
      <object_component id="oc-7c">
         <name>.const</name>
         <load_address>0x80b8</load_address>
         <run_address>0x80b8</run_address>
         <size>0x8</size>
         <input_file_ref idref="fl-9"/>
      </object_component>
      <object_component id="oc-ff">
         <name>.const</name>
         <load_address>0x80c0</load_address>
         <run_address>0x80c0</run_address>
         <size>0x4</size>
         <input_file_ref idref="fl-7"/>
      </object_component>
      <object_component id="oc-341">
         <name>.cinit..data.load</name>
         <load_address>0x80c8</load_address>
         <run_address>0x80c8</run_address>
         <size>0x12</size>
      </object_component>
      <object_component id="oc-33e">
         <name>__TI_handler_table</name>
         <load_address>0x80dc</load_address>
         <run_address>0x80dc</run_address>
         <size>0xc</size>
      </object_component>
      <object_component id="oc-342">
         <name>.cinit..bss.load</name>
         <load_address>0x80e8</load_address>
         <run_address>0x80e8</run_address>
         <size>0x8</size>
      </object_component>
      <object_component id="oc-340">
         <name>.cinit..vtable.load</name>
         <load_address>0x80f0</load_address>
         <run_address>0x80f0</run_address>
         <size>0x8</size>
      </object_component>
      <object_component id="oc-33f">
         <name>__TI_cinit_table</name>
         <load_address>0x80f8</load_address>
         <run_address>0x80f8</run_address>
         <size>0x18</size>
      </object_component>
      <object_component id="oc-2c6">
         <name>.vtable</name>
         <uninitialized>true</uninitialized>
         <run_address>0x20000000</run_address>
         <size>0x26c</size>
         <input_file_ref idref="fl-21"/>
      </object_component>
      <object_component id="oc-161">
         <name>.data:SystemState</name>
         <load_address>0x20001644</load_address>
         <run_address>0x20001644</run_address>
         <size>0x6</size>
         <input_file_ref idref="fl-2"/>
      </object_component>
      <object_component id="oc-79">
         <name>.data</name>
         <load_address>0x200015f0</load_address>
         <run_address>0x200015f0</run_address>
         <size>0x34</size>
         <input_file_ref idref="fl-7"/>
      </object_component>
      <object_component id="oc-86">
         <name>.data</name>
         <load_address>0x20001638</load_address>
         <run_address>0x20001638</run_address>
         <size>0xc</size>
         <input_file_ref idref="fl-9"/>
      </object_component>
      <object_component id="oc-1ca">
         <name>.data</name>
         <load_address>0x20001624</load_address>
         <run_address>0x20001624</run_address>
         <size>0x14</size>
         <input_file_ref idref="fl-b"/>
      </object_component>
      <object_component id="oc-ea">
         <name>.bss:pxReadyTasksLists</name>
         <uninitialized>true</uninitialized>
         <run_address>0x2000126c</run_address>
         <size>0x64</size>
         <input_file_ref idref="fl-7"/>
      </object_component>
      <object_component id="oc-107">
         <name>.bss:xDelayedTaskList1</name>
         <uninitialized>true</uninitialized>
         <run_address>0x20001348</run_address>
         <size>0x14</size>
         <input_file_ref idref="fl-7"/>
      </object_component>
      <object_component id="oc-10a">
         <name>.bss:xDelayedTaskList2</name>
         <uninitialized>true</uninitialized>
         <run_address>0x2000135c</run_address>
         <size>0x14</size>
         <input_file_ref idref="fl-7"/>
      </object_component>
      <object_component id="oc-102">
         <name>.bss</name>
         <uninitialized>true</uninitialized>
         <run_address>0x200013b4</run_address>
         <size>0x8</size>
         <input_file_ref idref="fl-7"/>
      </object_component>
      <object_component id="oc-f9">
         <name>.bss:xPendingReadyList</name>
         <uninitialized>true</uninitialized>
         <run_address>0x20001370</run_address>
         <size>0x14</size>
         <input_file_ref idref="fl-7"/>
      </object_component>
      <object_component id="oc-ed">
         <name>.bss:xTasksWaitingTermination</name>
         <uninitialized>true</uninitialized>
         <run_address>0x20001398</run_address>
         <size>0x14</size>
         <input_file_ref idref="fl-7"/>
      </object_component>
      <object_component id="oc-f0">
         <name>.bss:xSuspendedTaskList</name>
         <uninitialized>true</uninitialized>
         <run_address>0x20001384</run_address>
         <size>0x14</size>
         <input_file_ref idref="fl-7"/>
      </object_component>
      <object_component id="oc-1d0">
         <name>.bss:ucHeap</name>
         <uninitialized>true</uninitialized>
         <run_address>0x2000026c</run_address>
         <size>0x1000</size>
         <input_file_ref idref="fl-b"/>
      </object_component>
      <object_component id="oc-1cd">
         <name>.bss:xStart</name>
         <uninitialized>true</uninitialized>
         <run_address>0x200013bc</run_address>
         <size>0x8</size>
         <input_file_ref idref="fl-b"/>
      </object_component>
      <object_component id="oc-28e">
         <name>.bss:g_pui8OversampleFactor</name>
         <uninitialized>true</uninitialized>
         <run_address>0x200013ac</run_address>
         <size>0x8</size>
         <input_file_ref idref="fl-11"/>
      </object_component>
      <object_component id="oc-160">
         <name>.common:vDisplaySystemStateTaskHandle</name>
         <uninitialized>true</uninitialized>
         <run_address>0x200013cc</run_address>
         <size>0x4</size>
      </object_component>
      <object_component id="oc-15f">
         <name>.common:vcpuLoadMeasurementTaskHandle</name>
         <uninitialized>true</uninitialized>
         <run_address>0x200013d8</run_address>
         <size>0x4</size>
      </object_component>
      <object_component id="oc-15e">
         <name>.common:vtasksTimeMeasurementTaskHandle</name>
         <uninitialized>true</uninitialized>
         <run_address>0x200013e4</run_address>
         <size>0x4</size>
      </object_component>
      <object_component id="oc-164">
         <name>.common:vSeat1AdjustHeaterHandle</name>
         <uninitialized>true</uninitialized>
         <run_address>0x200013d0</run_address>
         <size>0x4</size>
      </object_component>
      <object_component id="oc-165">
         <name>.common:vSeat2AdjustHeaterHandle</name>
         <uninitialized>true</uninitialized>
         <run_address>0x200013d4</run_address>
         <size>0x4</size>
      </object_component>
      <object_component id="oc-166">
         <name>.common:vgetSeat1CurrentTempTaskHandle</name>
         <uninitialized>true</uninitialized>
         <run_address>0x200013dc</run_address>
         <size>0x4</size>
      </object_component>
      <object_component id="oc-167">
         <name>.common:vgetSeat2CurrentTempTaskHandle</name>
         <uninitialized>true</uninitialized>
         <run_address>0x200013e0</run_address>
         <size>0x4</size>
      </object_component>
      <object_component id="oc-168">
         <name>.common:vCheckSeat1HeatingLevelChangeHandle</name>
         <uninitialized>true</uninitialized>
         <run_address>0x200013c4</run_address>
         <size>0x4</size>
      </object_component>
      <object_component id="oc-169">
         <name>.common:vCheckSeat2HeatingLevelChangeHandle</name>
         <uninitialized>true</uninitialized>
         <run_address>0x200013c8</run_address>
         <size>0x4</size>
      </object_component>
      <object_component id="oc-16a">
         <name>.common:xMutex</name>
         <uninitialized>true</uninitialized>
         <run_address>0x200013e8</run_address>
         <size>0x4</size>
      </object_component>
      <object_component id="oc-105">
         <name>.common:ullTasksOutTime</name>
         <uninitialized>true</uninitialized>
         <run_address>0x200012f8</run_address>
         <size>0x28</size>
      </object_component>
      <object_component id="oc-fc">
         <name>.common:ullTasksInTime</name>
         <uninitialized>true</uninitialized>
         <run_address>0x200012d0</run_address>
         <size>0x28</size>
      </object_component>
      <object_component id="oc-106">
         <name>.common:ullTasksTotalTime</name>
         <uninitialized>true</uninitialized>
         <run_address>0x20001320</run_address>
         <size>0x28</size>
      </object_component>
      <object_component id="oc-24">
         <name>.stack</name>
         <uninitialized>true</uninitialized>
         <run_address>0x200013f0</run_address>
         <size>0x4</size>
         <input_file_ref idref="fl-f9"/>
      </object_component>
      <object_component id="oc-344">
         <name>.stack</name>
         <uninitialized>true</uninitialized>
         <run_address>0x200013f0</run_address>
         <size>0x0</size>
      </object_component>
      <object_component id="oc-fd">
         <name>.debug_info</name>
         <load_address>0x0</load_address>
         <run_address>0x0</run_address>
         <size>0xdab</size>
         <input_file_ref idref="fl-2"/>
      </object_component>
      <object_component id="oc-162">
         <name>.debug_info</name>
         <load_address>0xdab</load_address>
         <run_address>0xdab</run_address>
         <size>0xf3</size>
         <input_file_ref idref="fl-2"/>
      </object_component>
      <object_component id="oc-c4">
         <name>.debug_info</name>
         <load_address>0xe9e</load_address>
         <run_address>0xe9e</run_address>
         <size>0x19a1</size>
         <input_file_ref idref="fl-2"/>
      </object_component>
      <object_component id="oc-11c">
         <name>.debug_info</name>
         <load_address>0x283f</load_address>
         <run_address>0x283f</run_address>
         <size>0x315</size>
         <input_file_ref idref="fl-2"/>
      </object_component>
      <object_component id="oc-16c">
         <name>.debug_info</name>
         <load_address>0x2b54</load_address>
         <run_address>0x2b54</run_address>
         <size>0x12c</size>
         <input_file_ref idref="fl-2"/>
      </object_component>
      <object_component id="oc-9c">
         <name>.debug_info</name>
         <load_address>0x2c80</load_address>
         <run_address>0x2c80</run_address>
         <size>0x26b</size>
         <input_file_ref idref="fl-2"/>
      </object_component>
      <object_component id="oc-126">
         <name>.debug_info</name>
         <load_address>0x2eeb</load_address>
         <run_address>0x2eeb</run_address>
         <size>0x3f8</size>
         <input_file_ref idref="fl-2"/>
      </object_component>
      <object_component id="oc-1e2">
         <name>.debug_info</name>
         <load_address>0x32e3</load_address>
         <run_address>0x32e3</run_address>
         <size>0x4f</size>
         <input_file_ref idref="fl-2"/>
      </object_component>
      <object_component id="oc-1e7">
         <name>.debug_info</name>
         <load_address>0x3332</load_address>
         <run_address>0x3332</run_address>
         <size>0x2c</size>
         <input_file_ref idref="fl-2"/>
      </object_component>
      <object_component id="oc-41">
         <name>.debug_info</name>
         <load_address>0x335e</load_address>
         <run_address>0x335e</run_address>
         <size>0x84</size>
         <input_file_ref idref="fl-2"/>
      </object_component>
      <object_component id="oc-8b">
         <name>.debug_info</name>
         <load_address>0x33e2</load_address>
         <run_address>0x33e2</run_address>
         <size>0x2c</size>
         <input_file_ref idref="fl-2"/>
      </object_component>
      <object_component id="oc-12b">
         <name>.debug_info</name>
         <load_address>0x340e</load_address>
         <run_address>0x340e</run_address>
         <size>0x2a4</size>
         <input_file_ref idref="fl-2"/>
      </object_component>
      <object_component id="oc-27d">
         <name>.debug_info</name>
         <load_address>0x36b2</load_address>
         <run_address>0x36b2</run_address>
         <size>0xef</size>
         <input_file_ref idref="fl-2"/>
      </object_component>
      <object_component id="oc-95">
         <name>.debug_info</name>
         <load_address>0x37a1</load_address>
         <run_address>0x37a1</run_address>
         <size>0xbb</size>
         <input_file_ref idref="fl-2"/>
      </object_component>
      <object_component id="oc-10e">
         <name>.debug_info</name>
         <load_address>0x385c</load_address>
         <run_address>0x385c</run_address>
         <size>0xae</size>
         <input_file_ref idref="fl-2"/>
      </object_component>
      <object_component id="oc-117">
         <name>.debug_info</name>
         <load_address>0x390a</load_address>
         <run_address>0x390a</run_address>
         <size>0x53</size>
         <input_file_ref idref="fl-2"/>
      </object_component>
      <object_component id="oc-90">
         <name>.debug_info</name>
         <load_address>0x395d</load_address>
         <run_address>0x395d</run_address>
         <size>0x53</size>
         <input_file_ref idref="fl-2"/>
      </object_component>
      <object_component id="oc-121">
         <name>.debug_info</name>
         <load_address>0x39b0</load_address>
         <run_address>0x39b0</run_address>
         <size>0x14c</size>
         <input_file_ref idref="fl-2"/>
      </object_component>
      <object_component id="oc-3a">
         <name>.debug_info</name>
         <load_address>0x3afc</load_address>
         <run_address>0x3afc</run_address>
         <size>0x34a</size>
         <input_file_ref idref="fl-3"/>
      </object_component>
      <object_component id="oc-13">
         <name>.debug_info</name>
         <load_address>0x3e46</load_address>
         <run_address>0x3e46</run_address>
         <size>0x109</size>
         <input_file_ref idref="fl-3"/>
      </object_component>
      <object_component id="oc-28">
         <name>.debug_info</name>
         <load_address>0x3f4f</load_address>
         <run_address>0x3f4f</run_address>
         <size>0x285</size>
         <input_file_ref idref="fl-3"/>
      </object_component>
      <object_component id="oc-23a">
         <name>.debug_info</name>
         <load_address>0x41d4</load_address>
         <run_address>0x41d4</run_address>
         <size>0x66b</size>
         <input_file_ref idref="fl-4"/>
      </object_component>
      <object_component id="oc-1b6">
         <name>.debug_info</name>
         <load_address>0x483f</load_address>
         <run_address>0x483f</run_address>
         <size>0x110</size>
         <input_file_ref idref="fl-4"/>
      </object_component>
      <object_component id="oc-1c5">
         <name>.debug_info</name>
         <load_address>0x494f</load_address>
         <run_address>0x494f</run_address>
         <size>0x3f8</size>
         <input_file_ref idref="fl-4"/>
      </object_component>
      <object_component id="oc-2b8">
         <name>.debug_info</name>
         <load_address>0x4d47</load_address>
         <run_address>0x4d47</run_address>
         <size>0x62</size>
         <input_file_ref idref="fl-4"/>
      </object_component>
      <object_component id="oc-2bd">
         <name>.debug_info</name>
         <load_address>0x4da9</load_address>
         <run_address>0x4da9</run_address>
         <size>0x39</size>
         <input_file_ref idref="fl-4"/>
      </object_component>
      <object_component id="oc-248">
         <name>.debug_info</name>
         <load_address>0x4de2</load_address>
         <run_address>0x4de2</run_address>
         <size>0x109</size>
         <input_file_ref idref="fl-4"/>
      </object_component>
      <object_component id="oc-1b1">
         <name>.debug_info</name>
         <load_address>0x4eeb</load_address>
         <run_address>0x4eeb</run_address>
         <size>0x4f</size>
         <input_file_ref idref="fl-4"/>
      </object_component>
      <object_component id="oc-1d6">
         <name>.debug_info</name>
         <load_address>0x4f3a</load_address>
         <run_address>0x4f3a</run_address>
         <size>0x3a2</size>
         <input_file_ref idref="fl-5"/>
      </object_component>
      <object_component id="oc-e6">
         <name>.debug_info</name>
         <load_address>0x52dc</load_address>
         <run_address>0x52dc</run_address>
         <size>0x512</size>
         <input_file_ref idref="fl-5"/>
      </object_component>
      <object_component id="oc-1fa">
         <name>.debug_info</name>
         <load_address>0x57ee</load_address>
         <run_address>0x57ee</run_address>
         <size>0x874</size>
         <input_file_ref idref="fl-6"/>
      </object_component>
      <object_component id="oc-141">
         <name>.debug_info</name>
         <load_address>0x6062</load_address>
         <run_address>0x6062</run_address>
         <size>0x2fbd</size>
         <input_file_ref idref="fl-6"/>
      </object_component>
      <object_component id="oc-251">
         <name>.debug_info</name>
         <load_address>0x901f</load_address>
         <run_address>0x901f</run_address>
         <size>0x1c7</size>
         <input_file_ref idref="fl-6"/>
      </object_component>
      <object_component id="oc-1f5">
         <name>.debug_info</name>
         <load_address>0x91e6</load_address>
         <run_address>0x91e6</run_address>
         <size>0x46</size>
         <input_file_ref idref="fl-6"/>
      </object_component>
      <object_component id="oc-1bb">
         <name>.debug_info</name>
         <load_address>0x922c</load_address>
         <run_address>0x922c</run_address>
         <size>0x35</size>
         <input_file_ref idref="fl-6"/>
      </object_component>
      <object_component id="oc-d6">
         <name>.debug_info</name>
         <load_address>0x9261</load_address>
         <run_address>0x9261</run_address>
         <size>0x882</size>
         <input_file_ref idref="fl-7"/>
      </object_component>
      <object_component id="oc-7a">
         <name>.debug_info</name>
         <load_address>0x9ae3</load_address>
         <run_address>0x9ae3</run_address>
         <size>0x367</size>
         <input_file_ref idref="fl-7"/>
      </object_component>
      <object_component id="oc-eb">
         <name>.debug_info</name>
         <load_address>0x9e4a</load_address>
         <run_address>0x9e4a</run_address>
         <size>0x110</size>
         <input_file_ref idref="fl-7"/>
      </object_component>
      <object_component id="oc-108">
         <name>.debug_info</name>
         <load_address>0x9f5a</load_address>
         <run_address>0x9f5a</run_address>
         <size>0x110</size>
         <input_file_ref idref="fl-7"/>
      </object_component>
      <object_component id="oc-10b">
         <name>.debug_info</name>
         <load_address>0xa06a</load_address>
         <run_address>0xa06a</run_address>
         <size>0x110</size>
         <input_file_ref idref="fl-7"/>
      </object_component>
      <object_component id="oc-103">
         <name>.debug_info</name>
         <load_address>0xa17a</load_address>
         <run_address>0xa17a</run_address>
         <size>0x153</size>
         <input_file_ref idref="fl-7"/>
      </object_component>
      <object_component id="oc-fa">
         <name>.debug_info</name>
         <load_address>0xa2cd</load_address>
         <run_address>0xa2cd</run_address>
         <size>0x110</size>
         <input_file_ref idref="fl-7"/>
      </object_component>
      <object_component id="oc-ee">
         <name>.debug_info</name>
         <load_address>0xa3dd</load_address>
         <run_address>0xa3dd</run_address>
         <size>0x11e</size>
         <input_file_ref idref="fl-7"/>
      </object_component>
      <object_component id="oc-f1">
         <name>.debug_info</name>
         <load_address>0xa4fb</load_address>
         <run_address>0xa4fb</run_address>
         <size>0x112</size>
         <input_file_ref idref="fl-7"/>
      </object_component>
      <object_component id="oc-100">
         <name>.debug_info</name>
         <load_address>0xa60d</load_address>
         <run_address>0xa60d</run_address>
         <size>0x111</size>
         <input_file_ref idref="fl-7"/>
      </object_component>
      <object_component id="oc-82">
         <name>.debug_info</name>
         <load_address>0xa71e</load_address>
         <run_address>0xa71e</run_address>
         <size>0x4edf</size>
         <input_file_ref idref="fl-7"/>
      </object_component>
      <object_component id="oc-d7">
         <name>.debug_info</name>
         <load_address>0xf5fd</load_address>
         <run_address>0xf5fd</run_address>
         <size>0x30c</size>
         <input_file_ref idref="fl-7"/>
      </object_component>
      <object_component id="oc-1c0">
         <name>.debug_info</name>
         <load_address>0xf909</load_address>
         <run_address>0xf909</run_address>
         <size>0x130</size>
         <input_file_ref idref="fl-7"/>
      </object_component>
      <object_component id="oc-8a">
         <name>.debug_info</name>
         <load_address>0xfa39</load_address>
         <run_address>0xfa39</run_address>
         <size>0x489</size>
         <input_file_ref idref="fl-9"/>
      </object_component>
      <object_component id="oc-7d">
         <name>.debug_info</name>
         <load_address>0xfec2</load_address>
         <run_address>0xfec2</run_address>
         <size>0x185</size>
         <input_file_ref idref="fl-9"/>
      </object_component>
      <object_component id="oc-87">
         <name>.debug_info</name>
         <load_address>0x10047</load_address>
         <run_address>0x10047</run_address>
         <size>0x190</size>
         <input_file_ref idref="fl-9"/>
      </object_component>
      <object_component id="oc-35">
         <name>.debug_info</name>
         <load_address>0x101d7</load_address>
         <run_address>0x101d7</run_address>
         <size>0x91c</size>
         <input_file_ref idref="fl-9"/>
      </object_component>
      <object_component id="oc-2e">
         <name>.debug_info</name>
         <load_address>0x10af3</load_address>
         <run_address>0x10af3</run_address>
         <size>0x272</size>
         <input_file_ref idref="fl-a"/>
      </object_component>
      <object_component id="oc-1d4">
         <name>.debug_info</name>
         <load_address>0x10d65</load_address>
         <run_address>0x10d65</run_address>
         <size>0x4d5</size>
         <input_file_ref idref="fl-b"/>
      </object_component>
      <object_component id="oc-1d1">
         <name>.debug_info</name>
         <load_address>0x1123a</load_address>
         <run_address>0x1123a</run_address>
         <size>0x10b</size>
         <input_file_ref idref="fl-b"/>
      </object_component>
      <object_component id="oc-1ce">
         <name>.debug_info</name>
         <load_address>0x11345</load_address>
         <run_address>0x11345</run_address>
         <size>0x10b</size>
         <input_file_ref idref="fl-b"/>
      </object_component>
      <object_component id="oc-1cb">
         <name>.debug_info</name>
         <load_address>0x11450</load_address>
         <run_address>0x11450</run_address>
         <size>0x217</size>
         <input_file_ref idref="fl-b"/>
      </object_component>
      <object_component id="oc-e1">
         <name>.debug_info</name>
         <load_address>0x11667</load_address>
         <run_address>0x11667</run_address>
         <size>0xb05</size>
         <input_file_ref idref="fl-b"/>
      </object_component>
      <object_component id="oc-23f">
         <name>.debug_info</name>
         <load_address>0x1216c</load_address>
         <run_address>0x1216c</run_address>
         <size>0x62</size>
         <input_file_ref idref="fl-b"/>
      </object_component>
      <object_component id="oc-216">
         <name>.debug_info</name>
         <load_address>0x121ce</load_address>
         <run_address>0x121ce</run_address>
         <size>0x4c6</size>
         <input_file_ref idref="fl-c"/>
      </object_component>
      <object_component id="oc-154">
         <name>.debug_info</name>
         <load_address>0x12694</load_address>
         <run_address>0x12694</run_address>
         <size>0x4b3</size>
         <input_file_ref idref="fl-c"/>
      </object_component>
      <object_component id="oc-159">
         <name>.debug_info</name>
         <load_address>0x12b47</load_address>
         <run_address>0x12b47</run_address>
         <size>0x48f</size>
         <input_file_ref idref="fl-d"/>
      </object_component>
      <object_component id="oc-14e">
         <name>.debug_info</name>
         <load_address>0x12fd6</load_address>
         <run_address>0x12fd6</run_address>
         <size>0x7aa</size>
         <input_file_ref idref="fl-e"/>
      </object_component>
      <object_component id="oc-f4">
         <name>.debug_info</name>
         <load_address>0x13780</load_address>
         <run_address>0x13780</run_address>
         <size>0x1b0</size>
         <input_file_ref idref="fl-f"/>
      </object_component>
      <object_component id="oc-201">
         <name>.debug_info</name>
         <load_address>0x13930</load_address>
         <run_address>0x13930</run_address>
         <size>0x28a</size>
         <input_file_ref idref="fl-10"/>
      </object_component>
      <object_component id="oc-14a">
         <name>.debug_info</name>
         <load_address>0x13bba</load_address>
         <run_address>0x13bba</run_address>
         <size>0x48a</size>
         <input_file_ref idref="fl-10"/>
      </object_component>
      <object_component id="oc-292">
         <name>.debug_info</name>
         <load_address>0x14044</load_address>
         <run_address>0x14044</run_address>
         <size>0x350</size>
         <input_file_ref idref="fl-11"/>
      </object_component>
      <object_component id="oc-28f">
         <name>.debug_info</name>
         <load_address>0x14394</load_address>
         <run_address>0x14394</run_address>
         <size>0x111</size>
         <input_file_ref idref="fl-11"/>
      </object_component>
      <object_component id="oc-211">
         <name>.debug_info</name>
         <load_address>0x144a5</load_address>
         <run_address>0x144a5</run_address>
         <size>0x2b65</size>
         <input_file_ref idref="fl-11"/>
      </object_component>
      <object_component id="oc-26e">
         <name>.debug_info</name>
         <load_address>0x1700a</load_address>
         <run_address>0x1700a</run_address>
         <size>0x356</size>
         <input_file_ref idref="fl-15"/>
      </object_component>
      <object_component id="oc-28d">
         <name>.debug_info</name>
         <load_address>0x17360</load_address>
         <run_address>0x17360</run_address>
         <size>0x37a</size>
         <input_file_ref idref="fl-1e"/>
      </object_component>
      <object_component id="oc-284">
         <name>.debug_info</name>
         <load_address>0x176da</load_address>
         <run_address>0x176da</run_address>
         <size>0x11a</size>
         <input_file_ref idref="fl-1e"/>
      </object_component>
      <object_component id="oc-287">
         <name>.debug_info</name>
         <load_address>0x177f4</load_address>
         <run_address>0x177f4</run_address>
         <size>0x11c</size>
         <input_file_ref idref="fl-1e"/>
      </object_component>
      <object_component id="oc-28a">
         <name>.debug_info</name>
         <load_address>0x17910</load_address>
         <run_address>0x17910</run_address>
         <size>0x10e</size>
         <input_file_ref idref="fl-1e"/>
      </object_component>
      <object_component id="oc-209">
         <name>.debug_info</name>
         <load_address>0x17a1e</load_address>
         <run_address>0x17a1e</run_address>
         <size>0x3203</size>
         <input_file_ref idref="fl-1e"/>
      </object_component>
      <object_component id="oc-2dc">
         <name>.debug_info</name>
         <load_address>0x1ac21</load_address>
         <run_address>0x1ac21</run_address>
         <size>0x357</size>
         <input_file_ref idref="fl-21"/>
      </object_component>
      <object_component id="oc-2ca">
         <name>.debug_info</name>
         <load_address>0x1af78</load_address>
         <run_address>0x1af78</run_address>
         <size>0x109</size>
         <input_file_ref idref="fl-21"/>
      </object_component>
      <object_component id="oc-2cd">
         <name>.debug_info</name>
         <load_address>0x1b081</load_address>
         <run_address>0x1b081</run_address>
         <size>0x101</size>
         <input_file_ref idref="fl-21"/>
      </object_component>
      <object_component id="oc-2d0">
         <name>.debug_info</name>
         <load_address>0x1b182</load_address>
         <run_address>0x1b182</run_address>
         <size>0x105</size>
         <input_file_ref idref="fl-21"/>
      </object_component>
      <object_component id="oc-2d3">
         <name>.debug_info</name>
         <load_address>0x1b287</load_address>
         <run_address>0x1b287</run_address>
         <size>0x10b</size>
         <input_file_ref idref="fl-21"/>
      </object_component>
      <object_component id="oc-2d6">
         <name>.debug_info</name>
         <load_address>0x1b392</load_address>
         <run_address>0x1b392</run_address>
         <size>0x109</size>
         <input_file_ref idref="fl-21"/>
      </object_component>
      <object_component id="oc-2d9">
         <name>.debug_info</name>
         <load_address>0x1b49b</load_address>
         <run_address>0x1b49b</run_address>
         <size>0x10d</size>
         <input_file_ref idref="fl-21"/>
      </object_component>
      <object_component id="oc-2c7">
         <name>.debug_info</name>
         <load_address>0x1b5a8</load_address>
         <run_address>0x1b5a8</run_address>
         <size>0x10a</size>
         <input_file_ref idref="fl-21"/>
      </object_component>
      <object_component id="oc-267">
         <name>.debug_info</name>
         <load_address>0x1b6b2</load_address>
         <run_address>0x1b6b2</run_address>
         <size>0xd0a</size>
         <input_file_ref idref="fl-21"/>
      </object_component>
      <object_component id="oc-282">
         <name>.debug_info</name>
         <load_address>0x1c3bc</load_address>
         <run_address>0x1c3bc</run_address>
         <size>0x3dc</size>
         <input_file_ref idref="fl-2a"/>
      </object_component>
      <object_component id="oc-273">
         <name>.debug_info</name>
         <load_address>0x1c798</load_address>
         <run_address>0x1c798</run_address>
         <size>0x100</size>
         <input_file_ref idref="fl-2a"/>
      </object_component>
      <object_component id="oc-279">
         <name>.debug_info</name>
         <load_address>0x1c898</load_address>
         <run_address>0x1c898</run_address>
         <size>0x10c</size>
         <input_file_ref idref="fl-2a"/>
      </object_component>
      <object_component id="oc-264">
         <name>.debug_info</name>
         <load_address>0x1c9a4</load_address>
         <run_address>0x1c9a4</run_address>
         <size>0x106</size>
         <input_file_ref idref="fl-2a"/>
      </object_component>
      <object_component id="oc-276">
         <name>.debug_info</name>
         <load_address>0x1caaa</load_address>
         <run_address>0x1caaa</run_address>
         <size>0x113</size>
         <input_file_ref idref="fl-2a"/>
      </object_component>
      <object_component id="oc-205">
         <name>.debug_info</name>
         <load_address>0x1cbbd</load_address>
         <run_address>0x1cbbd</run_address>
         <size>0x2b50</size>
         <input_file_ref idref="fl-2a"/>
      </object_component>
      <object_component id="oc-2e6">
         <name>.debug_info</name>
         <load_address>0x1f70d</load_address>
         <run_address>0x1f70d</run_address>
         <size>0x51</size>
         <input_file_ref idref="fl-2a"/>
      </object_component>
      <object_component id="oc-47">
         <name>.debug_info</name>
         <load_address>0x1f75e</load_address>
         <run_address>0x1f75e</run_address>
         <size>0x119</size>
         <input_file_ref idref="fl-f2"/>
      </object_component>
      <object_component id="oc-b7">
         <name>.debug_info</name>
         <load_address>0x1f877</load_address>
         <run_address>0x1f877</run_address>
         <size>0x147</size>
         <input_file_ref idref="fl-f3"/>
      </object_component>
      <object_component id="oc-1fc">
         <name>.debug_info</name>
         <load_address>0x1f9be</load_address>
         <run_address>0x1f9be</run_address>
         <size>0x13f</size>
         <input_file_ref idref="fl-f4"/>
      </object_component>
      <object_component id="oc-25e">
         <name>.debug_info</name>
         <load_address>0x1fafd</load_address>
         <run_address>0x1fafd</run_address>
         <size>0x134</size>
         <input_file_ref idref="fl-f5"/>
      </object_component>
      <object_component id="oc-b5">
         <name>.debug_info</name>
         <load_address>0x1fc31</load_address>
         <run_address>0x1fc31</run_address>
         <size>0x2d4</size>
         <input_file_ref idref="fl-f6"/>
      </object_component>
      <object_component id="oc-5c">
         <name>.debug_info</name>
         <load_address>0x1ff05</load_address>
         <run_address>0x1ff05</run_address>
         <size>0x1b5</size>
         <input_file_ref idref="fl-f6"/>
      </object_component>
      <object_component id="oc-b0">
         <name>.debug_info</name>
         <load_address>0x200ba</load_address>
         <run_address>0x200ba</run_address>
         <size>0x46</size>
         <input_file_ref idref="fl-f6"/>
      </object_component>
      <object_component id="oc-137">
         <name>.debug_info</name>
         <load_address>0x20100</load_address>
         <run_address>0x20100</run_address>
         <size>0x2c</size>
         <input_file_ref idref="fl-f6"/>
      </object_component>
      <object_component id="oc-51">
         <name>.debug_info</name>
         <load_address>0x2012c</load_address>
         <run_address>0x2012c</run_address>
         <size>0x2a8</size>
         <input_file_ref idref="fl-f7"/>
      </object_component>
      <object_component id="oc-1e">
         <name>.debug_info</name>
         <load_address>0x203d4</load_address>
         <run_address>0x203d4</run_address>
         <size>0x1ea</size>
         <input_file_ref idref="fl-f7"/>
      </object_component>
      <object_component id="oc-4c">
         <name>.debug_info</name>
         <load_address>0x205be</load_address>
         <run_address>0x205be</run_address>
         <size>0x46</size>
         <input_file_ref idref="fl-f7"/>
      </object_component>
      <object_component id="oc-a8">
         <name>.debug_info</name>
         <load_address>0x20604</load_address>
         <run_address>0x20604</run_address>
         <size>0x2c</size>
         <input_file_ref idref="fl-f7"/>
      </object_component>
      <object_component id="oc-a6">
         <name>.debug_info</name>
         <load_address>0x20630</load_address>
         <run_address>0x20630</run_address>
         <size>0x29e</size>
         <input_file_ref idref="fl-f8"/>
      </object_component>
      <object_component id="oc-18">
         <name>.debug_info</name>
         <load_address>0x208ce</load_address>
         <run_address>0x208ce</run_address>
         <size>0x250</size>
         <input_file_ref idref="fl-f8"/>
      </object_component>
      <object_component id="oc-3c">
         <name>.debug_info</name>
         <load_address>0x20b1e</load_address>
         <run_address>0x20b1e</run_address>
         <size>0x60</size>
         <input_file_ref idref="fl-f8"/>
      </object_component>
      <object_component id="oc-130">
         <name>.debug_info</name>
         <load_address>0x20b7e</load_address>
         <run_address>0x20b7e</run_address>
         <size>0x46</size>
         <input_file_ref idref="fl-f8"/>
      </object_component>
      <object_component id="oc-a1">
         <name>.debug_info</name>
         <load_address>0x20bc4</load_address>
         <run_address>0x20bc4</run_address>
         <size>0x39</size>
         <input_file_ref idref="fl-f8"/>
      </object_component>
      <object_component id="oc-25">
         <name>.debug_info</name>
         <load_address>0x20bfd</load_address>
         <run_address>0x20bfd</run_address>
         <size>0x10b</size>
         <input_file_ref idref="fl-f9"/>
      </object_component>
      <object_component id="oc-65">
         <name>.debug_info</name>
         <load_address>0x20d08</load_address>
         <run_address>0x20d08</run_address>
         <size>0x1a9</size>
         <input_file_ref idref="fl-f9"/>
      </object_component>
      <object_component id="oc-257">
         <name>.debug_info</name>
         <load_address>0x20eb1</load_address>
         <run_address>0x20eb1</run_address>
         <size>0x115</size>
         <input_file_ref idref="fl-fa"/>
      </object_component>
      <object_component id="oc-225">
         <name>.debug_info</name>
         <load_address>0x20fc6</load_address>
         <run_address>0x20fc6</run_address>
         <size>0x4b3</size>
         <input_file_ref idref="fl-fb"/>
      </object_component>
      <object_component id="oc-17f">
         <name>.debug_info</name>
         <load_address>0x21479</load_address>
         <run_address>0x21479</run_address>
         <size>0x1a6</size>
         <input_file_ref idref="fl-fb"/>
      </object_component>
      <object_component id="oc-2a5">
         <name>.debug_info</name>
         <load_address>0x2161f</load_address>
         <run_address>0x2161f</run_address>
         <size>0x39</size>
         <input_file_ref idref="fl-fb"/>
      </object_component>
      <object_component id="oc-2f9">
         <name>.debug_info</name>
         <load_address>0x21658</load_address>
         <run_address>0x21658</run_address>
         <size>0x39</size>
         <input_file_ref idref="fl-fb"/>
      </object_component>
      <object_component id="oc-2aa">
         <name>.debug_info</name>
         <load_address>0x21691</load_address>
         <run_address>0x21691</run_address>
         <size>0x39</size>
         <input_file_ref idref="fl-fb"/>
      </object_component>
      <object_component id="oc-2af">
         <name>.debug_info</name>
         <load_address>0x216ca</load_address>
         <run_address>0x216ca</run_address>
         <size>0xcd</size>
         <input_file_ref idref="fl-fb"/>
      </object_component>
      <object_component id="oc-bd">
         <name>.debug_info</name>
         <load_address>0x21797</load_address>
         <run_address>0x21797</run_address>
         <size>0x153</size>
         <input_file_ref idref="fl-fc"/>
      </object_component>
      <object_component id="oc-172">
         <name>.debug_info</name>
         <load_address>0x218ea</load_address>
         <run_address>0x218ea</run_address>
         <size>0x122</size>
         <input_file_ref idref="fl-fe"/>
      </object_component>
      <object_component id="oc-345">
         <name>.debug_info</name>
         <load_address>0x21a0c</load_address>
         <run_address>0x21a0c</run_address>
         <size>0xbc</size>
      </object_component>
      <object_component id="oc-1e1">
         <name>.debug_line</name>
         <load_address>0x0</load_address>
         <run_address>0x0</run_address>
         <size>0x307</size>
         <input_file_ref idref="fl-2"/>
      </object_component>
      <object_component id="oc-219">
         <name>.debug_line</name>
         <load_address>0x307</load_address>
         <run_address>0x307</run_address>
         <size>0x2d</size>
         <input_file_ref idref="fl-2"/>
      </object_component>
      <object_component id="oc-c3">
         <name>.debug_line</name>
         <load_address>0x334</load_address>
         <run_address>0x334</run_address>
         <size>0x2e0</size>
         <input_file_ref idref="fl-2"/>
      </object_component>
      <object_component id="oc-11f">
         <name>.debug_line</name>
         <load_address>0x614</load_address>
         <run_address>0x614</run_address>
         <size>0x8a</size>
         <input_file_ref idref="fl-2"/>
      </object_component>
      <object_component id="oc-16f">
         <name>.debug_line</name>
         <load_address>0x69e</load_address>
         <run_address>0x69e</run_address>
         <size>0x31</size>
         <input_file_ref idref="fl-2"/>
      </object_component>
      <object_component id="oc-9f">
         <name>.debug_line</name>
         <load_address>0x6cf</load_address>
         <run_address>0x6cf</run_address>
         <size>0x6f</size>
         <input_file_ref idref="fl-2"/>
      </object_component>
      <object_component id="oc-129">
         <name>.debug_line</name>
         <load_address>0x73e</load_address>
         <run_address>0x73e</run_address>
         <size>0x8e</size>
         <input_file_ref idref="fl-2"/>
      </object_component>
      <object_component id="oc-1e5">
         <name>.debug_line</name>
         <load_address>0x7cc</load_address>
         <run_address>0x7cc</run_address>
         <size>0x8b</size>
         <input_file_ref idref="fl-2"/>
      </object_component>
      <object_component id="oc-1ea">
         <name>.debug_line</name>
         <load_address>0x857</load_address>
         <run_address>0x857</run_address>
         <size>0x8c</size>
         <input_file_ref idref="fl-2"/>
      </object_component>
      <object_component id="oc-44">
         <name>.debug_line</name>
         <load_address>0x8e3</load_address>
         <run_address>0x8e3</run_address>
         <size>0x20</size>
         <input_file_ref idref="fl-2"/>
      </object_component>
      <object_component id="oc-8e">
         <name>.debug_line</name>
         <load_address>0x903</load_address>
         <run_address>0x903</run_address>
         <size>0x8e</size>
         <input_file_ref idref="fl-2"/>
      </object_component>
      <object_component id="oc-12e">
         <name>.debug_line</name>
         <load_address>0x991</load_address>
         <run_address>0x991</run_address>
         <size>0x73</size>
         <input_file_ref idref="fl-2"/>
      </object_component>
      <object_component id="oc-280">
         <name>.debug_line</name>
         <load_address>0xa04</load_address>
         <run_address>0xa04</run_address>
         <size>0x6f</size>
         <input_file_ref idref="fl-2"/>
      </object_component>
      <object_component id="oc-98">
         <name>.debug_line</name>
         <load_address>0xa73</load_address>
         <run_address>0xa73</run_address>
         <size>0x70</size>
         <input_file_ref idref="fl-2"/>
      </object_component>
      <object_component id="oc-111">
         <name>.debug_line</name>
         <load_address>0xae3</load_address>
         <run_address>0xae3</run_address>
         <size>0x7e</size>
         <input_file_ref idref="fl-2"/>
      </object_component>
      <object_component id="oc-11a">
         <name>.debug_line</name>
         <load_address>0xb61</load_address>
         <run_address>0xb61</run_address>
         <size>0x6b</size>
         <input_file_ref idref="fl-2"/>
      </object_component>
      <object_component id="oc-93">
         <name>.debug_line</name>
         <load_address>0xbcc</load_address>
         <run_address>0xbcc</run_address>
         <size>0x9d</size>
         <input_file_ref idref="fl-2"/>
      </object_component>
      <object_component id="oc-124">
         <name>.debug_line</name>
         <load_address>0xc69</load_address>
         <run_address>0xc69</run_address>
         <size>0x8a</size>
         <input_file_ref idref="fl-2"/>
      </object_component>
      <object_component id="oc-9b">
         <name>.debug_line</name>
         <load_address>0xcf3</load_address>
         <run_address>0xcf3</run_address>
         <size>0x41</size>
         <input_file_ref idref="fl-3"/>
      </object_component>
      <object_component id="oc-39">
         <name>.debug_line</name>
         <load_address>0xd34</load_address>
         <run_address>0xd34</run_address>
         <size>0x41</size>
         <input_file_ref idref="fl-3"/>
      </object_component>
      <object_component id="oc-2b">
         <name>.debug_line</name>
         <load_address>0xd75</load_address>
         <run_address>0xd75</run_address>
         <size>0xa1</size>
         <input_file_ref idref="fl-3"/>
      </object_component>
      <object_component id="oc-2b7">
         <name>.debug_line</name>
         <load_address>0xe16</load_address>
         <run_address>0xe16</run_address>
         <size>0x1df</size>
         <input_file_ref idref="fl-4"/>
      </object_component>
      <object_component id="oc-1b9">
         <name>.debug_line</name>
         <load_address>0xff5</load_address>
         <run_address>0xff5</run_address>
         <size>0x6b</size>
         <input_file_ref idref="fl-4"/>
      </object_component>
      <object_component id="oc-1c8">
         <name>.debug_line</name>
         <load_address>0x1060</load_address>
         <run_address>0x1060</run_address>
         <size>0x8e</size>
         <input_file_ref idref="fl-4"/>
      </object_component>
      <object_component id="oc-2bb">
         <name>.debug_line</name>
         <load_address>0x10ee</load_address>
         <run_address>0x10ee</run_address>
         <size>0x45</size>
         <input_file_ref idref="fl-4"/>
      </object_component>
      <object_component id="oc-2c0">
         <name>.debug_line</name>
         <load_address>0x1133</load_address>
         <run_address>0x1133</run_address>
         <size>0x92</size>
         <input_file_ref idref="fl-4"/>
      </object_component>
      <object_component id="oc-24b">
         <name>.debug_line</name>
         <load_address>0x11c5</load_address>
         <run_address>0x11c5</run_address>
         <size>0x8e</size>
         <input_file_ref idref="fl-4"/>
      </object_component>
      <object_component id="oc-1b4">
         <name>.debug_line</name>
         <load_address>0x1253</load_address>
         <run_address>0x1253</run_address>
         <size>0x8c</size>
         <input_file_ref idref="fl-4"/>
      </object_component>
      <object_component id="oc-24e">
         <name>.debug_line</name>
         <load_address>0x12df</load_address>
         <run_address>0x12df</run_address>
         <size>0x20</size>
         <input_file_ref idref="fl-5"/>
      </object_component>
      <object_component id="oc-e9">
         <name>.debug_line</name>
         <load_address>0x12ff</load_address>
         <run_address>0x12ff</run_address>
         <size>0xf0</size>
         <input_file_ref idref="fl-5"/>
      </object_component>
      <object_component id="oc-250">
         <name>.debug_line</name>
         <load_address>0x13ef</load_address>
         <run_address>0x13ef</run_address>
         <size>0x1df</size>
         <input_file_ref idref="fl-6"/>
      </object_component>
      <object_component id="oc-144">
         <name>.debug_line</name>
         <load_address>0x15ce</load_address>
         <run_address>0x15ce</run_address>
         <size>0x73c</size>
         <input_file_ref idref="fl-6"/>
      </object_component>
      <object_component id="oc-254">
         <name>.debug_line</name>
         <load_address>0x1d0a</load_address>
         <run_address>0x1d0a</run_address>
         <size>0x3e</size>
         <input_file_ref idref="fl-6"/>
      </object_component>
      <object_component id="oc-1f8">
         <name>.debug_line</name>
         <load_address>0x1d48</load_address>
         <run_address>0x1d48</run_address>
         <size>0x8b</size>
         <input_file_ref idref="fl-6"/>
      </object_component>
      <object_component id="oc-1be">
         <name>.debug_line</name>
         <load_address>0x1dd3</load_address>
         <run_address>0x1dd3</run_address>
         <size>0x74</size>
         <input_file_ref idref="fl-6"/>
      </object_component>
      <object_component id="oc-1b0">
         <name>.debug_line</name>
         <load_address>0x1e47</load_address>
         <run_address>0x1e47</run_address>
         <size>0x278</size>
         <input_file_ref idref="fl-7"/>
      </object_component>
      <object_component id="oc-d5">
         <name>.debug_line</name>
         <load_address>0x20bf</load_address>
         <run_address>0x20bf</run_address>
         <size>0x3e</size>
         <input_file_ref idref="fl-7"/>
      </object_component>
      <object_component id="oc-1d8">
         <name>.debug_line</name>
         <load_address>0x20fd</load_address>
         <run_address>0x20fd</run_address>
         <size>0x3e</size>
         <input_file_ref idref="fl-7"/>
      </object_component>
      <object_component id="oc-1f1">
         <name>.debug_line</name>
         <load_address>0x213b</load_address>
         <run_address>0x213b</run_address>
         <size>0x3e</size>
         <input_file_ref idref="fl-7"/>
      </object_component>
      <object_component id="oc-1f3">
         <name>.debug_line</name>
         <load_address>0x2179</load_address>
         <run_address>0x2179</run_address>
         <size>0x3e</size>
         <input_file_ref idref="fl-7"/>
      </object_component>
      <object_component id="oc-1ef">
         <name>.debug_line</name>
         <load_address>0x21b7</load_address>
         <run_address>0x21b7</run_address>
         <size>0x3e</size>
         <input_file_ref idref="fl-7"/>
      </object_component>
      <object_component id="oc-1df">
         <name>.debug_line</name>
         <load_address>0x21f5</load_address>
         <run_address>0x21f5</run_address>
         <size>0x3e</size>
         <input_file_ref idref="fl-7"/>
      </object_component>
      <object_component id="oc-1da">
         <name>.debug_line</name>
         <load_address>0x2233</load_address>
         <run_address>0x2233</run_address>
         <size>0x3e</size>
         <input_file_ref idref="fl-7"/>
      </object_component>
      <object_component id="oc-1dc">
         <name>.debug_line</name>
         <load_address>0x2271</load_address>
         <run_address>0x2271</run_address>
         <size>0x3e</size>
         <input_file_ref idref="fl-7"/>
      </object_component>
      <object_component id="oc-1ed">
         <name>.debug_line</name>
         <load_address>0x22af</load_address>
         <run_address>0x22af</run_address>
         <size>0x3e</size>
         <input_file_ref idref="fl-7"/>
      </object_component>
      <object_component id="oc-81">
         <name>.debug_line</name>
         <load_address>0x22ed</load_address>
         <run_address>0x22ed</run_address>
         <size>0xcc1</size>
         <input_file_ref idref="fl-7"/>
      </object_component>
      <object_component id="oc-da">
         <name>.debug_line</name>
         <load_address>0x2fae</load_address>
         <run_address>0x2fae</run_address>
         <size>0x8a</size>
         <input_file_ref idref="fl-7"/>
      </object_component>
      <object_component id="oc-1c3">
         <name>.debug_line</name>
         <load_address>0x3038</load_address>
         <run_address>0x3038</run_address>
         <size>0x3e</size>
         <input_file_ref idref="fl-7"/>
      </object_component>
      <object_component id="oc-116">
         <name>.debug_line</name>
         <load_address>0x3076</load_address>
         <run_address>0x3076</run_address>
         <size>0xbd</size>
         <input_file_ref idref="fl-9"/>
      </object_component>
      <object_component id="oc-dd">
         <name>.debug_line</name>
         <load_address>0x3133</load_address>
         <run_address>0x3133</run_address>
         <size>0x53</size>
         <input_file_ref idref="fl-9"/>
      </object_component>
      <object_component id="oc-114">
         <name>.debug_line</name>
         <load_address>0x3186</load_address>
         <run_address>0x3186</run_address>
         <size>0x53</size>
         <input_file_ref idref="fl-9"/>
      </object_component>
      <object_component id="oc-34">
         <name>.debug_line</name>
         <load_address>0x31d9</load_address>
         <run_address>0x31d9</run_address>
         <size>0x192</size>
         <input_file_ref idref="fl-9"/>
      </object_component>
      <object_component id="oc-31">
         <name>.debug_line</name>
         <load_address>0x336b</load_address>
         <run_address>0x336b</run_address>
         <size>0xe8</size>
         <input_file_ref idref="fl-a"/>
      </object_component>
      <object_component id="oc-247">
         <name>.debug_line</name>
         <load_address>0x3453</load_address>
         <run_address>0x3453</run_address>
         <size>0x152</size>
         <input_file_ref idref="fl-b"/>
      </object_component>
      <object_component id="oc-245">
         <name>.debug_line</name>
         <load_address>0x35a5</load_address>
         <run_address>0x35a5</run_address>
         <size>0x50</size>
         <input_file_ref idref="fl-b"/>
      </object_component>
      <object_component id="oc-23e">
         <name>.debug_line</name>
         <load_address>0x35f5</load_address>
         <run_address>0x35f5</run_address>
         <size>0x50</size>
         <input_file_ref idref="fl-b"/>
      </object_component>
      <object_component id="oc-23c">
         <name>.debug_line</name>
         <load_address>0x3645</load_address>
         <run_address>0x3645</run_address>
         <size>0x50</size>
         <input_file_ref idref="fl-b"/>
      </object_component>
      <object_component id="oc-e3">
         <name>.debug_line</name>
         <load_address>0x3695</load_address>
         <run_address>0x3695</run_address>
         <size>0x222</size>
         <input_file_ref idref="fl-b"/>
      </object_component>
      <object_component id="oc-242">
         <name>.debug_line</name>
         <load_address>0x38b7</load_address>
         <run_address>0x38b7</run_address>
         <size>0x50</size>
         <input_file_ref idref="fl-b"/>
      </object_component>
      <object_component id="oc-294">
         <name>.debug_line</name>
         <load_address>0x3907</load_address>
         <run_address>0x3907</run_address>
         <size>0x135</size>
         <input_file_ref idref="fl-c"/>
      </object_component>
      <object_component id="oc-153">
         <name>.debug_line</name>
         <load_address>0x3a3c</load_address>
         <run_address>0x3a3c</run_address>
[...]
         <name>GPIOADCTriggerEnable</name>
         <value>0x5cbb</value>
         <object_component_ref idref="oc-208"/>
      </symbol>
      <symbol id="sm-898">
         <name>GPIOADCTriggerDisable</name>
         <value>0x5cd9</value>
         <object_component_ref idref="oc-208"/>
      </symbol>
      <symbol id="sm-899">
         <name>GPIOPinTypeUART</name>
         <value>0x5b59</value>
         <object_component_ref idref="oc-208"/>
      </symbol>
      <symbol id="sm-89a">
         <name>GPIOIntRegisterPin</name>
         <value>0x57d5</value>
         <object_component_ref idref="oc-208"/>
      </symbol>
      <symbol id="sm-89b">
         <name>GPIOIntStatus</name>
         <value>0x5767</value>
         <object_component_ref idref="oc-208"/>
      </symbol>
      <symbol id="sm-89c">
         <name>GPIOPinTypeDIVSCLK</name>
         <value>0x58ef</value>
         <object_component_ref idref="oc-208"/>
      </symbol>
      <symbol id="sm-89d">
         <name>GPIOPinTypeGPIOOutput</name>
         <value>0x59a3</value>
         <object_component_ref idref="oc-208"/>
      </symbol>
      <symbol id="sm-89e">
         <name>GPIOIntTypeGet</name>
         <value>0x52bf</value>
         <object_component_ref idref="oc-208"/>
      </symbol>
      <symbol id="sm-89f">
         <name>GPIOPinRead</name>
         <value>0x5827</value>
         <object_component_ref idref="oc-208"/>
      </symbol>
      <symbol id="sm-8a0">
         <name>GPIODirModeSet</name>
         <value>0x5173</value>
         <object_component_ref idref="oc-208"/>
      </symbol>
      <symbol id="sm-8a1">
         <name>GPIOPinTypeQEI</name>
         <value>0x5ac9</value>
         <object_component_ref idref="oc-208"/>
      </symbol>
      <symbol id="sm-8a2">
         <name>GPIOPinTypeHibernateRTCCLK</name>
         <value>0x59f1</value>
         <object_component_ref idref="oc-208"/>
      </symbol>
      <symbol id="sm-8a3">
         <name>GPIODMATriggerEnable</name>
         <value>0x5c7f</value>
         <object_component_ref idref="oc-208"/>
      </symbol>
      <symbol id="sm-8a4">
         <name>GPIOPinTypeEthernetMII</name>
         <value>0x595b</value>
         <object_component_ref idref="oc-208"/>
      </symbol>
      <symbol id="sm-8a5">
         <name>GPIOPinWrite</name>
         <value>0x583f</value>
         <object_component_ref idref="oc-208"/>
      </symbol>
      <symbol id="sm-8a6">
         <name>GPIOPadConfigSet</name>
         <value>0x5349</value>
         <object_component_ref idref="oc-208"/>
      </symbol>
      <symbol id="sm-8a7">
         <name>GPIOPinTypeLCD</name>
         <value>0x5a5d</value>
         <object_component_ref idref="oc-208"/>
      </symbol>
      <symbol id="sm-8a8">
         <name>GPIOPinTypeSSI</name>
         <value>0x5aed</value>
         <object_component_ref idref="oc-208"/>
      </symbol>
      <symbol id="sm-8a9">
         <name>GPIOPinTypeTimer</name>
         <value>0x5b11</value>
         <object_component_ref idref="oc-208"/>
      </symbol>
      <symbol id="sm-8aa">
         <name>GPIOPinTypeCAN</name>
         <value>0x5883</value>
         <object_component_ref idref="oc-208"/>
      </symbol>
      <symbol id="sm-8ab">
         <name>GPIOPinTypeEPI</name>
         <value>0x5913</value>
         <object_component_ref idref="oc-208"/>
      </symbol>
      <symbol id="sm-8ac">
         <name>GPIOPinTypeEthernetLED</name>
         <value>0x5937</value>
         <object_component_ref idref="oc-208"/>
      </symbol>
      <symbol id="sm-8ad">
         <name>GPIOUnlockPin</name>
         <value>0x5cf7</value>
         <object_component_ref idref="oc-208"/>
      </symbol>
      <symbol id="sm-8ae">
         <name>GPIOPinWakeStatus</name>
         <value>0x5c11</value>
         <object_component_ref idref="oc-208"/>
      </symbol>
      <symbol id="sm-92b">
         <name>IntPendClear</name>
         <value>0x6cd5</value>
         <object_component_ref idref="oc-266"/>
      </symbol>
      <symbol id="sm-92c">
         <name>IntPriorityGroupingGet</name>
         <value>0x6a4f</value>
         <object_component_ref idref="oc-266"/>
      </symbol>
      <symbol id="sm-92d">
         <name>IntPrioritySet</name>
         <value>0x6a87</value>
         <object_component_ref idref="oc-266"/>
      </symbol>
      <symbol id="sm-92e">
         <name>IntIsEnabled</name>
         <value>0x6bdf</value>
         <object_component_ref idref="oc-266"/>
      </symbol>
      <symbol id="sm-92f">
         <name>IntEnable</name>
         <value>0x6afb</value>
         <object_component_ref idref="oc-266"/>
      </symbol>
      <symbol id="sm-930">
         <name>IntTrigger</name>
         <value>0x6d37</value>
         <object_component_ref idref="oc-266"/>
      </symbol>
      <symbol id="sm-931">
         <name>IntPriorityMaskSet</name>
         <value>0x6d23</value>
         <object_component_ref idref="oc-266"/>
      </symbol>
      <symbol id="sm-932">
         <name>IntPriorityGroupingSet</name>
         <value>0x6a35</value>
         <object_component_ref idref="oc-266"/>
      </symbol>
      <symbol id="sm-933">
         <name>IntDisable</name>
         <value>0x6b6d</value>
         <object_component_ref idref="oc-266"/>
      </symbol>
      <symbol id="sm-934">
         <name>IntRegister</name>
         <value>0x69cf</value>
         <object_component_ref idref="oc-266"/>
      </symbol>
      <symbol id="sm-935">
         <name>IntPriorityGet</name>
         <value>0x6ad7</value>
         <object_component_ref idref="oc-266"/>
      </symbol>
      <symbol id="sm-936">
         <name>IntMasterDisable</name>
         <value>0x69c5</value>
         <object_component_ref idref="oc-266"/>
      </symbol>
      <symbol id="sm-937">
         <name>IntUnregister</name>
         <value>0x6a21</value>
         <object_component_ref idref="oc-266"/>
      </symbol>
      <symbol id="sm-938">
         <name>IntPriorityMaskGet</name>
         <value>0x6d2f</value>
         <object_component_ref idref="oc-266"/>
      </symbol>
      <symbol id="sm-939">
         <name>g_pfnRAMVectors</name>
         <value>0x20000000</value>
         <object_component_ref idref="oc-2c6"/>
      </symbol>
      <symbol id="sm-93a">
         <name>IntMasterEnable</name>
         <value>0x69bb</value>
         <object_component_ref idref="oc-266"/>
      </symbol>
      <symbol id="sm-93b">
         <name>IntPendSet</name>
         <value>0x6c65</value>
         <object_component_ref idref="oc-266"/>
      </symbol>
      <symbol id="sm-a7e">
         <name>SysCtlGPIOAHBEnable</name>
         <value>0x3323</value>
         <object_component_ref idref="oc-202"/>
      </symbol>
      <symbol id="sm-a7f">
         <name>SysCtlIntRegister</name>
         <value>0x2a05</value>
         <object_component_ref idref="oc-202"/>
      </symbol>
      <symbol id="sm-a80">
         <name>SysCtlFlashSizeGet</name>
         <value>0x264f</value>
         <object_component_ref idref="oc-202"/>
      </symbol>
      <symbol id="sm-a81">
         <name>SysCtlPeripheralDeepSleepEnable</name>
         <value>0x2919</value>
         <object_component_ref idref="oc-202"/>
      </symbol>
      <symbol id="sm-a82">
         <name>SysCtlLDODeepSleepGet</name>
         <value>0x2aab</value>
         <object_component_ref idref="oc-202"/>
      </symbol>
      <symbol id="sm-a83">
         <name>SysCtlFlashSectorSizeGet</name>
         <value>0x267b</value>
         <object_component_ref idref="oc-202"/>
      </symbol>
      <symbol id="sm-a84">
         <name>SysCtlIntDisable</name>
         <value>0x2a41</value>
         <object_component_ref idref="oc-202"/>
      </symbol>
      <symbol id="sm-a85">
         <name>SysCtlResetBehaviorGet</name>
         <value>0x2b91</value>
         <object_component_ref idref="oc-202"/>
      </symbol>
      <symbol id="sm-a86">
         <name>SysCtlPeripheralPresent</name>
         <value>0x26a1</value>
         <object_component_ref idref="oc-202"/>
      </symbol>
      <symbol id="sm-a87">
         <name>SysCtlDeepSleepClockSet</name>
         <value>0x324b</value>
         <object_component_ref idref="oc-202"/>
      </symbol>
      <symbol id="sm-a88">
         <name>SysCtlClockSet</name>
         <value>0x2ed9</value>
         <object_component_ref idref="oc-202"/>
      </symbol>
      <symbol id="sm-a89">
         <name>SysCtlAltClkConfig</name>
         <value>0x34b5</value>
         <object_component_ref idref="oc-202"/>
      </symbol>
      <symbol id="sm-a8a">
         <name>SysCtlPeripheralClockGating</name>
         <value>0x29b1</value>
         <object_component_ref idref="oc-202"/>
      </symbol>
      <symbol id="sm-a8b">
         <name>SysCtlIntStatus</name>
         <value>0x2a69</value>
         <object_component_ref idref="oc-202"/>
      </symbol>
      <symbol id="sm-a8c">
         <name>SysCtlIntClear</name>
         <value>0x2a59</value>
         <object_component_ref idref="oc-202"/>
      </symbol>
      <symbol id="sm-a8d">
         <name>SysCtlVoltageEventStatus</name>
         <value>0x3389</value>
         <object_component_ref idref="oc-202"/>
      </symbol>
      <symbol id="sm-a8e">
         <name>SysCtlVoltageEventConfig</name>
         <value>0x3379</value>
         <object_component_ref idref="oc-202"/>
      </symbol>
      <symbol id="sm-a8f">
         <name>SysCtlResetCauseGet</name>
         <value>0x2b01</value>
         <object_component_ref idref="oc-202"/>
      </symbol>
      <symbol id="sm-a90">
         <name>SysCtlSleep</name>
         <value>0x2add</value>
         <object_component_ref idref="oc-202"/>
      </symbol>
      <symbol id="sm-a91">
         <name>SysCtlPWMClockGet</name>
         <value>0x330d</value>
         <object_component_ref idref="oc-202"/>
      </symbol>
      <symbol id="sm-a92">
         <name>SysCtlDeepSleepPowerSet</name>
         <value>0x2ac5</value>
         <object_component_ref idref="oc-202"/>
      </symbol>
      <symbol id="sm-a93">
         <name>SysCtlClockOutConfig</name>
         <value>0x3499</value>
         <object_component_ref idref="oc-202"/>
      </symbol>
      <symbol id="sm-a94">
         <name>SysCtlNMIStatus</name>
         <value>0x3465</value>
         <object_component_ref idref="oc-202"/>
      </symbol>
      <symbol id="sm-a95">
         <name>SysCtlDeepSleepClockConfigSet</name>
         <value>0x3269</value>
         <object_component_ref idref="oc-202"/>
      </symbol>
      <symbol id="sm-a96">
         <name>SysCtlDelay</name>
         <value>0x7b23</value>
         <object_component_ref idref="oc-27b"/>
      </symbol>
      <symbol id="sm-a97">
         <name>SysCtlVoltageEventClear</name>
         <value>0x3395</value>
         <object_component_ref idref="oc-202"/>
      </symbol>
      <symbol id="sm-a98">
         <name>SysCtlLDOSleepSet</name>
         <value>0x2a85</value>
         <object_component_ref idref="oc-202"/>
      </symbol>
      <symbol id="sm-a99">
         <name>SysCtlMOSCConfigSet</name>
         <value>0x2b1b</value>
         <object_component_ref idref="oc-202"/>
      </symbol>
      <symbol id="sm-a9a">
         <name>SysCtlPeripheralEnable</name>
         <value>0x2819</value>
         <object_component_ref idref="oc-202"/>
      </symbol>
      <symbol id="sm-a9b">
         <name>SysCtlIntEnable</name>
         <value>0x2a2d</value>
         <object_component_ref idref="oc-202"/>
      </symbol>
      <symbol id="sm-a9c">
         <name>SysCtlNMIClear</name>
         <value>0x347d</value>
         <object_component_ref idref="oc-202"/>
      </symbol>
      <symbol id="sm-a9d">
         <name>SysCtlPeripheralPowerOff</name>
         <value>0x2755</value>
         <object_component_ref idref="oc-202"/>
      </symbol>
      <symbol id="sm-a9e">
         <name>SysCtlSleepPowerSet</name>
         <value>0x2ab1</value>
         <object_component_ref idref="oc-202"/>
      </symbol>
      <symbol id="sm-a9f">
         <name>SysCtlDeepSleep</name>
         <value>0x2ae5</value>
         <object_component_ref idref="oc-202"/>
      </symbol>
      <symbol id="sm-aa0">
         <name>SysCtlLDODeepSleepSet</name>
         <value>0x2a9b</value>
         <object_component_ref idref="oc-202"/>
      </symbol>
      <symbol id="sm-aa1">
         <name>SysCtlPeripheralPowerOn</name>
         <value>0x2719</value>
         <object_component_ref idref="oc-202"/>
      </symbol>
      <symbol id="sm-aa2">
         <name>SysCtlPeripheralDeepSleepDisable</name>
         <value>0x2955</value>
         <object_component_ref idref="oc-202"/>
      </symbol>
      <symbol id="sm-aa3">
         <name>SysCtlPeripheralSleepDisable</name>
         <value>0x28dd</value>
         <object_component_ref idref="oc-202"/>
      </symbol>
      <symbol id="sm-aa4">
         <name>SysCtlVCOGet</name>
         <value>0x33ad</value>
         <object_component_ref idref="oc-202"/>
      </symbol>
      <symbol id="sm-aa5">
         <name>SysCtlResetBehaviorSet</name>
         <value>0x2b81</value>
         <object_component_ref idref="oc-202"/>
      </symbol>
      <symbol id="sm-aa6">
         <name>SysCtlReset</name>
         <value>0x2ad5</value>
         <object_component_ref idref="oc-202"/>
      </symbol>
      <symbol id="sm-aa7">
         <name>SysCtlGPIOAHBDisable</name>
         <value>0x333f</value>
         <object_component_ref idref="oc-202"/>
      </symbol>
      <symbol id="sm-aa8">
         <name>SysCtlSRAMSizeGet</name>
         <value>0x2645</value>
         <object_component_ref idref="oc-202"/>
      </symbol>
      <symbol id="sm-aa9">
         <name>SysCtlClockGet</name>
         <value>0x30a9</value>
         <object_component_ref idref="oc-202"/>
      </symbol>
      <symbol id="sm-aaa">
         <name>SysCtlPeripheralDisable</name>
         <value>0x2855</value>
         <object_component_ref idref="oc-202"/>
      </symbol>
      <symbol id="sm-aab">
         <name>SysCtlPWMClockSet</name>
         <value>0x32f3</value>
         <object_component_ref idref="oc-202"/>
      </symbol>
      <symbol id="sm-aac">
         <name>SysCtlUSBPLLEnable</name>
         <value>0x335b</value>
         <object_component_ref idref="oc-202"/>
      </symbol>
      <symbol id="sm-aad">
         <name>SysCtlPeripheralSleepEnable</name>
         <value>0x2895</value>
         <object_component_ref idref="oc-202"/>
      </symbol>
      <symbol id="sm-aae">
         <name>SysCtlIntUnregister</name>
         <value>0x2a19</value>
         <object_component_ref idref="oc-202"/>
      </symbol>
      <symbol id="sm-aaf">
         <name>SysCtlUSBPLLDisable</name>
         <value>0x3367</value>
         <object_component_ref idref="oc-202"/>
      </symbol>
      <symbol id="sm-ab0">
         <name>SysCtlPeripheralReady</name>
         <value>0x26dd</value>
         <object_component_ref idref="oc-202"/>
      </symbol>
      <symbol id="sm-ab1">
         <name>SysCtlPIOSCCalibrate</name>
         <value>0x2b31</value>
         <object_component_ref idref="oc-202"/>
      </symbol>
      <symbol id="sm-ab2">
         <name>SysCtlResetCauseClear</name>
         <value>0x2b07</value>
         <object_component_ref idref="oc-202"/>
      </symbol>
      <symbol id="sm-ab3">
         <name>SysCtlLDOSleepGet</name>
         <value>0x2a95</value>
         <object_component_ref idref="oc-202"/>
      </symbol>
      <symbol id="sm-ab4">
         <name>SysCtlClockFreqSet</name>
         <value>0x2be1</value>
         <object_component_ref idref="oc-202"/>
      </symbol>
      <symbol id="sm-ab5">
         <name>SysCtlPeripheralReset</name>
         <value>0x2791</value>
         <object_component_ref idref="oc-202"/>
      </symbol>
      <symbol id="sm-ada">
         <name>memcpy</name>
         <value>0x76e7</value>
         <object_component_ref idref="oc-46"/>
      </symbol>
      <symbol id="sm-adb">
         <name>__aeabi_memcpy</name>
         <value>0x76e7</value>
         <object_component_ref idref="oc-46"/>
      </symbol>
      <symbol id="sm-adc">
         <name>__aeabi_memcpy8</name>
         <value>0x76e7</value>
         <object_component_ref idref="oc-46"/>
      </symbol>
      <symbol id="sm-add">
         <name>__aeabi_memcpy4</name>
         <value>0x76e7</value>
         <object_component_ref idref="oc-46"/>
      </symbol>
      <symbol id="sm-aec">
         <name>__aeabi_memset</name>
         <value>0x78a3</value>
         <object_component_ref idref="oc-b6"/>
      </symbol>
      <symbol id="sm-aed">
         <name>memset</name>
         <value>0x78a9</value>
         <object_component_ref idref="oc-b6"/>
      </symbol>
      <symbol id="sm-aee">
         <name>__aeabi_memset8</name>
         <value>0x78a3</value>
         <object_component_ref idref="oc-b6"/>
      </symbol>
      <symbol id="sm-aef">
         <name>__aeabi_memset4</name>
         <value>0x78a3</value>
         <object_component_ref idref="oc-b6"/>
      </symbol>
      <symbol id="sm-af0">
         <name>__aeabi_memclr8</name>
         <value>0x78a1</value>
         <object_component_ref idref="oc-b6"/>
      </symbol>
      <symbol id="sm-af1">
         <name>__aeabi_memclr4</name>
         <value>0x78a1</value>
         <object_component_ref idref="oc-b6"/>
      </symbol>
      <symbol id="sm-af2">
         <name>__aeabi_memclr</name>
         <value>0x78a1</value>
         <object_component_ref idref="oc-b6"/>
      </symbol>
      <symbol id="sm-b00">
         <name>__aeabi_ldivmod</name>
         <value>0x791b</value>
         <object_component_ref idref="oc-1fb"/>
      </symbol>
      <symbol id="sm-b0d">
         <name>__aeabi_uldivmod</name>
         <value>0x7783</value>
         <object_component_ref idref="oc-25b"/>
      </symbol>
      <symbol id="sm-b24">
         <name>__TI_zero_init</name>
         <value>0x7b0b</value>
         <object_component_ref idref="oc-58"/>
      </symbol>
      <symbol id="sm-b3b">
         <name>__TI_decompress_none</name>
         <value>0x7afd</value>
         <object_component_ref idref="oc-1b"/>
      </symbol>
      <symbol id="sm-b5e">
         <name>__TI_decompress_lzss</name>
         <value>0x7989</value>
         <object_component_ref idref="oc-15"/>
      </symbol>
      <symbol id="sm-b71">
         <name>__stack</name>
         <value>0x200013f0</value>
         <object_component_ref idref="oc-24"/>
      </symbol>
      <symbol id="sm-b72">
         <name>_c_int00_noargs</name>
         <value>0x7ac9</value>
         <object_component_ref idref="oc-64"/>
      </symbol>
      <symbol id="sm-b7c">
         <name>__aeabi_idiv0</name>
         <value>0x4413</value>
         <object_component_ref idref="oc-256"/>
      </symbol>
      <symbol id="sm-b7d">
         <name>__aeabi_ldiv0</name>
         <value>0x4413</value>
         <object_component_ref idref="oc-256"/>
      </symbol>
      <symbol id="sm-ba5">
         <name>__TI_auto_init_nobinit_nopinit</name>
         <value>0x7a45</value>
         <object_component_ref idref="oc-17d"/>
      </symbol>
      <symbol id="sm-baf">
         <name>_system_pre_init</name>
         <value>0x7b29</value>
         <object_component_ref idref="oc-bc"/>
      </symbol>
      <symbol id="sm-bbb">
         <name>C$$EXIT</name>
         <value>0x7b2d</value>
         <object_component_ref idref="oc-171"/>
      </symbol>
      <symbol id="sm-bbc">
         <name>abort</name>
         <value>0x7b2d</value>
         <object_component_ref idref="oc-171"/>
      </symbol>
      <symbol id="sm-bbf">
         <name>__TI_static_base__</name>
         <value>0x0</value>
      </symbol>
      <symbol id="sm-bc2">
         <name>__mpu_init</name>
         <value>0x0</value>
      </symbol>
      <symbol id="sm-bc3">
         <name>_system_post_cinit</name>
         <value>0x0</value>
      </symbol>
   </symbol_table>
   <title>Link successful</title>
</link_info>
