******************************************************************************
                  TI ARM Linker PC v20.2.7                     
******************************************************************************
>> Linked Tue Apr 15 22:24:10 2025

OUTPUT FILE NAME:   <RTOS_Project.out>
ENTRY POINT SYMBOL: "_c_int00_noargs"  address: 00007f61


MEMORY CONFIGURATION

         name            origin    length      used     unused   attr    fill
----------------------  --------  ---------  --------  --------  ----  --------
  FLASH                 00000000   00040000  000085ac  00037a54  R  X
  SRAM                  20000000   00008000  0000268c  00005974  RW X


SEGMENT ALLOCATION MAP

run origin  load origin   length   init length attrs members
----------  ----------- ---------- ----------- ----- -------
00000000    00000000    000085b0   000085b0    r-x
  00000000    00000000    0000026c   0000026c    r-- .intvecs
  0000026c    0000026c    00007d5c   00007d5c    r-x .text
  00007fc8    00007fc8    0000059c   0000059c    r-- .const
  00008568    00008568    00000048   00000048    r-- .cinit
20000000    20000000    0000268c   00000000    rw-
  20000000    20000000    0000026c   00000000    rw- .vtable
  2000026c    2000026c    00002164   00000000    rw- .bss
  200023d0    200023d0    00000200   00000000    rw- .stack
  200025d0    200025d0    000000bc   00000000    rw- .data


SECTION ALLOCATION MAP

 output                                  attributes/
section   page    origin      length       input sections
--------  ----  ----------  ----------   ----------------
.intvecs   0    00000000    0000026c     
                  00000000    0000026c     tm4c123gh6pm_startup_ccs.obj (.intvecs)

.text      0    0000026c    00007d5c     
                  0000026c    00001d38     tasks.obj (.text)
                  00001fa4    0000100e     queue.obj (.text)
                  00002fb2    00000002     rtsv7M4_T_le_v4SPD16_eabi.lib : div0.asm.obj (.text)
                  00002fb4    00000f74     sysctl.obj (.text)
                  00003f28    00000c14     gpio.obj (.text)
                  00004b3c    00000aa8     main.obj (.text)
                  000055e4    00000838     adc.obj (.text)
                  00005e1c    000007bc     timers.obj (.text)
                  000065d8    000004fe     event_groups.obj (.text)
                  00006ad6    00000002     --HOLE-- [fill = 0]
                  00006ad8    00000460     heap_4.obj (.text)
                  00006f38    000003c0     interrupt.obj (.text)
                  000072f8    000002b0     port.obj (.text)
                  000075a8    00000210     gpio.obj (.text)
                  000077b8    000001c8     uart0.obj (.text)
                  00007980    0000012a     list.obj (.text)
                  00007aaa    00000002     --HOLE-- [fill = 0]
                  00007aac    000000da     portasm.obj (.text)
                  00007b86    0000009c     rtsv7M4_T_le_v4SPD16_eabi.lib : memcpy_t2.asm.obj (.text)
                  00007c22    00000096                                   : ull_div_t2.asm.obj (.text)
                  00007cb8    00000080     pots.obj (.text)
                  00007d38    0000007a     rtsv7M4_T_le_v4SPD16_eabi.lib : memset_t2.asm.obj (.text)
                  00007db2    0000006e                                   : ll_div_t2.asm.obj (.text)
                  00007e20    00000068                                   : copy_decompress_lzss.c.obj (.text:decompress:lzss:__TI_decompress_lzss)
                  00007e88    00000054     GPTM.obj (.text)
                  00007edc    00000044     rtsv7M4_T_le_v4SPD16_eabi.lib : autoinit.c.obj (.text:__TI_auto_init_nobinit_nopinit:__TI_auto_init_nobinit_nopinit)
                  00007f20    0000003e     cpu.obj (.text)
                  00007f5e    00000002     --HOLE-- [fill = 0]
                  00007f60    00000034     rtsv7M4_T_le_v4SPD16_eabi.lib : boot_cortex_m.c.obj (.text:_c_int00_noargs:_c_int00_noargs)
                  00007f94    0000000e                                   : copy_decompress_none.c.obj (.text:decompress:none:__TI_decompress_none)
                  00007fa2    0000000c                                   : copy_zero_init.c.obj (.text:decompress:ZI:__TI_zero_init)
                  00007fae    0000000c     tm4c123gh6pm_startup_ccs.obj (.text)
                  00007fba    00000006     sysctl.obj (.text:SysCtlDelay)
                  00007fc0    00000004     rtsv7M4_T_le_v4SPD16_eabi.lib : pre_init.c.obj (.text:_system_pre_init)
                  00007fc4    00000004                                   : exit.c.obj (.text:abort:abort)

.const     0    00007fc8    0000059c     
                  00007fc8    000001b0     sysctl.obj (.const:g_pppui32XTALtoVCO)
                  00008178    000000d8     gpio.obj (.const:g_ppui32GPIOIntMapSnowflake)
                  00008250    000000c0     gpio.obj (.const:g_ppui32GPIOIntMapBlizzard)
                  00008310    0000009c     interrupt.obj (.const:g_pui32Regs)
                  000083ac    00000090     gpio.obj (.const:g_pui32GPIOBaseAddrs)
                  0000843c    0000006c     sysctl.obj (.const:g_pui32Xtals)
                  000084a8    00000030     sysctl.obj (.const:g_sXTALtoMEMTIM)
                  000084d8    00000020     interrupt.obj (.const:g_pui32Priority)
                  000084f8    00000014     interrupt.obj (.const:g_pui32Dii16Regs)
                  0000850c    00000014     interrupt.obj (.const:g_pui32EnRegs)
                  00008520    00000014     interrupt.obj (.const:g_pui32PendRegs)
                  00008534    00000014     interrupt.obj (.const:g_pui32UnpendRegs)
                  00008548    00000008     sysctl.obj (.const:g_pui32VCOFrequencies)
                  00008550    00000008     port.obj (.const)
                  00008558    00000004     main.obj (.const:$P$T1$2)
                  0000855c    00000004     main.obj (.const:.string:$P$T0$1)
                  00008560    00000004     tasks.obj (.const)

.cinit     0    00008568    00000048     
                  00008568    00000014     (.cinit..data.load) [load image, compression = lzss]
                  0000857c    0000000c     (__TI_handler_table)
                  00008588    00000008     (.cinit..bss.load) [load image, compression = zero_init]
                  00008590    00000008     (.cinit..vtable.load) [load image, compression = zero_init]
                  00008598    00000018     (__TI_cinit_table)

.init_array 
*          0    00000000    00000000     UNINITIALIZED

.vtable    0    20000000    0000026c     UNINITIALIZED
                  20000000    0000026c     interrupt.obj (.vtable)

.bss       0    2000026c    00002164     UNINITIALIZED
                  2000026c    00002000     heap_4.obj (.bss:ucHeap)
                  2000226c    000000a0     tasks.obj (.bss:pxReadyTasksLists)
                  2000230c    00000018     (.common:xFAILER_STATES)
                  20002324    00000014     timers.obj (.bss:xActiveTimerList1)
                  20002338    00000014     timers.obj (.bss:xActiveTimerList2)
                  2000234c    00000014     tasks.obj (.bss:xDelayedTaskList1)
                  20002360    00000014     tasks.obj (.bss:xDelayedTaskList2)
                  20002374    00000014     tasks.obj (.bss:xPendingReadyList)
                  20002388    00000008     adc.obj (.bss:g_pui8OversampleFactor)
                  20002390    00000008     tasks.obj (.bss)
                  20002398    00000008     timers.obj (.bss)
                  200023a0    00000008     heap_4.obj (.bss:xStart)
                  200023a8    00000004     (.common:BUTTONTASKHANDER)
                  200023ac    00000004     (.common:DISPLAYTASKHANDLE)
                  200023b0    00000004     (.common:DiagnosticsTASKHANDLE)
                  200023b4    00000004     (.common:MEASURMENTTEMPTASHHANDLE)
                  200023b8    00000004     (.common:PROCESSINGTASKHANDLE)
                  200023bc    00000004     (.common:RuntimeMeasurementTaskHandle)
                  200023c0    00000004     (.common:xBUTTONFLAGs)
                  200023c4    00000004     (.common:xDiagnosticsSem)
                  200023c8    00000004     (.common:xDisplayQUEUE)
                  200023cc    00000004     (.common:xMutex)

.data      0    200025d0    000000bc     UNINITIALIZED
                  200025d0    00000030     tasks.obj (.data)
                  20002600    0000001c     main.obj (.data:ulExecutionTime)
                  2000261c    0000001c     main.obj (.data:ulTimeIn)
                  20002638    0000001c     main.obj (.data:ulTimeOut)
                  20002654    00000014     heap_4.obj (.data)
                  20002668    0000000c     port.obj (.data)
                  20002674    0000000c     timers.obj (.data)
                  20002680    00000006     main.obj (.data:xDisplayMassages)
                  20002686    00000002     --HOLE--
                  20002688    00000004     main.obj (.data)

.stack     0    200023d0    00000200     UNINITIALIZED
                  200023d0    00000004     rtsv7M4_T_le_v4SPD16_eabi.lib : boot_cortex_m.c.obj (.stack)
                  200023d4    000001fc     --HOLE--

__llvm_prf_cnts 
*          0    20000000    00000000     UNINITIALIZED

MODULE SUMMARY

       Module                         code    ro data   rw data
       ------                         ----    -------   -------
    .\
       main.obj                       2728    8         158    
       tm4c123gh6pm_startup_ccs.obj   12      620       0      
    +--+------------------------------+-------+---------+---------+
       Total:                         2740    628       158    
                                                               
    .\FreeRTOS\Source\
       tasks.obj                      7480    4         276    
       queue.obj                      4110    0         0      
       timers.obj                     1980    0         60     
       event_groups.obj               1278    0         0      
       list.obj                       298     0         0      
    +--+------------------------------+-------+---------+---------+
       Total:                         15146   4         336    
                                                               
    .\FreeRTOS\Source\portable\CCS\ARM_CM4F\
       port.obj                       688     8         12     
       portasm.obj                    218     0         0      
    +--+------------------------------+-------+---------+---------+
       Total:                         906     8         12     
                                                               
    .\FreeRTOS\Source\portable\MemMang\
       heap_4.obj                     1120    0         8220   
    +--+------------------------------+-------+---------+---------+
       Total:                         1120    0         8220   
                                                               
    .\HAL\POTS\
       pots.obj                       128     0         0      
    +--+------------------------------+-------+---------+---------+
       Total:                         128     0         0      
                                                               
    .\MCAL\GPIO\
       gpio.obj                       528     0         0      
    +--+------------------------------+-------+---------+---------+
       Total:                         528     0         0      
                                                               
    .\MCAL\GPTM\
       GPTM.obj                       84      0         0      
    +--+------------------------------+-------+---------+---------+
       Total:                         84      0         0      
                                                               
    .\MCAL\UART\
       uart0.obj                      456     0         0      
    +--+------------------------------+-------+---------+---------+
       Total:                         456     0         0      
                                                               
    .\driverlib\
       sysctl.obj                     3962    596       0      
       gpio.obj                       3092    552       0      
       adc.obj                        2104    0         8      
       interrupt.obj                  960     268       620    
       cpu.obj                        62      0         0      
    +--+------------------------------+-------+---------+---------+
       Total:                         10180   1416      628    
                                                               
    C:\ti\ccs1281\ccs\tools\compiler\ti-cgt-arm_20.2.7.LTS\lib\rtsv7M4_T_le_v4SPD16_eabi.lib
       memcpy_t2.asm.obj              156     0         0      
       ull_div_t2.asm.obj             150     0         0      
       memset_t2.asm.obj              122     0         0      
       ll_div_t2.asm.obj              110     0         0      
       copy_decompress_lzss.c.obj     104     0         0      
       autoinit.c.obj                 68      0         0      
       boot_cortex_m.c.obj            52      0         0      
       copy_decompress_none.c.obj     14      0         0      
       copy_zero_init.c.obj           12      0         0      
       exit.c.obj                     4       0         0      
       pre_init.c.obj                 4       0         0      
       div0.asm.obj                   2       0         0      
    +--+------------------------------+-------+---------+---------+
       Total:                         798     0         0      
                                                               
       Stack:                         0       0         512    
       Linker Generated:              0       72        0      
    +--+------------------------------+-------+---------+---------+
       Grand Total:                   32086   2128      9866   


LINKER GENERATED COPY TABLES

__TI_cinit_table @ 00008598 records: 3, size/record: 8, table size: 24
	.data: load addr=00008568, load size=00000014 bytes, run addr=200025d0, run size=000000bc bytes, compression=lzss
	.bss: load addr=00008588, load size=00000008 bytes, run addr=2000026c, run size=00002164 bytes, compression=zero_init
	.vtable: load addr=00008590, load size=00000008 bytes, run addr=20000000, run size=0000026c bytes, compression=zero_init


LINKER GENERATED HANDLER TABLE

__TI_handler_table @ 0000857c records: 3, size/record: 4, table size: 12
	index: 0, handler: __TI_zero_init
	index: 1, handler: __TI_decompress_lzss
	index: 2, handler: __TI_decompress_none


GLOBAL SYMBOLS: SORTED ALPHABETICALLY BY Name 

address   name                               
-------   ----                               
00005d95  ADCBusy                            
00005dd7  ADCClockConfigGet                  
00005dad  ADCClockConfigSet                  
00005baf  ADCComparatorConfigure             
00005c89  ADCComparatorIntClear              
00005c35  ADCComparatorIntDisable            
00005c53  ADCComparatorIntEnable             
00005c75  ADCComparatorIntStatus             
00005bcb  ADCComparatorRegionSet             
00005bef  ADCComparatorReset                 
00005b7d  ADCHardwareOversampleConfigure     
0000571f  ADCIntClear                        
00005cfd  ADCIntClearEx                      
00005685  ADCIntDisable                      
00005c9b  ADCIntDisableEx                    
000056a1  ADCIntEnable                       
00005cb3  ADCIntEnableEx                     
0000563f  ADCIntRegister                     
000056c7  ADCIntStatus                       
00005ccb  ADCIntStatusEx                     
00005667  ADCIntUnregister                   
00005d4f  ADCPhaseDelayGet                   
00005d3d  ADCPhaseDelaySet                   
00005991  ADCProcessorTrigger                
00005d2b  ADCReferenceGet                    
00005d0f  ADCReferenceSet                    
00005769  ADCSequenceConfigure               
00005d79  ADCSequenceDMADisable              
00005d5d  ADCSequenceDMAEnable               
0000594f  ADCSequenceDataGet                 
0000574f  ADCSequenceDisable                 
00005735  ADCSequenceEnable                  
000058f3  ADCSequenceOverflow                
0000590b  ADCSequenceOverflowClear           
00005805  ADCSequenceStepConfigure           
00005921  ADCSequenceUnderflow               
00005939  ADCSequenceUnderflowClear          
000059b5  ADCSoftwareOversampleConfigure     
00005ae9  ADCSoftwareOversampleDataGet       
00005a07  ADCSoftwareOversampleStepConfigure 
200023a8  BUTTONTASKHANDER                   
00007fc5  C$$EXIT                            
20002688  CPU_LOAd                           
00007f55  CPUbasepriGet                      
00007f47  CPUbasepriSet                      
00007f21  CPUcpsid                           
00007f37  CPUcpsie                           
00007f2d  CPUprimask                         
00007f43  CPUwfi                             
200023ac  DISPLAYTASKHANDLE                  
200023b0  DiagnosticsTASKHANDLE              
00004aed  GPIOADCTriggerDisable              
00004acf  GPIOADCTriggerEnable               
00004ab1  GPIODMATriggerDisable              
00004a93  GPIODMATriggerEnable               
00003fe3  GPIODirModeGet                     
00003f87  GPIODirModeSet                     
0000459d  GPIOIntClear                       
00004561  GPIOIntDisable                     
0000453d  GPIOIntEnable                      
000045b1  GPIOIntRegister                    
000045e9  GPIOIntRegisterPin                 
0000457b  GPIOIntStatus                      
000040d3  GPIOIntTypeGet                     
0000402f  GPIOIntTypeSet                     
000045cf  GPIOIntUnregister                  
00004617  GPIOIntUnregisterPin               
000043cb  GPIOPadConfigGet                   
0000415d  GPIOPadConfigSet                   
00004a35  GPIOPinConfigure                   
0000463b  GPIOPinRead                        
00004673  GPIOPinTypeADC                     
00004697  GPIOPinTypeCAN                     
000046bb  GPIOPinTypeComparator              
000046df  GPIOPinTypeComparatorOutput        
00004703  GPIOPinTypeDIVSCLK                 
00004727  GPIOPinTypeEPI                     
0000474b  GPIOPinTypeEthernetLED             
0000476f  GPIOPinTypeEthernetMII             
00004793  GPIOPinTypeGPIOInput               
000047b7  GPIOPinTypeGPIOOutput              
000047e1  GPIOPinTypeGPIOOutputOD            
00004805  GPIOPinTypeHibernateRTCCLK         
00004829  GPIOPinTypeI2C                     
0000484d  GPIOPinTypeI2CSCL                  
00004871  GPIOPinTypeLCD                     
00004895  GPIOPinTypeOneWire                 
000048b9  GPIOPinTypePWM                     
000048dd  GPIOPinTypeQEI                     
00004901  GPIOPinTypeSSI                     
00004925  GPIOPinTypeTimer                   
00004949  GPIOPinTypeTrace                   
0000496d  GPIOPinTypeUART                    
00004991  GPIOPinTypeUSBAnalog               
000049b5  GPIOPinTypeUSBDigital              
000049d9  GPIOPinTypeWakeHigh                
000049ff  GPIOPinTypeWakeLow                 
00004a25  GPIOPinWakeStatus                  
00004653  GPIOPinWrite                       
00004b0b  GPIOUnlockPin                      
0000766b  GPIO_BlueLedOff                    
00007647  GPIO_BlueLedOn                     
0000768f  GPIO_BlueLedToggle                 
000075a9  GPIO_BuiltinButtonsLedsInit        
000076bb  GPIO_EXTSWGetState                 
00007677  GPIO_GreenLedOff                   
00007653  GPIO_GreenLedOn                    
0000769b  GPIO_GreenLedToggle                
0000765f  GPIO_RedLedOff                     
0000763b  GPIO_RedLedOn                      
00007683  GPIO_RedLedToggle                  
000076c9  GPIO_SW1EdgeTriggeredInterruptInit 
000076a7  GPIO_SW1GetState                   
00007717  GPIO_SW2EdgeTriggeredInterruptInit 
000076b1  GPIO_SW2GetState                   
00007e89  GPTM_WTimer0Init                   
00007eb9  GPTM_WTimer0Read                   
000070f9  IntDisable                         
00007087  IntEnable                          
0000716b  IntIsEnabled                       
00006f4b  IntMasterDisable                   
00006f3b  IntMasterEnable                    
00007261  IntPendClear                       
000071f1  IntPendSet                         
00007063  IntPriorityGet                     
00006fdb  IntPriorityGroupingGet             
00006fc1  IntPriorityGroupingSet             
000072bb  IntPriorityMaskGet                 
000072af  IntPriorityMaskSet                 
00007013  IntPrioritySet                     
00006f5b  IntRegister                        
000072c3  IntTrigger                         
00006fad  IntUnregister                      
200023b4  MEASURMENTTEMPTASHHANDLE           
00007cd1  POT_getValue                       
00007cb9  POT_init                           
200023b8  PROCESSINGTASKHANDLE               
00007faf  ResetISR                           
200023bc  RuntimeMeasurementTaskHandle       
00003ee5  SysCtlAltClkConfig                 
00003611  SysCtlClockFreqSet                 
00003ad9  SysCtlClockGet                     
00003ec9  SysCtlClockOutConfig               
00003909  SysCtlClockSet                     
00003515  SysCtlDeepSleep                    
00003c99  SysCtlDeepSleepClockConfigSet      
00003c7b  SysCtlDeepSleepClockSet            
000034f5  SysCtlDeepSleepPowerSet            
00007fbb  SysCtlDelay                        
000030ab  SysCtlFlashSectorSizeGet           
0000307f  SysCtlFlashSizeGet                 
00003d6f  SysCtlGPIOAHBDisable               
00003d53  SysCtlGPIOAHBEnable                
00003489  SysCtlIntClear                     
00003471  SysCtlIntDisable                   
0000345d  SysCtlIntEnable                    
00003435  SysCtlIntRegister                  
00003499  SysCtlIntStatus                    
00003449  SysCtlIntUnregister                
000034db  SysCtlLDODeepSleepGet              
000034cb  SysCtlLDODeepSleepSet              
000034c5  SysCtlLDOSleepGet                  
000034b5  SysCtlLDOSleepSet                  
0000354b  SysCtlMOSCConfigSet                
00003ead  SysCtlNMIClear                     
00003e95  SysCtlNMIStatus                    
00003561  SysCtlPIOSCCalibrate               
00003d3d  SysCtlPWMClockGet                  
00003d23  SysCtlPWMClockSet                  
000033e1  SysCtlPeripheralClockGating        
00003385  SysCtlPeripheralDeepSleepDisable   
00003349  SysCtlPeripheralDeepSleepEnable    
00003285  SysCtlPeripheralDisable            
00003249  SysCtlPeripheralEnable             
00003185  SysCtlPeripheralPowerOff           
00003149  SysCtlPeripheralPowerOn            
000030d1  SysCtlPeripheralPresent            
0000310d  SysCtlPeripheralReady              
000031c1  SysCtlPeripheralReset              
0000330d  SysCtlPeripheralSleepDisable       
000032c5  SysCtlPeripheralSleepEnable        
00003505  SysCtlReset                        
000035c1  SysCtlResetBehaviorGet             
000035b1  SysCtlResetBehaviorSet             
00003537  SysCtlResetCauseClear              
00003531  SysCtlResetCauseGet                
00003075  SysCtlSRAMSizeGet                  
0000350d  SysCtlSleep                        
000034e1  SysCtlSleepPowerSet                
00003d97  SysCtlUSBPLLDisable                
00003d8b  SysCtlUSBPLLEnable                 
00003ddd  SysCtlVCOGet                       
00003dc5  SysCtlVoltageEventClear            
00003da9  SysCtlVoltageEventConfig           
00003db9  SysCtlVoltageEventStatus           
0000780f  UART0_Init                         
0000786b  UART0_ReceiveByte                  
0000784f  UART0_SendByte                     
000078a1  UART0_SendInteger                  
0000787b  UART0_SendString                   
200025d0  __STACK_END                        
00000200  __STACK_SIZE                       
200025d0  __STACK_TOP                        
00008598  __TI_CINIT_Base                    
000085b0  __TI_CINIT_Limit                   
0000857c  __TI_Handler_Table_Base            
00008588  __TI_Handler_Table_Limit           
00007edd  __TI_auto_init_nobinit_nopinit     
00007e21  __TI_decompress_lzss               
00007f95  __TI_decompress_none               
ffffffff  __TI_pprof_out_hndl                
ffffffff  __TI_prof_data_size                
ffffffff  __TI_prof_data_start               
00000000  __TI_static_base__                 
00007fa3  __TI_zero_init                     
00002fb3  __aeabi_idiv0                      
00002fb3  __aeabi_ldiv0                      
00007db3  __aeabi_ldivmod                    
00007d39  __aeabi_memclr                     
00007d39  __aeabi_memclr4                    
00007d39  __aeabi_memclr8                    
00007b87  __aeabi_memcpy                     
00007b87  __aeabi_memcpy4                    
00007b87  __aeabi_memcpy8                    
00007d3b  __aeabi_memset                     
00007d3b  __aeabi_memset4                    
00007d3b  __aeabi_memset8                    
00007c23  __aeabi_uldivmod                   
ffffffff  __binit__                          
ffffffff  __c_args__                         
UNDEFED   __mpu_init                         
200023d0  __stack                            
20000000  __start___llvm_prf_cnts            
20000000  __stop___llvm_prf_cnts             
00007f61  _c_int00_noargs                    
UNDEFED   _system_post_cinit                 
00007fc1  _system_pre_init                   
00007fc5  abort                              
ffffffff  binit                              
20000000  g_pfnRAMVectors                    
00000000  g_pfnVectors                       
0000547d  main                               
00007b87  memcpy                             
00007d41  memset                             
000008b5  pcTaskGetName                      
00006081  pcTimerGetName                     
0000541d  prvHWInit                          
00006cdf  pvPortCalloc                       
00006ad9  pvPortMalloc                       
000016ad  pvTaskIncrementMutexHeldCount      
000064e5  pvTimerGetTimerID                  
200025d0  pxCurrentTCB                       
000072f9  pxPortInitialiseStack              
20002600  ulExecutionTime                    
00008550  ulMaxSyscallInterruptPriority      
00007abd  ulPortGetIPSR                      
000016c5  ulTaskGenericNotifyTake            
00001ebd  ulTaskGenericNotifyValueClear      
2000261c  ulTimeIn                           
20002638  ulTimeOut                          
00007a63  uxListRemove                       
00002c2d  uxQueueMessagesWaiting             
00002c8b  uxQueueMessagesWaitingFromISR      
00002c57  uxQueueSpacesAvailable             
0000089d  uxTaskGetNumberOfTasks             
00001687  uxTaskResetEventItemValue          
00006047  uxTimerGetReloadMode               
00008560  uxTopUsedPriority                  
0000543d  vApplicationMallocFailedHook       
0000544d  vApplicationStackOverflowHook      
00004b9b  vButtonHandlerTask                 
00004b3d  vButtonPressed                     
00005085  vDiagnosticsTask                   
00006a91  vEventGroupClearBitsCallback       
00006a17  vEventGroupDelete                  
00006a81  vEventGroupSetBitsCallback         
00007981  vListInitialise                    
000079b1  vListInitialiseItem                
000079fd  vListInsert                        
000079c1  vListInsertEnd                     
00007b79  vPortEnableVFP                     
0000743d  vPortEndScheduler                  
00007461  vPortEnterCritical                 
000074a3  vPortExitCritical                  
00006c35  vPortFree                          
00006e71  vPortGetHeapStats                  
00006cdd  vPortInitialiseBlocks              
00007b35  vPortSVCHandler                    
000074f5  vPortSetupTimerInterrupt           
00007b55  vPortStartFirstTask                
00007511  vPortValidateInterruptPriority     
00004c99  vProcessingTask                    
00002cb5  vQueueDelete                       
00002f57  vQueueWaitForMessageRestricted     
000053b5  vRuntimeMeasurementTask            
000005a7  vTaskDelay                         
00000691  vTaskEndScheduler                  
00001ca5  vTaskGenericNotifyGiveFromISR      
0000114d  vTaskInternalSetTimeOutState       
00001215  vTaskMissedYield                   
00000d25  vTaskPlaceOnEventList              
00000df7  vTaskPlaceOnEventListRestricted    
00000d65  vTaskPlaceOnUnorderedEventList     
00001541  vTaskPriorityDisinheritAfterTimeout
00000fe1  vTaskRemoveFromUnorderedEventList  
00000b35  vTaskSetApplicationTaskTag         
0000111b  vTaskSetTimeOutState               
000005f9  vTaskStartScheduler                
000006ad  vTaskSuspendAll                    
00000c09  vTaskSwitchContext                 
00005011  vTempretureMeasurementTask         
00005fc1  vTimerSetReloadMode                
00006513  vTimerSetTimerID                   
00004e91  vdisplayTask                       
200023c0  xBUTTONFLAGs                       
200023c4  xDiagnosticsSem                    
20002680  xDisplayMassages                   
200023c8  xDisplayQUEUE                      
0000688b  xEventGroupClearBits               
000065d9  xEventGroupCreate                  
000068e9  xEventGroupGetBitsFromISR          
0000691d  xEventGroupSetBits                 
000065f9  xEventGroupSync                    
0000672b  xEventGroupWaitBits                
2000230c  xFAILER_STATES                     
200023cc  xMutex                             
00006cd1  xPortGetFreeHeapSize               
00006cd7  xPortGetMinimumEverFreeHeapSize    
00007ad5  xPortPendSVHandler                 
00007385  xPortStartScheduler                
000074cf  xPortSysTickHandler                
0000218b  xQueueCreateMutex                  
000020a5  xQueueGenericCreate                
00001fa5  xQueueGenericReset                 
000021b7  xQueueGenericSend                  
00002371  xQueueGenericSendFromISR           
000024a9  xQueueGiveFromISR                  
00002ec3  xQueueIsQueueEmptyFromISR          
00002f1d  xQueueIsQueueFullFromISR           
000028f9  xQueuePeek                         
00002b7d  xQueuePeekFromISR                  
000025cd  xQueueReceive                      
00002a77  xQueueReceiveFromISR               
00002745  xQueueSemaphoreTake                
00000bbf  xTaskCallApplicationTaskHook       
000008ed  xTaskCatchUpTicks                  
00001179  xTaskCheckForTimeOut               
0000026d  xTaskCreate                        
000004cd  xTaskDelayUntil                    
00001869  xTaskGenericNotify                 
00001a4f  xTaskGenericNotifyFromISR          
00001e55  xTaskGenericNotifyStateClear       
00001781  xTaskGenericNotifyWait             
00000b5b  xTaskGetApplicationTaskTag         
00000b85  xTaskGetApplicationTaskTagFromISR  
000012bf  xTaskGetCurrentTaskHandle          
000012cf  xTaskGetSchedulerState             
00000879  xTaskGetTickCount                  
00000889  xTaskGetTickCountFromISR           
00000959  xTaskIncrementTick                 
00001419  xTaskPriorityDisinherit            
000012fd  xTaskPriorityInherit               
00000e7d  xTaskRemoveFromEventList           
000006d5  xTaskResumeAll                     
00005e5b  xTimerCreate                       
00005e1d  xTimerCreateTimerTask              
00005ef9  xTimerGenericCommand               
00006053  xTimerGetExpiryTime                
00005f9b  xTimerGetPeriod                    
0000600b  xTimerGetReloadMode                
00005f79  xTimerGetTimerDaemonTaskHandle     
000064a9  xTimerIsTimerActive                
00006577  xTimerPendFunctionCall             
00006541  xTimerPendFunctionCallFromISR      


GLOBAL SYMBOLS: SORTED BY Symbol Address 

address   name                               
-------   ----                               
00000000  __TI_static_base__                 
00000000  g_pfnVectors                       
00000200  __STACK_SIZE                       
0000026d  xTaskCreate                        
000004cd  xTaskDelayUntil                    
000005a7  vTaskDelay                         
000005f9  vTaskStartScheduler                
00000691  vTaskEndScheduler                  
000006ad  vTaskSuspendAll                    
000006d5  xTaskResumeAll                     
00000879  xTaskGetTickCount                  
00000889  xTaskGetTickCountFromISR           
0000089d  uxTaskGetNumberOfTasks             
000008b5  pcTaskGetName                      
000008ed  xTaskCatchUpTicks                  
00000959  xTaskIncrementTick                 
00000b35  vTaskSetApplicationTaskTag         
00000b5b  xTaskGetApplicationTaskTag         
00000b85  xTaskGetApplicationTaskTagFromISR  
00000bbf  xTaskCallApplicationTaskHook       
00000c09  vTaskSwitchContext                 
00000d25  vTaskPlaceOnEventList              
00000d65  vTaskPlaceOnUnorderedEventList     
00000df7  vTaskPlaceOnEventListRestricted    
00000e7d  xTaskRemoveFromEventList           
00000fe1  vTaskRemoveFromUnorderedEventList  
0000111b  vTaskSetTimeOutState               
0000114d  vTaskInternalSetTimeOutState       
00001179  xTaskCheckForTimeOut               
00001215  vTaskMissedYield                   
000012bf  xTaskGetCurrentTaskHandle          
000012cf  xTaskGetSchedulerState             
000012fd  xTaskPriorityInherit               
00001419  xTaskPriorityDisinherit            
00001541  vTaskPriorityDisinheritAfterTimeout
00001687  uxTaskResetEventItemValue          
000016ad  pvTaskIncrementMutexHeldCount      
000016c5  ulTaskGenericNotifyTake            
00001781  xTaskGenericNotifyWait             
00001869  xTaskGenericNotify                 
00001a4f  xTaskGenericNotifyFromISR          
00001ca5  vTaskGenericNotifyGiveFromISR      
00001e55  xTaskGenericNotifyStateClear       
00001ebd  ulTaskGenericNotifyValueClear      
00001fa5  xQueueGenericReset                 
000020a5  xQueueGenericCreate                
0000218b  xQueueCreateMutex                  
000021b7  xQueueGenericSend                  
00002371  xQueueGenericSendFromISR           
000024a9  xQueueGiveFromISR                  
000025cd  xQueueReceive                      
00002745  xQueueSemaphoreTake                
000028f9  xQueuePeek                         
00002a77  xQueueReceiveFromISR               
00002b7d  xQueuePeekFromISR                  
00002c2d  uxQueueMessagesWaiting             
00002c57  uxQueueSpacesAvailable             
00002c8b  uxQueueMessagesWaitingFromISR      
00002cb5  vQueueDelete                       
00002ec3  xQueueIsQueueEmptyFromISR          
00002f1d  xQueueIsQueueFullFromISR           
00002f57  vQueueWaitForMessageRestricted     
00002fb3  __aeabi_idiv0                      
00002fb3  __aeabi_ldiv0                      
00003075  SysCtlSRAMSizeGet                  
0000307f  SysCtlFlashSizeGet                 
000030ab  SysCtlFlashSectorSizeGet           
000030d1  SysCtlPeripheralPresent            
0000310d  SysCtlPeripheralReady              
00003149  SysCtlPeripheralPowerOn            
00003185  SysCtlPeripheralPowerOff           
000031c1  SysCtlPeripheralReset              
00003249  SysCtlPeripheralEnable             
00003285  SysCtlPeripheralDisable            
000032c5  SysCtlPeripheralSleepEnable        
0000330d  SysCtlPeripheralSleepDisable       
00003349  SysCtlPeripheralDeepSleepEnable    
00003385  SysCtlPeripheralDeepSleepDisable   
000033e1  SysCtlPeripheralClockGating        
00003435  SysCtlIntRegister                  
00003449  SysCtlIntUnregister                
0000345d  SysCtlIntEnable                    
00003471  SysCtlIntDisable                   
00003489  SysCtlIntClear                     
00003499  SysCtlIntStatus                    
000034b5  SysCtlLDOSleepSet                  
000034c5  SysCtlLDOSleepGet                  
000034cb  SysCtlLDODeepSleepSet              
000034db  SysCtlLDODeepSleepGet              
000034e1  SysCtlSleepPowerSet                
000034f5  SysCtlDeepSleepPowerSet            
00003505  SysCtlReset                        
0000350d  SysCtlSleep                        
00003515  SysCtlDeepSleep                    
00003531  SysCtlResetCauseGet                
00003537  SysCtlResetCauseClear              
0000354b  SysCtlMOSCConfigSet                
00003561  SysCtlPIOSCCalibrate               
000035b1  SysCtlResetBehaviorSet             
000035c1  SysCtlResetBehaviorGet             
00003611  SysCtlClockFreqSet                 
00003909  SysCtlClockSet                     
00003ad9  SysCtlClockGet                     
00003c7b  SysCtlDeepSleepClockSet            
00003c99  SysCtlDeepSleepClockConfigSet      
00003d23  SysCtlPWMClockSet                  
00003d3d  SysCtlPWMClockGet                  
00003d53  SysCtlGPIOAHBEnable                
00003d6f  SysCtlGPIOAHBDisable               
00003d8b  SysCtlUSBPLLEnable                 
00003d97  SysCtlUSBPLLDisable                
00003da9  SysCtlVoltageEventConfig           
00003db9  SysCtlVoltageEventStatus           
00003dc5  SysCtlVoltageEventClear            
00003ddd  SysCtlVCOGet                       
00003e95  SysCtlNMIStatus                    
00003ead  SysCtlNMIClear                     
00003ec9  SysCtlClockOutConfig               
00003ee5  SysCtlAltClkConfig                 
00003f87  GPIODirModeSet                     
00003fe3  GPIODirModeGet                     
0000402f  GPIOIntTypeSet                     
000040d3  GPIOIntTypeGet                     
0000415d  GPIOPadConfigSet                   
000043cb  GPIOPadConfigGet                   
0000453d  GPIOIntEnable                      
00004561  GPIOIntDisable                     
0000457b  GPIOIntStatus                      
0000459d  GPIOIntClear                       
000045b1  GPIOIntRegister                    
000045cf  GPIOIntUnregister                  
000045e9  GPIOIntRegisterPin                 
00004617  GPIOIntUnregisterPin               
0000463b  GPIOPinRead                        
00004653  GPIOPinWrite                       
00004673  GPIOPinTypeADC                     
00004697  GPIOPinTypeCAN                     
000046bb  GPIOPinTypeComparator              
000046df  GPIOPinTypeComparatorOutput        
00004703  GPIOPinTypeDIVSCLK                 
00004727  GPIOPinTypeEPI                     
0000474b  GPIOPinTypeEthernetLED             
0000476f  GPIOPinTypeEthernetMII             
00004793  GPIOPinTypeGPIOInput               
000047b7  GPIOPinTypeGPIOOutput              
000047e1  GPIOPinTypeGPIOOutputOD            
00004805  GPIOPinTypeHibernateRTCCLK         
00004829  GPIOPinTypeI2C                     
0000484d  GPIOPinTypeI2CSCL                  
00004871  GPIOPinTypeLCD                     
00004895  GPIOPinTypeOneWire                 
000048b9  GPIOPinTypePWM                     
000048dd  GPIOPinTypeQEI                     
00004901  GPIOPinTypeSSI                     
00004925  GPIOPinTypeTimer                   
00004949  GPIOPinTypeTrace                   
0000496d  GPIOPinTypeUART                    
00004991  GPIOPinTypeUSBAnalog               
000049b5  GPIOPinTypeUSBDigital              
000049d9  GPIOPinTypeWakeHigh                
000049ff  GPIOPinTypeWakeLow                 
00004a25  GPIOPinWakeStatus                  
00004a35  GPIOPinConfigure                   
00004a93  GPIODMATriggerEnable               
00004ab1  GPIODMATriggerDisable              
00004acf  GPIOADCTriggerEnable               
00004aed  GPIOADCTriggerDisable              
00004b0b  GPIOUnlockPin                      
00004b3d  vButtonPressed                     
00004b9b  vButtonHandlerTask                 
00004c99  vProcessingTask                    
00004e91  vdisplayTask                       
00005011  vTempretureMeasurementTask         
00005085  vDiagnosticsTask                   
000053b5  vRuntimeMeasurementTask            
0000541d  prvHWInit                          
0000543d  vApplicationMallocFailedHook       
0000544d  vApplicationStackOverflowHook      
0000547d  main                               
0000563f  ADCIntRegister                     
00005667  ADCIntUnregister                   
00005685  ADCIntDisable                      
000056a1  ADCIntEnable                       
000056c7  ADCIntStatus                       
0000571f  ADCIntClear                        
00005735  ADCSequenceEnable                  
0000574f  ADCSequenceDisable                 
00005769  ADCSequenceConfigure               
00005805  ADCSequenceStepConfigure           
000058f3  ADCSequenceOverflow                
0000590b  ADCSequenceOverflowClear           
00005921  ADCSequenceUnderflow               
00005939  ADCSequenceUnderflowClear          
0000594f  ADCSequenceDataGet                 
00005991  ADCProcessorTrigger                
000059b5  ADCSoftwareOversampleConfigure     
00005a07  ADCSoftwareOversampleStepConfigure 
00005ae9  ADCSoftwareOversampleDataGet       
00005b7d  ADCHardwareOversampleConfigure     
00005baf  ADCComparatorConfigure             
00005bcb  ADCComparatorRegionSet             
00005bef  ADCComparatorReset                 
00005c35  ADCComparatorIntDisable            
00005c53  ADCComparatorIntEnable             
00005c75  ADCComparatorIntStatus             
00005c89  ADCComparatorIntClear              
00005c9b  ADCIntDisableEx                    
00005cb3  ADCIntEnableEx                     
00005ccb  ADCIntStatusEx                     
00005cfd  ADCIntClearEx                      
00005d0f  ADCReferenceSet                    
00005d2b  ADCReferenceGet                    
00005d3d  ADCPhaseDelaySet                   
00005d4f  ADCPhaseDelayGet                   
00005d5d  ADCSequenceDMAEnable               
00005d79  ADCSequenceDMADisable              
00005d95  ADCBusy                            
00005dad  ADCClockConfigSet                  
00005dd7  ADCClockConfigGet                  
00005e1d  xTimerCreateTimerTask              
00005e5b  xTimerCreate                       
00005ef9  xTimerGenericCommand               
00005f79  xTimerGetTimerDaemonTaskHandle     
00005f9b  xTimerGetPeriod                    
00005fc1  vTimerSetReloadMode                
0000600b  xTimerGetReloadMode                
00006047  uxTimerGetReloadMode               
00006053  xTimerGetExpiryTime                
00006081  pcTimerGetName                     
000064a9  xTimerIsTimerActive                
000064e5  pvTimerGetTimerID                  
00006513  vTimerSetTimerID                   
00006541  xTimerPendFunctionCallFromISR      
00006577  xTimerPendFunctionCall             
000065d9  xEventGroupCreate                  
000065f9  xEventGroupSync                    
0000672b  xEventGroupWaitBits                
0000688b  xEventGroupClearBits               
000068e9  xEventGroupGetBitsFromISR          
0000691d  xEventGroupSetBits                 
00006a17  vEventGroupDelete                  
00006a81  vEventGroupSetBitsCallback         
00006a91  vEventGroupClearBitsCallback       
00006ad9  pvPortMalloc                       
00006c35  vPortFree                          
00006cd1  xPortGetFreeHeapSize               
00006cd7  xPortGetMinimumEverFreeHeapSize    
00006cdd  vPortInitialiseBlocks              
00006cdf  pvPortCalloc                       
00006e71  vPortGetHeapStats                  
00006f3b  IntMasterEnable                    
00006f4b  IntMasterDisable                   
00006f5b  IntRegister                        
00006fad  IntUnregister                      
00006fc1  IntPriorityGroupingSet             
00006fdb  IntPriorityGroupingGet             
00007013  IntPrioritySet                     
00007063  IntPriorityGet                     
00007087  IntEnable                          
000070f9  IntDisable                         
0000716b  IntIsEnabled                       
000071f1  IntPendSet                         
00007261  IntPendClear                       
000072af  IntPriorityMaskSet                 
000072bb  IntPriorityMaskGet                 
000072c3  IntTrigger                         
000072f9  pxPortInitialiseStack              
00007385  xPortStartScheduler                
0000743d  vPortEndScheduler                  
00007461  vPortEnterCritical                 
000074a3  vPortExitCritical                  
000074cf  xPortSysTickHandler                
000074f5  vPortSetupTimerInterrupt           
00007511  vPortValidateInterruptPriority     
000075a9  GPIO_BuiltinButtonsLedsInit        
0000763b  GPIO_RedLedOn                      
00007647  GPIO_BlueLedOn                     
00007653  GPIO_GreenLedOn                    
0000765f  GPIO_RedLedOff                     
0000766b  GPIO_BlueLedOff                    
00007677  GPIO_GreenLedOff                   
00007683  GPIO_RedLedToggle                  
0000768f  GPIO_BlueLedToggle                 
0000769b  GPIO_GreenLedToggle                
000076a7  GPIO_SW1GetState                   
000076b1  GPIO_SW2GetState                   
000076bb  GPIO_EXTSWGetState                 
000076c9  GPIO_SW1EdgeTriggeredInterruptInit 
00007717  GPIO_SW2EdgeTriggeredInterruptInit 
0000780f  UART0_Init                         
0000784f  UART0_SendByte                     
0000786b  UART0_ReceiveByte                  
0000787b  UART0_SendString                   
000078a1  UART0_SendInteger                  
00007981  vListInitialise                    
000079b1  vListInitialiseItem                
000079c1  vListInsertEnd                     
000079fd  vListInsert                        
00007a63  uxListRemove                       
00007abd  ulPortGetIPSR                      
00007ad5  xPortPendSVHandler                 
00007b35  vPortSVCHandler                    
00007b55  vPortStartFirstTask                
00007b79  vPortEnableVFP                     
00007b87  __aeabi_memcpy                     
00007b87  __aeabi_memcpy4                    
00007b87  __aeabi_memcpy8                    
00007b87  memcpy                             
00007c23  __aeabi_uldivmod                   
00007cb9  POT_init                           
00007cd1  POT_getValue                       
00007d39  __aeabi_memclr                     
00007d39  __aeabi_memclr4                    
00007d39  __aeabi_memclr8                    
00007d3b  __aeabi_memset                     
00007d3b  __aeabi_memset4                    
00007d3b  __aeabi_memset8                    
00007d41  memset                             
00007db3  __aeabi_ldivmod                    
00007e21  __TI_decompress_lzss               
00007e89  GPTM_WTimer0Init                   
00007eb9  GPTM_WTimer0Read                   
00007edd  __TI_auto_init_nobinit_nopinit     
00007f21  CPUcpsid                           
00007f2d  CPUprimask                         
00007f37  CPUcpsie                           
00007f43  CPUwfi                             
00007f47  CPUbasepriSet                      
00007f55  CPUbasepriGet                      
00007f61  _c_int00_noargs                    
00007f95  __TI_decompress_none               
00007fa3  __TI_zero_init                     
00007faf  ResetISR                           
00007fbb  SysCtlDelay                        
00007fc1  _system_pre_init                   
00007fc5  C$$EXIT                            
00007fc5  abort                              
00008550  ulMaxSyscallInterruptPriority      
00008560  uxTopUsedPriority                  
0000857c  __TI_Handler_Table_Base            
00008588  __TI_Handler_Table_Limit           
00008598  __TI_CINIT_Base                    
000085b0  __TI_CINIT_Limit                   
20000000  __start___llvm_prf_cnts            
20000000  __stop___llvm_prf_cnts             
20000000  g_pfnRAMVectors                    
2000230c  xFAILER_STATES                     
200023a8  BUTTONTASKHANDER                   
200023ac  DISPLAYTASKHANDLE                  
200023b0  DiagnosticsTASKHANDLE              
200023b4  MEASURMENTTEMPTASHHANDLE           
200023b8  PROCESSINGTASKHANDLE               
200023bc  RuntimeMeasurementTaskHandle       
200023c0  xBUTTONFLAGs                       
200023c4  xDiagnosticsSem                    
200023c8  xDisplayQUEUE                      
200023cc  xMutex                             
200023d0  __stack                            
200025d0  __STACK_END                        
200025d0  __STACK_TOP                        
200025d0  pxCurrentTCB                       
20002600  ulExecutionTime                    
2000261c  ulTimeIn                           
20002638  ulTimeOut                          
20002680  xDisplayMassages                   
20002688  CPU_LOAd                           
ffffffff  __TI_pprof_out_hndl                
ffffffff  __TI_prof_data_size                
ffffffff  __TI_prof_data_start               
ffffffff  __binit__                          
ffffffff  __c_args__                         
ffffffff  binit                              
UNDEFED   __mpu_init                         
UNDEFED   _system_post_cinit                 

[374 symbols]
