<?xml version="1.0" encoding="ISO-8859-1" ?>
<link_info>
   <banner>TI ARM Linker PC v20.2.7.LTS</banner>
   <copyright>Copyright (c) 1996-2018 Texas Instruments Incorporated</copyright>
   <link_time>0x67fec06a</link_time>
   <link_errors>0x0</link_errors>
   <output_file>RTOS_Project.out</output_file>
   <entry_point>
      <name>_c_int00_noargs</name>
      <address>0x7f61</address>
   </entry_point>
   <input_file_list>
      <input_file id="fl-2">
         <path>.\</path>
         <kind>object</kind>
         <file>main.obj</file>
         <name>main.obj</name>
      </input_file>
      <input_file id="fl-3">
         <path>.\</path>
         <kind>object</kind>
         <file>tm4c123gh6pm_startup_ccs.obj</file>
         <name>tm4c123gh6pm_startup_ccs.obj</name>
      </input_file>
      <input_file id="fl-4">
         <path>.\FreeRTOS\Source\</path>
         <kind>object</kind>
         <file>event_groups.obj</file>
         <name>event_groups.obj</name>
      </input_file>
      <input_file id="fl-5">
         <path>.\FreeRTOS\Source\</path>
         <kind>object</kind>
         <file>list.obj</file>
         <name>list.obj</name>
      </input_file>
      <input_file id="fl-6">
         <path>.\FreeRTOS\Source\</path>
         <kind>object</kind>
         <file>queue.obj</file>
         <name>queue.obj</name>
      </input_file>
      <input_file id="fl-7">
         <path>.\FreeRTOS\Source\</path>
         <kind>object</kind>
         <file>tasks.obj</file>
         <name>tasks.obj</name>
      </input_file>
      <input_file id="fl-8">
         <path>.\FreeRTOS\Source\</path>
         <kind>object</kind>
         <file>timers.obj</file>
         <name>timers.obj</name>
      </input_file>
      <input_file id="fl-9">
         <path>.\FreeRTOS\Source\portable\CCS\ARM_CM4F\</path>
         <kind>object</kind>
         <file>port.obj</file>
         <name>port.obj</name>
      </input_file>
      <input_file id="fl-a">
         <path>.\FreeRTOS\Source\portable\CCS\ARM_CM4F\</path>
         <kind>object</kind>
         <file>portasm.obj</file>
         <name>portasm.obj</name>
      </input_file>
      <input_file id="fl-b">
         <path>.\FreeRTOS\Source\portable\MemMang\</path>
         <kind>object</kind>
         <file>heap_4.obj</file>
         <name>heap_4.obj</name>
      </input_file>
      <input_file id="fl-c">
         <path>.\HAL\POTS\</path>
         <kind>object</kind>
         <file>pots.obj</file>
         <name>pots.obj</name>
      </input_file>
      <input_file id="fl-d">
         <path>.\MCAL\GPIO\</path>
         <kind>object</kind>
         <file>gpio.obj</file>
         <name>gpio.obj</name>
      </input_file>
      <input_file id="fl-e">
         <path>.\MCAL\GPTM\</path>
         <kind>object</kind>
         <file>GPTM.obj</file>
         <name>GPTM.obj</name>
      </input_file>
      <input_file id="fl-f">
         <path>.\MCAL\UART\</path>
         <kind>object</kind>
         <file>uart0.obj</file>
         <name>uart0.obj</name>
      </input_file>
      <input_file id="fl-10">
         <path>.\driverlib\</path>
         <kind>object</kind>
         <file>adc.obj</file>
         <name>adc.obj</name>
      </input_file>
      <input_file id="fl-11">
         <path>.\driverlib\</path>
         <kind>object</kind>
         <file>aes.obj</file>
         <name>aes.obj</name>
      </input_file>
      <input_file id="fl-12">
         <path>.\driverlib\</path>
         <kind>object</kind>
         <file>can.obj</file>
         <name>can.obj</name>
      </input_file>
      <input_file id="fl-13">
         <path>.\driverlib\</path>
         <kind>object</kind>
         <file>comp.obj</file>
         <name>comp.obj</name>
      </input_file>
      <input_file id="fl-14">
         <path>.\driverlib\</path>
         <kind>object</kind>
         <file>cpu.obj</file>
         <name>cpu.obj</name>
      </input_file>
      <input_file id="fl-15">
         <path>.\driverlib\</path>
         <kind>object</kind>
         <file>crc.obj</file>
         <name>crc.obj</name>
      </input_file>
      <input_file id="fl-16">
         <path>.\driverlib\</path>
         <kind>object</kind>
         <file>des.obj</file>
         <name>des.obj</name>
      </input_file>
      <input_file id="fl-17">
         <path>.\driverlib\</path>
         <kind>object</kind>
         <file>eeprom.obj</file>
         <name>eeprom.obj</name>
      </input_file>
      <input_file id="fl-18">
         <path>.\driverlib\</path>
         <kind>object</kind>
         <file>emac.obj</file>
         <name>emac.obj</name>
      </input_file>
      <input_file id="fl-19">
         <path>.\driverlib\</path>
         <kind>object</kind>
         <file>epi.obj</file>
         <name>epi.obj</name>
      </input_file>
      <input_file id="fl-1a">
         <path>.\driverlib\</path>
         <kind>object</kind>
         <file>epi_workaround_ccs.obj</file>
         <name>epi_workaround_ccs.obj</name>
      </input_file>
      <input_file id="fl-1b">
         <path>.\driverlib\</path>
         <kind>object</kind>
         <file>flash.obj</file>
         <name>flash.obj</name>
      </input_file>
      <input_file id="fl-1c">
         <path>.\driverlib\</path>
         <kind>object</kind>
         <file>fpu.obj</file>
         <name>fpu.obj</name>
      </input_file>
      <input_file id="fl-1d">
         <path>.\driverlib\</path>
         <kind>object</kind>
         <file>gpio.obj</file>
         <name>gpio.obj</name>
      </input_file>
      <input_file id="fl-1e">
         <path>.\driverlib\</path>
         <kind>object</kind>
         <file>hibernate.obj</file>
         <name>hibernate.obj</name>
      </input_file>
      <input_file id="fl-1f">
         <path>.\driverlib\</path>
         <kind>object</kind>
         <file>i2c.obj</file>
         <name>i2c.obj</name>
      </input_file>
      <input_file id="fl-20">
         <path>.\driverlib\</path>
         <kind>object</kind>
         <file>interrupt.obj</file>
         <name>interrupt.obj</name>
      </input_file>
      <input_file id="fl-21">
         <path>.\driverlib\</path>
         <kind>object</kind>
         <file>lcd.obj</file>
         <name>lcd.obj</name>
      </input_file>
      <input_file id="fl-22">
         <path>.\driverlib\</path>
         <kind>object</kind>
         <file>mpu.obj</file>
         <name>mpu.obj</name>
      </input_file>
      <input_file id="fl-23">
         <path>.\driverlib\</path>
         <kind>object</kind>
         <file>onewire.obj</file>
         <name>onewire.obj</name>
      </input_file>
      <input_file id="fl-24">
         <path>.\driverlib\</path>
         <kind>object</kind>
         <file>pwm.obj</file>
         <name>pwm.obj</name>
      </input_file>
      <input_file id="fl-25">
         <path>.\driverlib\</path>
         <kind>object</kind>
         <file>qei.obj</file>
         <name>qei.obj</name>
      </input_file>
      <input_file id="fl-26">
         <path>.\driverlib\</path>
         <kind>object</kind>
         <file>shamd5.obj</file>
         <name>shamd5.obj</name>
      </input_file>
      <input_file id="fl-27">
         <path>.\driverlib\</path>
         <kind>object</kind>
         <file>ssi.obj</file>
         <name>ssi.obj</name>
      </input_file>
      <input_file id="fl-28">
         <path>.\driverlib\</path>
         <kind>object</kind>
         <file>sw_crc.obj</file>
         <name>sw_crc.obj</name>
      </input_file>
      <input_file id="fl-29">
         <path>.\driverlib\</path>
         <kind>object</kind>
         <file>sysctl.obj</file>
         <name>sysctl.obj</name>
      </input_file>
      <input_file id="fl-2a">
         <path>.\driverlib\</path>
         <kind>object</kind>
         <file>sysexc.obj</file>
         <name>sysexc.obj</name>
      </input_file>
      <input_file id="fl-2b">
         <path>.\driverlib\</path>
         <kind>object</kind>
         <file>systick.obj</file>
         <name>systick.obj</name>
      </input_file>
      <input_file id="fl-2c">
         <path>.\driverlib\</path>
         <kind>object</kind>
         <file>timer.obj</file>
         <name>timer.obj</name>
      </input_file>
      <input_file id="fl-2d">
         <path>.\driverlib\</path>
         <kind>object</kind>
         <file>uart.obj</file>
         <name>uart.obj</name>
      </input_file>
      <input_file id="fl-2e">
         <path>.\driverlib\</path>
         <kind>object</kind>
         <file>udma.obj</file>
         <name>udma.obj</name>
      </input_file>
      <input_file id="fl-2f">
         <path>.\driverlib\</path>
         <kind>object</kind>
         <file>usb.obj</file>
         <name>usb.obj</name>
      </input_file>
      <input_file id="fl-30">
         <path>.\driverlib\</path>
         <kind>object</kind>
         <file>watchdog.obj</file>
         <name>watchdog.obj</name>
      </input_file>
      <input_file id="fl-38">
         <kind>object</kind>
         <file>&lt;internal&gt;</file>
         <name>&lt;internal&gt;</name>
      </input_file>
      <input_file id="fl-ee">
         <path>C:\ti\ccs1281\ccs\tools\compiler\ti-cgt-arm_20.2.7.LTS\lib\</path>
         <kind>archive</kind>
         <file>rtsv7M4_T_le_v4SPD16_eabi.lib</file>
         <name>memcpy_t2.asm.obj</name>
      </input_file>
      <input_file id="fl-ef">
         <path>C:\ti\ccs1281\ccs\tools\compiler\ti-cgt-arm_20.2.7.LTS\lib\</path>
         <kind>archive</kind>
         <file>rtsv7M4_T_le_v4SPD16_eabi.lib</file>
         <name>memset_t2.asm.obj</name>
      </input_file>
      <input_file id="fl-f0">
         <path>C:\ti\ccs1281\ccs\tools\compiler\ti-cgt-arm_20.2.7.LTS\lib\</path>
         <kind>archive</kind>
         <file>rtsv7M4_T_le_v4SPD16_eabi.lib</file>
         <name>ll_div_t2.asm.obj</name>
      </input_file>
      <input_file id="fl-f1">
         <path>C:\ti\ccs1281\ccs\tools\compiler\ti-cgt-arm_20.2.7.LTS\lib\</path>
         <kind>archive</kind>
         <file>rtsv7M4_T_le_v4SPD16_eabi.lib</file>
         <name>ull_div_t2.asm.obj</name>
      </input_file>
      <input_file id="fl-f2">
         <path>C:\ti\ccs1281\ccs\tools\compiler\ti-cgt-arm_20.2.7.LTS\lib\</path>
         <kind>archive</kind>
         <file>rtsv7M4_T_le_v4SPD16_eabi.lib</file>
         <name>copy_zero_init.c.obj</name>
      </input_file>
      <input_file id="fl-f3">
         <path>C:\ti\ccs1281\ccs\tools\compiler\ti-cgt-arm_20.2.7.LTS\lib\</path>
         <kind>archive</kind>
         <file>rtsv7M4_T_le_v4SPD16_eabi.lib</file>
         <name>copy_decompress_none.c.obj</name>
      </input_file>
      <input_file id="fl-f4">
         <path>C:\ti\ccs1281\ccs\tools\compiler\ti-cgt-arm_20.2.7.LTS\lib\</path>
         <kind>archive</kind>
         <file>rtsv7M4_T_le_v4SPD16_eabi.lib</file>
         <name>copy_decompress_lzss.c.obj</name>
      </input_file>
      <input_file id="fl-f5">
         <path>C:\ti\ccs1281\ccs\tools\compiler\ti-cgt-arm_20.2.7.LTS\lib\</path>
         <kind>archive</kind>
         <file>rtsv7M4_T_le_v4SPD16_eabi.lib</file>
         <name>boot_cortex_m.c.obj</name>
      </input_file>
      <input_file id="fl-f6">
         <path>C:\ti\ccs1281\ccs\tools\compiler\ti-cgt-arm_20.2.7.LTS\lib\</path>
         <kind>archive</kind>
         <file>rtsv7M4_T_le_v4SPD16_eabi.lib</file>
         <name>div0.asm.obj</name>
      </input_file>
      <input_file id="fl-f7">
         <path>C:\ti\ccs1281\ccs\tools\compiler\ti-cgt-arm_20.2.7.LTS\lib\</path>
         <kind>archive</kind>
         <file>rtsv7M4_T_le_v4SPD16_eabi.lib</file>
         <name>autoinit.c.obj</name>
      </input_file>
      <input_file id="fl-f8">
         <path>C:\ti\ccs1281\ccs\tools\compiler\ti-cgt-arm_20.2.7.LTS\lib\</path>
         <kind>archive</kind>
         <file>rtsv7M4_T_le_v4SPD16_eabi.lib</file>
         <name>pre_init.c.obj</name>
      </input_file>
      <input_file id="fl-f9">
         <path>C:\ti\ccs1281\ccs\tools\compiler\ti-cgt-arm_20.2.7.LTS\lib\</path>
         <kind>archive</kind>
         <file>rtsv7M4_T_le_v4SPD16_eabi.lib</file>
         <name>cpy_tbl.c.obj</name>
      </input_file>
      <input_file id="fl-fa">
         <path>C:\ti\ccs1281\ccs\tools\compiler\ti-cgt-arm_20.2.7.LTS\lib\</path>
         <kind>archive</kind>
         <file>rtsv7M4_T_le_v4SPD16_eabi.lib</file>
         <name>exit.c.obj</name>
      </input_file>
      <input_file id="fl-fb">
         <path>C:\ti\ccs1281\ccs\tools\compiler\ti-cgt-arm_20.2.7.LTS\lib\</path>
         <kind>archive</kind>
         <file>rtsv7M4_T_le_v4SPD16_eabi.lib</file>
         <name>_lock.c.obj</name>
      </input_file>
      <input_file id="fl-fc">
         <path>C:\ti\ccs1281\ccs\tools\compiler\ti-cgt-arm_20.2.7.LTS\lib\</path>
         <kind>archive</kind>
         <file>rtsv7M4_T_le_v4SPD16_eabi.lib</file>
         <name>args_main.c.obj</name>
      </input_file>
   </input_file_list>
   <object_component_list>
      <object_component id="oc-12">
         <name>.intvecs</name>
         <load_address>0x0</load_address>
         <run_address>0x0</run_address>
         <size>0x26c</size>
         <input_file_ref idref="fl-3"/>
      </object_component>
      <object_component id="oc-85">
         <name>.text</name>
         <load_address>0x26c</load_address>
         <run_address>0x26c</run_address>
         <size>0x1d38</size>
         <input_file_ref idref="fl-7"/>
      </object_component>
      <object_component id="oc-ac">
         <name>.text</name>
         <load_address>0x1fa4</load_address>
         <run_address>0x1fa4</run_address>
         <size>0x100e</size>
         <input_file_ref idref="fl-6"/>
      </object_component>
      <object_component id="oc-298">
         <name>.text</name>
         <load_address>0x2fb2</load_address>
         <run_address>0x2fb2</run_address>
         <size>0x2</size>
         <input_file_ref idref="fl-f6"/>
      </object_component>
      <object_component id="oc-1a1">
         <name>.text</name>
         <load_address>0x2fb4</load_address>
         <run_address>0x2fb4</run_address>
         <size>0xf74</size>
         <input_file_ref idref="fl-29"/>
      </object_component>
      <object_component id="oc-1a7">
         <name>.text</name>
         <load_address>0x3f28</load_address>
         <run_address>0x3f28</run_address>
         <size>0xc14</size>
         <input_file_ref idref="fl-1d"/>
      </object_component>
      <object_component id="oc-38">
         <name>.text</name>
         <load_address>0x4b3c</load_address>
         <run_address>0x4b3c</run_address>
         <size>0xaa8</size>
         <input_file_ref idref="fl-2"/>
      </object_component>
      <object_component id="oc-1cc">
         <name>.text</name>
         <load_address>0x55e4</load_address>
         <run_address>0x55e4</run_address>
         <size>0x838</size>
         <input_file_ref idref="fl-10"/>
      </object_component>
      <object_component id="oc-a0">
         <name>.text</name>
         <load_address>0x5e1c</load_address>
         <run_address>0x5e1c</run_address>
         <size>0x7bc</size>
         <input_file_ref idref="fl-8"/>
      </object_component>
      <object_component id="oc-a6">
         <name>.text</name>
         <load_address>0x65d8</load_address>
         <run_address>0x65d8</run_address>
         <size>0x4fe</size>
         <input_file_ref idref="fl-4"/>
      </object_component>
      <object_component id="oc-139">
         <name>.text</name>
         <load_address>0x6ad8</load_address>
         <run_address>0x6ad8</run_address>
         <size>0x460</size>
         <input_file_ref idref="fl-b"/>
      </object_component>
      <object_component id="oc-270">
         <name>.text</name>
         <load_address>0x6f38</load_address>
         <run_address>0x6f38</run_address>
         <size>0x3c0</size>
         <input_file_ref idref="fl-20"/>
      </object_component>
      <object_component id="oc-32">
         <name>.text</name>
         <load_address>0x72f8</load_address>
         <run_address>0x72f8</run_address>
         <size>0x2b0</size>
         <input_file_ref idref="fl-9"/>
      </object_component>
      <object_component id="oc-b2">
         <name>.text</name>
         <load_address>0x75a8</load_address>
         <run_address>0x75a8</run_address>
         <size>0x210</size>
         <input_file_ref idref="fl-d"/>
      </object_component>
      <object_component id="oc-c8">
         <name>.text</name>
         <load_address>0x77b8</load_address>
         <run_address>0x77b8</run_address>
         <size>0x1c8</size>
         <input_file_ref idref="fl-f"/>
      </object_component>
      <object_component id="oc-13f">
         <name>.text</name>
         <load_address>0x7980</load_address>
         <run_address>0x7980</run_address>
         <size>0x12a</size>
         <input_file_ref idref="fl-5"/>
      </object_component>
      <object_component id="oc-2d">
         <name>.text</name>
         <load_address>0x7aac</load_address>
         <run_address>0x7aac</run_address>
         <size>0xda</size>
         <input_file_ref idref="fl-a"/>
      </object_component>
      <object_component id="oc-4c">
         <name>.text</name>
         <load_address>0x7b86</load_address>
         <run_address>0x7b86</run_address>
         <size>0x9c</size>
         <input_file_ref idref="fl-ee"/>
      </object_component>
      <object_component id="oc-29d">
         <name>.text</name>
         <load_address>0x7c22</load_address>
         <run_address>0x7c22</run_address>
         <size>0x96</size>
         <input_file_ref idref="fl-f1"/>
      </object_component>
      <object_component id="oc-ce">
         <name>.text</name>
         <load_address>0x7cb8</load_address>
         <run_address>0x7cb8</run_address>
         <size>0x80</size>
         <input_file_ref idref="fl-c"/>
      </object_component>
      <object_component id="oc-117">
         <name>.text</name>
         <load_address>0x7d38</load_address>
         <run_address>0x7d38</run_address>
         <size>0x7a</size>
         <input_file_ref idref="fl-ef"/>
      </object_component>
      <object_component id="oc-1c5">
         <name>.text</name>
         <load_address>0x7db2</load_address>
         <run_address>0x7db2</run_address>
         <size>0x6e</size>
         <input_file_ref idref="fl-f0"/>
      </object_component>
      <object_component id="oc-15">
         <name>.text:decompress:lzss:__TI_decompress_lzss</name>
         <load_address>0x7e20</load_address>
         <run_address>0x7e20</run_address>
         <size>0x68</size>
         <input_file_ref idref="fl-f4"/>
      </object_component>
      <object_component id="oc-da">
         <name>.text</name>
         <load_address>0x7e88</load_address>
         <run_address>0x7e88</run_address>
         <size>0x54</size>
         <input_file_ref idref="fl-e"/>
      </object_component>
      <object_component id="oc-1f5">
         <name>.text:__TI_auto_init_nobinit_nopinit:__TI_auto_init_nobinit_nopinit</name>
         <load_address>0x7edc</load_address>
         <run_address>0x7edc</run_address>
         <size>0x44</size>
         <input_file_ref idref="fl-f7"/>
      </object_component>
      <object_component id="oc-276">
         <name>.text</name>
         <load_address>0x7f20</load_address>
         <run_address>0x7f20</run_address>
         <size>0x3e</size>
         <input_file_ref idref="fl-14"/>
      </object_component>
      <object_component id="oc-6a">
         <name>.text:_c_int00_noargs:_c_int00_noargs</name>
         <load_address>0x7f60</load_address>
         <run_address>0x7f60</run_address>
         <size>0x34</size>
         <input_file_ref idref="fl-f5"/>
      </object_component>
      <object_component id="oc-1b">
         <name>.text:decompress:none:__TI_decompress_none</name>
         <load_address>0x7f94</load_address>
         <run_address>0x7f94</run_address>
         <size>0xe</size>
         <input_file_ref idref="fl-f3"/>
      </object_component>
      <object_component id="oc-5e">
         <name>.text:decompress:ZI:__TI_zero_init</name>
         <load_address>0x7fa2</load_address>
         <run_address>0x7fa2</run_address>
         <size>0xc</size>
         <input_file_ref idref="fl-f2"/>
      </object_component>
      <object_component id="oc-27">
         <name>.text</name>
         <load_address>0x7fae</load_address>
         <run_address>0x7fae</run_address>
         <size>0xc</size>
         <input_file_ref idref="fl-3"/>
      </object_component>
      <object_component id="oc-285">
         <name>.text:SysCtlDelay</name>
         <load_address>0x7fba</load_address>
         <run_address>0x7fba</run_address>
         <size>0x6</size>
         <input_file_ref idref="fl-29"/>
      </object_component>
      <object_component id="oc-11d">
         <name>.text:_system_pre_init</name>
         <load_address>0x7fc0</load_address>
         <run_address>0x7fc0</run_address>
         <size>0x4</size>
         <input_file_ref idref="fl-f8"/>
      </object_component>
      <object_component id="oc-1e9">
         <name>.text:abort:abort</name>
         <load_address>0x7fc4</load_address>
         <run_address>0x7fc4</run_address>
         <size>0x4</size>
         <input_file_ref idref="fl-fa"/>
      </object_component>
      <object_component id="oc-282">
         <name>.const:g_pppui32XTALtoVCO</name>
         <load_address>0x7fc8</load_address>
         <run_address>0x7fc8</run_address>
         <size>0x1b0</size>
         <input_file_ref idref="fl-29"/>
      </object_component>
      <object_component id="oc-290">
         <name>.const:g_ppui32GPIOIntMapSnowflake</name>
         <load_address>0x8178</load_address>
         <run_address>0x8178</run_address>
         <size>0xd8</size>
         <input_file_ref idref="fl-1d"/>
      </object_component>
      <object_component id="oc-28d">
         <name>.const:g_ppui32GPIOIntMapBlizzard</name>
         <load_address>0x8250</load_address>
         <run_address>0x8250</run_address>
         <size>0xc0</size>
         <input_file_ref idref="fl-1d"/>
      </object_component>
      <object_component id="oc-2e8">
         <name>.const:g_pui32Regs</name>
         <load_address>0x8310</load_address>
         <run_address>0x8310</run_address>
         <size>0x9c</size>
         <input_file_ref idref="fl-20"/>
      </object_component>
      <object_component id="oc-293">
         <name>.const:g_pui32GPIOBaseAddrs</name>
         <load_address>0x83ac</load_address>
         <run_address>0x83ac</run_address>
         <size>0x90</size>
         <input_file_ref idref="fl-1d"/>
      </object_component>
      <object_component id="oc-27c">
         <name>.const:g_pui32Xtals</name>
         <load_address>0x843c</load_address>
         <run_address>0x843c</run_address>
         <size>0x6c</size>
         <input_file_ref idref="fl-29"/>
      </object_component>
      <object_component id="oc-26d">
         <name>.const:g_sXTALtoMEMTIM</name>
         <load_address>0x84a8</load_address>
         <run_address>0x84a8</run_address>
         <size>0x30</size>
         <input_file_ref idref="fl-29"/>
      </object_component>
      <object_component id="oc-2e5">
         <name>.const:g_pui32Priority</name>
         <load_address>0x84d8</load_address>
         <run_address>0x84d8</run_address>
         <size>0x20</size>
         <input_file_ref idref="fl-20"/>
      </object_component>
      <object_component id="oc-2ee">
         <name>.const:g_pui32Dii16Regs</name>
         <load_address>0x84f8</load_address>
         <run_address>0x84f8</run_address>
         <size>0x14</size>
         <input_file_ref idref="fl-20"/>
      </object_component>
      <object_component id="oc-2eb">
         <name>.const:g_pui32EnRegs</name>
         <load_address>0x850c</load_address>
         <run_address>0x850c</run_address>
         <size>0x14</size>
         <input_file_ref idref="fl-20"/>
      </object_component>
      <object_component id="oc-2f1">
         <name>.const:g_pui32PendRegs</name>
         <load_address>0x8520</load_address>
         <run_address>0x8520</run_address>
         <size>0x14</size>
         <input_file_ref idref="fl-20"/>
      </object_component>
      <object_component id="oc-2f4">
         <name>.const:g_pui32UnpendRegs</name>
         <load_address>0x8534</load_address>
         <run_address>0x8534</run_address>
         <size>0x14</size>
         <input_file_ref idref="fl-20"/>
      </object_component>
      <object_component id="oc-27f">
         <name>.const:g_pui32VCOFrequencies</name>
         <load_address>0x8548</load_address>
         <run_address>0x8548</run_address>
         <size>0x8</size>
         <input_file_ref idref="fl-29"/>
      </object_component>
      <object_component id="oc-82">
         <name>.const</name>
         <load_address>0x8550</load_address>
         <run_address>0x8550</run_address>
         <size>0x8</size>
         <input_file_ref idref="fl-9"/>
      </object_component>
      <object_component id="oc-be">
         <name>.const:$P$T1$2</name>
         <load_address>0x8558</load_address>
         <run_address>0x8558</run_address>
         <size>0x4</size>
         <input_file_ref idref="fl-2"/>
      </object_component>
      <object_component id="oc-bb">
         <name>.const:.string:$P$T0$1</name>
         <load_address>0x855c</load_address>
         <run_address>0x855c</run_address>
         <size>0x4</size>
         <input_file_ref idref="fl-2"/>
      </object_component>
      <object_component id="oc-14b">
         <name>.const</name>
         <load_address>0x8560</load_address>
         <run_address>0x8560</run_address>
         <size>0x4</size>
         <input_file_ref idref="fl-7"/>
      </object_component>
      <object_component id="oc-385">
         <name>.cinit..data.load</name>
         <load_address>0x8568</load_address>
         <run_address>0x8568</run_address>
         <size>0x14</size>
      </object_component>
      <object_component id="oc-382">
         <name>__TI_handler_table</name>
         <load_address>0x857c</load_address>
         <run_address>0x857c</run_address>
         <size>0xc</size>
      </object_component>
      <object_component id="oc-386">
         <name>.cinit..bss.load</name>
         <load_address>0x8588</load_address>
         <run_address>0x8588</run_address>
         <size>0x8</size>
      </object_component>
      <object_component id="oc-384">
         <name>.cinit..vtable.load</name>
         <load_address>0x8590</load_address>
         <run_address>0x8590</run_address>
         <size>0x8</size>
      </object_component>
      <object_component id="oc-383">
         <name>__TI_cinit_table</name>
         <load_address>0x8598</load_address>
         <run_address>0x8598</run_address>
         <size>0x18</size>
      </object_component>
      <object_component id="oc-2e2">
         <name>.vtable</name>
         <uninitialized>true</uninitialized>
         <run_address>0x20000000</run_address>
         <size>0x26c</size>
         <input_file_ref idref="fl-20"/>
      </object_component>
      <object_component id="oc-c4">
         <name>.data:xDisplayMassages</name>
         <load_address>0x20002680</load_address>
         <run_address>0x20002680</run_address>
         <size>0x6</size>
         <input_file_ref idref="fl-2"/>
      </object_component>
      <object_component id="oc-148">
         <name>.data:ulTimeIn</name>
         <load_address>0x2000261c</load_address>
         <run_address>0x2000261c</run_address>
         <size>0x1c</size>
         <input_file_ref idref="fl-2"/>
      </object_component>
      <object_component id="oc-154">
         <name>.data:ulTimeOut</name>
         <load_address>0x20002638</load_address>
         <run_address>0x20002638</run_address>
         <size>0x1c</size>
         <input_file_ref idref="fl-2"/>
      </object_component>
      <object_component id="oc-d4">
         <name>.data:ulExecutionTime</name>
         <load_address>0x20002600</load_address>
         <run_address>0x20002600</run_address>
         <size>0x1c</size>
         <input_file_ref idref="fl-2"/>
      </object_component>
      <object_component id="oc-d7">
         <name>.data</name>
         <load_address>0x20002688</load_address>
         <run_address>0x20002688</run_address>
         <size>0x4</size>
         <input_file_ref idref="fl-2"/>
      </object_component>
      <object_component id="oc-7f">
         <name>.data</name>
         <load_address>0x200025d0</load_address>
         <run_address>0x200025d0</run_address>
         <size>0x30</size>
         <input_file_ref idref="fl-7"/>
      </object_component>
      <object_component id="oc-176">
         <name>.data</name>
         <load_address>0x20002674</load_address>
         <run_address>0x20002674</run_address>
         <size>0xc</size>
         <input_file_ref idref="fl-8"/>
      </object_component>
      <object_component id="oc-8c">
         <name>.data</name>
         <load_address>0x20002668</load_address>
         <run_address>0x20002668</run_address>
         <size>0xc</size>
         <input_file_ref idref="fl-9"/>
      </object_component>
      <object_component id="oc-238">
         <name>.data</name>
         <load_address>0x20002654</load_address>
         <run_address>0x20002654</run_address>
         <size>0x14</size>
         <input_file_ref idref="fl-b"/>
      </object_component>
      <object_component id="oc-145">
         <name>.bss:pxReadyTasksLists</name>
         <uninitialized>true</uninitialized>
         <run_address>0x2000226c</run_address>
         <size>0xa0</size>
         <input_file_ref idref="fl-7"/>
      </object_component>
      <object_component id="oc-157">
         <name>.bss:xDelayedTaskList1</name>
         <uninitialized>true</uninitialized>
         <run_address>0x2000234c</run_address>
         <size>0x14</size>
         <input_file_ref idref="fl-7"/>
      </object_component>
      <object_component id="oc-15a">
         <name>.bss:xDelayedTaskList2</name>
         <uninitialized>true</uninitialized>
         <run_address>0x20002360</run_address>
         <size>0x14</size>
         <input_file_ref idref="fl-7"/>
      </object_component>
      <object_component id="oc-151">
         <name>.bss</name>
         <uninitialized>true</uninitialized>
         <run_address>0x20002390</run_address>
         <size>0x8</size>
         <input_file_ref idref="fl-7"/>
      </object_component>
      <object_component id="oc-14e">
         <name>.bss:xPendingReadyList</name>
         <uninitialized>true</uninitialized>
         <run_address>0x20002374</run_address>
         <size>0x14</size>
         <input_file_ref idref="fl-7"/>
      </object_component>
      <object_component id="oc-17c">
         <name>.bss:xActiveTimerList1</name>
         <uninitialized>true</uninitialized>
         <run_address>0x20002324</run_address>
         <size>0x14</size>
         <input_file_ref idref="fl-8"/>
      </object_component>
      <object_component id="oc-17f">
         <name>.bss:xActiveTimerList2</name>
         <uninitialized>true</uninitialized>
         <run_address>0x20002338</run_address>
         <size>0x14</size>
         <input_file_ref idref="fl-8"/>
      </object_component>
      <object_component id="oc-179">
         <name>.bss</name>
         <uninitialized>true</uninitialized>
         <run_address>0x20002398</run_address>
         <size>0x8</size>
         <input_file_ref idref="fl-8"/>
      </object_component>
      <object_component id="oc-23e">
         <name>.bss:ucHeap</name>
         <uninitialized>true</uninitialized>
         <run_address>0x2000026c</run_address>
         <size>0x2000</size>
         <input_file_ref idref="fl-b"/>
      </object_component>
      <object_component id="oc-23b">
         <name>.bss:xStart</name>
         <uninitialized>true</uninitialized>
         <run_address>0x200023a0</run_address>
         <size>0x8</size>
         <input_file_ref idref="fl-b"/>
      </object_component>
      <object_component id="oc-2a5">
         <name>.bss:g_pui8OversampleFactor</name>
         <uninitialized>true</uninitialized>
         <run_address>0x20002388</run_address>
         <size>0x8</size>
         <input_file_ref idref="fl-10"/>
      </object_component>
      <object_component id="oc-e1">
         <name>.common:xFAILER_STATES</name>
         <uninitialized>true</uninitialized>
         <run_address>0x2000230c</run_address>
         <size>0x18</size>
      </object_component>
      <object_component id="oc-c1">
         <name>.common:BUTTONTASKHANDER</name>
         <uninitialized>true</uninitialized>
         <run_address>0x200023a8</run_address>
         <size>0x4</size>
      </object_component>
      <object_component id="oc-c3">
         <name>.common:MEASURMENTTEMPTASHHANDLE</name>
         <uninitialized>true</uninitialized>
         <run_address>0x200023b4</run_address>
         <size>0x4</size>
      </object_component>
      <object_component id="oc-e4">
         <name>.common:DiagnosticsTASKHANDLE</name>
         <uninitialized>true</uninitialized>
         <run_address>0x200023b0</run_address>
         <size>0x4</size>
      </object_component>
      <object_component id="oc-e2">
         <name>.common:DISPLAYTASKHANDLE</name>
         <uninitialized>true</uninitialized>
         <run_address>0x200023ac</run_address>
         <size>0x4</size>
      </object_component>
      <object_component id="oc-e3">
         <name>.common:PROCESSINGTASKHANDLE</name>
         <uninitialized>true</uninitialized>
         <run_address>0x200023b8</run_address>
         <size>0x4</size>
      </object_component>
      <object_component id="oc-e5">
         <name>.common:RuntimeMeasurementTaskHandle</name>
         <uninitialized>true</uninitialized>
         <run_address>0x200023bc</run_address>
         <size>0x4</size>
      </object_component>
      <object_component id="oc-b8">
         <name>.common:xBUTTONFLAGs</name>
         <uninitialized>true</uninitialized>
         <run_address>0x200023c0</run_address>
         <size>0x4</size>
      </object_component>
      <object_component id="oc-c2">
         <name>.common:xDisplayQUEUE</name>
         <uninitialized>true</uninitialized>
         <run_address>0x200023c8</run_address>
         <size>0x4</size>
      </object_component>
      <object_component id="oc-c7">
         <name>.common:xDiagnosticsSem</name>
         <uninitialized>true</uninitialized>
         <run_address>0x200023c4</run_address>
         <size>0x4</size>
      </object_component>
      <object_component id="oc-e0">
         <name>.common:xMutex</name>
         <uninitialized>true</uninitialized>
         <run_address>0x200023cc</run_address>
         <size>0x4</size>
      </object_component>
      <object_component id="oc-24">
         <name>.stack</name>
         <uninitialized>true</uninitialized>
         <run_address>0x200023d0</run_address>
         <size>0x4</size>
         <input_file_ref idref="fl-f5"/>
      </object_component>
      <object_component id="oc-388">
         <name>.stack</name>
         <uninitialized>true</uninitialized>
         <run_address>0x200023d0</run_address>
         <size>0x0</size>
      </object_component>
      <object_component id="oc-b9">
         <name>.debug_info</name>
         <load_address>0x0</load_address>
         <run_address>0x0</run_address>
         <size>0xd3b</size>
         <input_file_ref idref="fl-2"/>
      </object_component>
      <object_component id="oc-c5">
         <name>.debug_info</name>
         <load_address>0xd3b</load_address>
         <run_address>0xd3b</run_address>
         <size>0x105</size>
         <input_file_ref idref="fl-2"/>
      </object_component>
      <object_component id="oc-149">
         <name>.debug_info</name>
         <load_address>0xe40</load_address>
         <run_address>0xe40</run_address>
         <size>0xf5</size>
         <input_file_ref idref="fl-2"/>
      </object_component>
      <object_component id="oc-155">
         <name>.debug_info</name>
         <load_address>0xf35</load_address>
         <run_address>0xf35</run_address>
         <size>0xf7</size>
         <input_file_ref idref="fl-2"/>
      </object_component>
      <object_component id="oc-d5">
         <name>.debug_info</name>
         <load_address>0x102c</load_address>
         <run_address>0x102c</run_address>
         <size>0x103</size>
         <input_file_ref idref="fl-2"/>
      </object_component>
      <object_component id="oc-d8">
         <name>.debug_info</name>
         <load_address>0x112f</load_address>
         <run_address>0x112f</run_address>
         <size>0xf5</size>
         <input_file_ref idref="fl-2"/>
      </object_component>
      <object_component id="oc-bc">
         <name>.debug_info</name>
         <load_address>0x1224</load_address>
         <run_address>0x1224</run_address>
         <size>0xf2</size>
         <input_file_ref idref="fl-2"/>
      </object_component>
      <object_component id="oc-bf">
         <name>.debug_info</name>
         <load_address>0x1316</load_address>
         <run_address>0x1316</run_address>
         <size>0xf2</size>
         <input_file_ref idref="fl-2"/>
      </object_component>
      <object_component id="oc-39">
         <name>.debug_info</name>
         <load_address>0x1408</load_address>
         <run_address>0x1408</run_address>
         <size>0x12e6</size>
         <input_file_ref idref="fl-2"/>
      </object_component>
      <object_component id="oc-e7">
         <name>.debug_info</name>
         <load_address>0x26ee</load_address>
         <run_address>0x26ee</run_address>
         <size>0x17a</size>
         <input_file_ref idref="fl-2"/>
      </object_component>
      <object_component id="oc-f6">
         <name>.debug_info</name>
         <load_address>0x2868</load_address>
         <run_address>0x2868</run_address>
         <size>0x30c</size>
         <input_file_ref idref="fl-2"/>
      </object_component>
      <object_component id="oc-fd">
         <name>.debug_info</name>
         <load_address>0x2b74</load_address>
         <run_address>0x2b74</run_address>
         <size>0x26b</size>
         <input_file_ref idref="fl-2"/>
      </object_component>
      <object_component id="oc-16c">
         <name>.debug_info</name>
         <load_address>0x2ddf</load_address>
         <run_address>0x2ddf</run_address>
         <size>0x3f8</size>
         <input_file_ref idref="fl-2"/>
      </object_component>
      <object_component id="oc-ec">
         <name>.debug_info</name>
         <load_address>0x31d7</load_address>
         <run_address>0x31d7</run_address>
         <size>0x42</size>
         <input_file_ref idref="fl-2"/>
      </object_component>
      <object_component id="oc-1b0">
         <name>.debug_info</name>
         <load_address>0x3219</load_address>
         <run_address>0x3219</run_address>
         <size>0x4f</size>
         <input_file_ref idref="fl-2"/>
      </object_component>
      <object_component id="oc-1ba">
         <name>.debug_info</name>
         <load_address>0x3268</load_address>
         <run_address>0x3268</run_address>
         <size>0x2c</size>
         <input_file_ref idref="fl-2"/>
      </object_component>
      <object_component id="oc-47">
         <name>.debug_info</name>
         <load_address>0x3294</load_address>
         <run_address>0x3294</run_address>
         <size>0x84</size>
         <input_file_ref idref="fl-2"/>
      </object_component>
      <object_component id="oc-91">
         <name>.debug_info</name>
         <load_address>0x3318</load_address>
         <run_address>0x3318</run_address>
         <size>0x2c</size>
         <input_file_ref idref="fl-2"/>
      </object_component>
      <object_component id="oc-1b5">
         <name>.debug_info</name>
         <load_address>0x3344</load_address>
         <run_address>0x3344</run_address>
         <size>0x4f</size>
         <input_file_ref idref="fl-2"/>
      </object_component>
      <object_component id="oc-171">
         <name>.debug_info</name>
         <load_address>0x3393</load_address>
         <run_address>0x3393</run_address>
         <size>0x2a4</size>
         <input_file_ref idref="fl-2"/>
      </object_component>
      <object_component id="oc-287">
         <name>.debug_info</name>
         <load_address>0x3637</load_address>
         <run_address>0x3637</run_address>
         <size>0xef</size>
         <input_file_ref idref="fl-2"/>
      </object_component>
      <object_component id="oc-9b">
         <name>.debug_info</name>
         <load_address>0x3726</load_address>
         <run_address>0x3726</run_address>
         <size>0xbb</size>
         <input_file_ref idref="fl-2"/>
      </object_component>
      <object_component id="oc-f1">
         <name>.debug_info</name>
         <load_address>0x37e1</load_address>
         <run_address>0x37e1</run_address>
         <size>0xae</size>
         <input_file_ref idref="fl-2"/>
      </object_component>
      <object_component id="oc-162">
         <name>.debug_info</name>
         <load_address>0x388f</load_address>
         <run_address>0x388f</run_address>
         <size>0x53</size>
         <input_file_ref idref="fl-2"/>
      </object_component>
      <object_component id="oc-96">
         <name>.debug_info</name>
         <load_address>0x38e2</load_address>
         <run_address>0x38e2</run_address>
         <size>0x53</size>
         <input_file_ref idref="fl-2"/>
      </object_component>
      <object_component id="oc-167">
         <name>.debug_info</name>
         <load_address>0x3935</load_address>
         <run_address>0x3935</run_address>
         <size>0x14c</size>
         <input_file_ref idref="fl-2"/>
      </object_component>
      <object_component id="oc-40">
         <name>.debug_info</name>
         <load_address>0x3a81</load_address>
         <run_address>0x3a81</run_address>
         <size>0x376</size>
         <input_file_ref idref="fl-3"/>
      </object_component>
      <object_component id="oc-13">
         <name>.debug_info</name>
         <load_address>0x3df7</load_address>
         <run_address>0x3df7</run_address>
         <size>0x111</size>
         <input_file_ref idref="fl-3"/>
      </object_component>
      <object_component id="oc-28">
         <name>.debug_info</name>
         <load_address>0x3f08</load_address>
         <run_address>0x3f08</run_address>
         <size>0x28d</size>
         <input_file_ref idref="fl-3"/>
      </object_component>
      <object_component id="oc-194">
         <name>.debug_info</name>
         <load_address>0x4195</load_address>
         <run_address>0x4195</run_address>
         <size>0x6ac</size>
         <input_file_ref idref="fl-4"/>
      </object_component>
      <object_component id="oc-a8">
         <name>.debug_info</name>
         <load_address>0x4841</load_address>
         <run_address>0x4841</run_address>
         <size>0x13ba</size>
         <input_file_ref idref="fl-4"/>
      </object_component>
      <object_component id="oc-19c">
         <name>.debug_info</name>
         <load_address>0x5bfb</load_address>
         <run_address>0x5bfb</run_address>
         <size>0x110</size>
         <input_file_ref idref="fl-4"/>
      </object_component>
      <object_component id="oc-233">
         <name>.debug_info</name>
         <load_address>0x5d0b</load_address>
         <run_address>0x5d0b</run_address>
         <size>0x3f8</size>
         <input_file_ref idref="fl-4"/>
      </object_component>
      <object_component id="oc-261">
         <name>.debug_info</name>
         <load_address>0x6103</load_address>
         <run_address>0x6103</run_address>
         <size>0x62</size>
         <input_file_ref idref="fl-4"/>
      </object_component>
      <object_component id="oc-18f">
         <name>.debug_info</name>
         <load_address>0x6165</load_address>
         <run_address>0x6165</run_address>
         <size>0x39</size>
         <input_file_ref idref="fl-4"/>
      </object_component>
      <object_component id="oc-2d9">
         <name>.debug_info</name>
         <load_address>0x619e</load_address>
         <run_address>0x619e</run_address>
         <size>0x109</size>
         <input_file_ref idref="fl-4"/>
      </object_component>
      <object_component id="oc-244">
         <name>.debug_info</name>
         <load_address>0x62a7</load_address>
         <run_address>0x62a7</run_address>
         <size>0x3aa</size>
         <input_file_ref idref="fl-5"/>
      </object_component>
      <object_component id="oc-141">
         <name>.debug_info</name>
         <load_address>0x6651</load_address>
         <run_address>0x6651</run_address>
         <size>0x51a</size>
         <input_file_ref idref="fl-5"/>
      </object_component>
      <object_component id="oc-19b">
         <name>.debug_info</name>
         <load_address>0x6b6b</load_address>
         <run_address>0x6b6b</run_address>
         <size>0x910</size>
         <input_file_ref idref="fl-6"/>
      </object_component>
      <object_component id="oc-b0">
         <name>.debug_info</name>
         <load_address>0x747b</load_address>
         <run_address>0x747b</run_address>
         <size>0x3216</size>
         <input_file_ref idref="fl-6"/>
      </object_component>
      <object_component id="oc-268">
         <name>.debug_info</name>
         <load_address>0xa691</load_address>
         <run_address>0xa691</run_address>
         <size>0x1c7</size>
         <input_file_ref idref="fl-6"/>
      </object_component>
      <object_component id="oc-196">
         <name>.debug_info</name>
         <load_address>0xa858</load_address>
         <run_address>0xa858</run_address>
         <size>0x46</size>
         <input_file_ref idref="fl-6"/>
      </object_component>
      <object_component id="oc-229">
         <name>.debug_info</name>
         <load_address>0xa89e</load_address>
         <run_address>0xa89e</run_address>
         <size>0x35</size>
         <input_file_ref idref="fl-6"/>
      </object_component>
      <object_component id="oc-131">
         <name>.debug_info</name>
         <load_address>0xa8d3</load_address>
         <run_address>0xa8d3</run_address>
         <size>0x8be</size>
         <input_file_ref idref="fl-7"/>
      </object_component>
      <object_component id="oc-80">
         <name>.debug_info</name>
         <load_address>0xb191</load_address>
         <run_address>0xb191</run_address>
         <size>0x326</size>
         <input_file_ref idref="fl-7"/>
      </object_component>
      <object_component id="oc-146">
         <name>.debug_info</name>
         <load_address>0xb4b7</load_address>
         <run_address>0xb4b7</run_address>
         <size>0x118</size>
         <input_file_ref idref="fl-7"/>
      </object_component>
      <object_component id="oc-158">
         <name>.debug_info</name>
         <load_address>0xb5cf</load_address>
         <run_address>0xb5cf</run_address>
         <size>0x118</size>
         <input_file_ref idref="fl-7"/>
      </object_component>
      <object_component id="oc-15b">
         <name>.debug_info</name>
         <load_address>0xb6e7</load_address>
         <run_address>0xb6e7</run_address>
         <size>0x118</size>
         <input_file_ref idref="fl-7"/>
      </object_component>
      <object_component id="oc-152">
         <name>.debug_info</name>
         <load_address>0xb7ff</load_address>
         <run_address>0xb7ff</run_address>
         <size>0x15b</size>
         <input_file_ref idref="fl-7"/>
      </object_component>
      <object_component id="oc-14f">
         <name>.debug_info</name>
         <load_address>0xb95a</load_address>
         <run_address>0xb95a</run_address>
         <size>0x118</size>
         <input_file_ref idref="fl-7"/>
      </object_component>
      <object_component id="oc-14c">
         <name>.debug_info</name>
         <load_address>0xba72</load_address>
         <run_address>0xba72</run_address>
         <size>0x119</size>
         <input_file_ref idref="fl-7"/>
      </object_component>
      <object_component id="oc-87">
         <name>.debug_info</name>
         <load_address>0xbb8b</load_address>
         <run_address>0xbb8b</run_address>
         <size>0x4439</size>
         <input_file_ref idref="fl-7"/>
      </object_component>
      <object_component id="oc-132">
         <name>.debug_info</name>
         <load_address>0xffc4</load_address>
         <run_address>0xffc4</run_address>
         <size>0x303</size>
         <input_file_ref idref="fl-7"/>
      </object_component>
      <object_component id="oc-22e">
         <name>.debug_info</name>
         <load_address>0x102c7</load_address>
         <run_address>0x102c7</run_address>
         <size>0x130</size>
         <input_file_ref idref="fl-7"/>
      </object_component>
      <object_component id="oc-188">
         <name>.debug_info</name>
         <load_address>0x103f7</load_address>
         <run_address>0x103f7</run_address>
         <size>0x85b</size>
         <input_file_ref idref="fl-8"/>
      </object_component>
      <object_component id="oc-17d">
         <name>.debug_info</name>
         <load_address>0x10c52</load_address>
         <run_address>0x10c52</run_address>
         <size>0x118</size>
         <input_file_ref idref="fl-8"/>
      </object_component>
      <object_component id="oc-180">
         <name>.debug_info</name>
         <load_address>0x10d6a</load_address>
         <run_address>0x10d6a</run_address>
         <size>0x118</size>
         <input_file_ref idref="fl-8"/>
      </object_component>
      <object_component id="oc-17a">
         <name>.debug_info</name>
         <load_address>0x10e82</load_address>
         <run_address>0x10e82</run_address>
         <size>0x150</size>
         <input_file_ref idref="fl-8"/>
      </object_component>
      <object_component id="oc-177">
         <name>.debug_info</name>
         <load_address>0x10fd2</load_address>
         <run_address>0x10fd2</run_address>
         <size>0x13c</size>
         <input_file_ref idref="fl-8"/>
      </object_component>
      <object_component id="oc-a4">
         <name>.debug_info</name>
         <load_address>0x1110e</load_address>
         <run_address>0x1110e</run_address>
         <size>0x23d3</size>
         <input_file_ref idref="fl-8"/>
      </object_component>
      <object_component id="oc-189">
         <name>.debug_info</name>
         <load_address>0x134e1</load_address>
         <run_address>0x134e1</run_address>
         <size>0x1ce</size>
         <input_file_ref idref="fl-8"/>
      </object_component>
      <object_component id="oc-183">
         <name>.debug_info</name>
         <load_address>0x136af</load_address>
         <run_address>0x136af</run_address>
         <size>0x46</size>
         <input_file_ref idref="fl-8"/>
      </object_component>
      <object_component id="oc-90">
         <name>.debug_info</name>
         <load_address>0x136f5</load_address>
         <run_address>0x136f5</run_address>
         <size>0x491</size>
         <input_file_ref idref="fl-9"/>
      </object_component>
      <object_component id="oc-83">
         <name>.debug_info</name>
         <load_address>0x13b86</load_address>
         <run_address>0x13b86</run_address>
         <size>0x18d</size>
         <input_file_ref idref="fl-9"/>
      </object_component>
      <object_component id="oc-8d">
         <name>.debug_info</name>
         <load_address>0x13d13</load_address>
         <run_address>0x13d13</run_address>
         <size>0x198</size>
         <input_file_ref idref="fl-9"/>
      </object_component>
      <object_component id="oc-34">
         <name>.debug_info</name>
         <load_address>0x13eab</load_address>
         <run_address>0x13eab</run_address>
         <size>0x924</size>
         <input_file_ref idref="fl-9"/>
      </object_component>
      <object_component id="oc-30">
         <name>.debug_info</name>
         <load_address>0x147cf</load_address>
         <run_address>0x147cf</run_address>
         <size>0x27a</size>
         <input_file_ref idref="fl-a"/>
      </object_component>
      <object_component id="oc-242">
         <name>.debug_info</name>
         <load_address>0x14a49</load_address>
         <run_address>0x14a49</run_address>
         <size>0x51d</size>
         <input_file_ref idref="fl-b"/>
      </object_component>
      <object_component id="oc-23f">
         <name>.debug_info</name>
         <load_address>0x14f66</load_address>
         <run_address>0x14f66</run_address>
         <size>0x113</size>
         <input_file_ref idref="fl-b"/>
      </object_component>
      <object_component id="oc-23c">
         <name>.debug_info</name>
         <load_address>0x15079</load_address>
         <run_address>0x15079</run_address>
         <size>0x113</size>
         <input_file_ref idref="fl-b"/>
      </object_component>
      <object_component id="oc-239">
         <name>.debug_info</name>
         <load_address>0x1518c</load_address>
         <run_address>0x1518c</run_address>
         <size>0x21f</size>
         <input_file_ref idref="fl-b"/>
      </object_component>
      <object_component id="oc-13b">
         <name>.debug_info</name>
         <load_address>0x153ab</load_address>
         <run_address>0x153ab</run_address>
         <size>0xb30</size>
         <input_file_ref idref="fl-b"/>
      </object_component>
      <object_component id="oc-2d0">
         <name>.debug_info</name>
         <load_address>0x15edb</load_address>
         <run_address>0x15edb</run_address>
         <size>0x62</size>
         <input_file_ref idref="fl-b"/>
      </object_component>
      <object_component id="oc-1d3">
         <name>.debug_info</name>
         <load_address>0x15f3d</load_address>
         <run_address>0x15f3d</run_address>
         <size>0x4ce</size>
         <input_file_ref idref="fl-c"/>
      </object_component>
      <object_component id="oc-d0">
         <name>.debug_info</name>
         <load_address>0x1640b</load_address>
         <run_address>0x1640b</run_address>
         <size>0x2cc</size>
         <input_file_ref idref="fl-c"/>
      </object_component>
      <object_component id="oc-b5">
         <name>.debug_info</name>
         <load_address>0x166d7</load_address>
         <run_address>0x166d7</run_address>
         <size>0x7b2</size>
         <input_file_ref idref="fl-d"/>
      </object_component>
      <object_component id="oc-de">
         <name>.debug_info</name>
         <load_address>0x16e89</load_address>
         <run_address>0x16e89</run_address>
         <size>0x1b8</size>
         <input_file_ref idref="fl-e"/>
      </object_component>
      <object_component id="oc-1cb">
         <name>.debug_info</name>
         <load_address>0x17041</load_address>
         <run_address>0x17041</run_address>
         <size>0x292</size>
         <input_file_ref idref="fl-f"/>
      </object_component>
      <object_component id="oc-ca">
         <name>.debug_info</name>
         <load_address>0x172d3</load_address>
         <run_address>0x172d3</run_address>
         <size>0x492</size>
         <input_file_ref idref="fl-f"/>
      </object_component>
      <object_component id="oc-2a9">
         <name>.debug_info</name>
         <load_address>0x17765</load_address>
         <run_address>0x17765</run_address>
         <size>0x358</size>
         <input_file_ref idref="fl-10"/>
      </object_component>
      <object_component id="oc-2a6">
         <name>.debug_info</name>
         <load_address>0x17abd</load_address>
         <run_address>0x17abd</run_address>
         <size>0x119</size>
         <input_file_ref idref="fl-10"/>
      </object_component>
      <object_component id="oc-1cd">
         <name>.debug_info</name>
         <load_address>0x17bd6</load_address>
         <run_address>0x17bd6</run_address>
         <size>0x2b6d</size>
         <input_file_ref idref="fl-10"/>
      </object_component>
      <object_component id="oc-2f8">
         <name>.debug_info</name>
         <load_address>0x1a743</load_address>
         <run_address>0x1a743</run_address>
         <size>0x8b</size>
         <input_file_ref idref="fl-11"/>
      </object_component>
      <object_component id="oc-27a">
         <name>.debug_info</name>
         <load_address>0x1a7ce</load_address>
         <run_address>0x1a7ce</run_address>
         <size>0x35e</size>
         <input_file_ref idref="fl-14"/>
      </object_component>
      <object_component id="oc-297">
         <name>.debug_info</name>
         <load_address>0x1ab2c</load_address>
         <run_address>0x1ab2c</run_address>
         <size>0x382</size>
         <input_file_ref idref="fl-1d"/>
      </object_component>
      <object_component id="oc-28e">
         <name>.debug_info</name>
         <load_address>0x1aeae</load_address>
         <run_address>0x1aeae</run_address>
         <size>0x122</size>
         <input_file_ref idref="fl-1d"/>
      </object_component>
      <object_component id="oc-291">
         <name>.debug_info</name>
         <load_address>0x1afd0</load_address>
         <run_address>0x1afd0</run_address>
         <size>0x124</size>
         <input_file_ref idref="fl-1d"/>
      </object_component>
      <object_component id="oc-294">
         <name>.debug_info</name>
         <load_address>0x1b0f4</load_address>
         <run_address>0x1b0f4</run_address>
         <size>0x116</size>
         <input_file_ref idref="fl-1d"/>
      </object_component>
      <object_component id="oc-1a9">
         <name>.debug_info</name>
         <load_address>0x1b20a</load_address>
         <run_address>0x1b20a</run_address>
         <size>0x320b</size>
         <input_file_ref idref="fl-1d"/>
      </object_component>
      <object_component id="oc-2fd">
         <name>.debug_info</name>
         <load_address>0x1e415</load_address>
         <run_address>0x1e415</run_address>
         <size>0x35f</size>
         <input_file_ref idref="fl-20"/>
      </object_component>
      <object_component id="oc-2e6">
         <name>.debug_info</name>
         <load_address>0x1e774</load_address>
         <run_address>0x1e774</run_address>
         <size>0x111</size>
         <input_file_ref idref="fl-20"/>
      </object_component>
      <object_component id="oc-2e9">
         <name>.debug_info</name>
         <load_address>0x1e885</load_address>
         <run_address>0x1e885</run_address>
         <size>0x109</size>
         <input_file_ref idref="fl-20"/>
      </object_component>
      <object_component id="oc-2ec">
         <name>.debug_info</name>
         <load_address>0x1e98e</load_address>
         <run_address>0x1e98e</run_address>
         <size>0x10d</size>
         <input_file_ref idref="fl-20"/>
      </object_component>
      <object_component id="oc-2ef">
         <name>.debug_info</name>
         <load_address>0x1ea9b</load_address>
         <run_address>0x1ea9b</run_address>
         <size>0x113</size>
         <input_file_ref idref="fl-20"/>
      </object_component>
      <object_component id="oc-2f2">
         <name>.debug_info</name>
         <load_address>0x1ebae</load_address>
         <run_address>0x1ebae</run_address>
         <size>0x111</size>
         <input_file_ref idref="fl-20"/>
      </object_component>
      <object_component id="oc-2f5">
         <name>.debug_info</name>
         <load_address>0x1ecbf</load_address>
         <run_address>0x1ecbf</run_address>
         <size>0x115</size>
         <input_file_ref idref="fl-20"/>
      </object_component>
      <object_component id="oc-2e3">
         <name>.debug_info</name>
         <load_address>0x1edd4</load_address>
         <run_address>0x1edd4</run_address>
         <size>0x112</size>
         <input_file_ref idref="fl-20"/>
      </object_component>
      <object_component id="oc-271">
         <name>.debug_info</name>
         <load_address>0x1eee6</load_address>
         <run_address>0x1eee6</run_address>
         <size>0xd12</size>
         <input_file_ref idref="fl-20"/>
      </object_component>
      <object_component id="oc-28c">
         <name>.debug_info</name>
         <load_address>0x1fbf8</load_address>
         <run_address>0x1fbf8</run_address>
         <size>0x3e4</size>
         <input_file_ref idref="fl-29"/>
      </object_component>
      <object_component id="oc-27d">
         <name>.debug_info</name>
         <load_address>0x1ffdc</load_address>
         <run_address>0x1ffdc</run_address>
         <size>0x108</size>
         <input_file_ref idref="fl-29"/>
      </object_component>
      <object_component id="oc-283">
         <name>.debug_info</name>
         <load_address>0x200e4</load_address>
         <run_address>0x200e4</run_address>
         <size>0x114</size>
         <input_file_ref idref="fl-29"/>
      </object_component>
      <object_component id="oc-26e">
         <name>.debug_info</name>
         <load_address>0x201f8</load_address>
         <run_address>0x201f8</run_address>
         <size>0x10e</size>
         <input_file_ref idref="fl-29"/>
      </object_component>
      <object_component id="oc-280">
         <name>.debug_info</name>
         <load_address>0x20306</load_address>
         <run_address>0x20306</run_address>
         <size>0x11b</size>
         <input_file_ref idref="fl-29"/>
      </object_component>
      <object_component id="oc-1a3">
         <name>.debug_info</name>
         <load_address>0x20421</load_address>
         <run_address>0x20421</run_address>
         <size>0x2b58</size>
         <input_file_ref idref="fl-29"/>
      </object_component>
      <object_component id="oc-307">
         <name>.debug_info</name>
         <load_address>0x22f79</load_address>
         <run_address>0x22f79</run_address>
         <size>0x51</size>
         <input_file_ref idref="fl-29"/>
      </object_component>
      <object_component id="oc-4e">
         <name>.debug_info</name>
         <load_address>0x22fca</load_address>
         <run_address>0x22fca</run_address>
         <size>0x119</size>
         <input_file_ref idref="fl-ee"/>
      </object_component>
      <object_component id="oc-118">
         <name>.debug_info</name>
         <load_address>0x230e3</load_address>
         <run_address>0x230e3</run_address>
         <size>0x147</size>
         <input_file_ref idref="fl-ef"/>
      </object_component>
      <object_component id="oc-1c6">
         <name>.debug_info</name>
         <load_address>0x2322a</load_address>
         <run_address>0x2322a</run_address>
         <size>0x13f</size>
         <input_file_ref idref="fl-f0"/>
      </object_component>
      <object_component id="oc-29e">
         <name>.debug_info</name>
         <load_address>0x23369</load_address>
         <run_address>0x23369</run_address>
         <size>0x134</size>
         <input_file_ref idref="fl-f1"/>
      </object_component>
      <object_component id="oc-116">
         <name>.debug_info</name>
         <load_address>0x2349d</load_address>
         <run_address>0x2349d</run_address>
         <size>0x2d4</size>
         <input_file_ref idref="fl-f2"/>
      </object_component>
      <object_component id="oc-61">
         <name>.debug_info</name>
         <load_address>0x23771</load_address>
         <run_address>0x23771</run_address>
         <size>0x1b5</size>
         <input_file_ref idref="fl-f2"/>
      </object_component>
      <object_component id="oc-111">
         <name>.debug_info</name>
         <load_address>0x23926</load_address>
         <run_address>0x23926</run_address>
         <size>0x46</size>
         <input_file_ref idref="fl-f2"/>
      </object_component>
      <object_component id="oc-1e0">
         <name>.debug_info</name>
         <load_address>0x2396c</load_address>
         <run_address>0x2396c</run_address>
         <size>0x2c</size>
         <input_file_ref idref="fl-f2"/>
      </object_component>
      <object_component id="oc-57">
         <name>.debug_info</name>
         <load_address>0x23998</load_address>
         <run_address>0x23998</run_address>
         <size>0x2a8</size>
         <input_file_ref idref="fl-f3"/>
      </object_component>
      <object_component id="oc-1f">
         <name>.debug_info</name>
         <load_address>0x23c40</load_address>
         <run_address>0x23c40</run_address>
         <size>0x1ea</size>
         <input_file_ref idref="fl-f3"/>
      </object_component>
      <object_component id="oc-52">
         <name>.debug_info</name>
         <load_address>0x23e2a</load_address>
         <run_address>0x23e2a</run_address>
         <size>0x46</size>
         <input_file_ref idref="fl-f3"/>
      </object_component>
      <object_component id="oc-109">
         <name>.debug_info</name>
         <load_address>0x23e70</load_address>
         <run_address>0x23e70</run_address>
         <size>0x2c</size>
         <input_file_ref idref="fl-f3"/>
      </object_component>
      <object_component id="oc-107">
         <name>.debug_info</name>
         <load_address>0x23e9c</load_address>
         <run_address>0x23e9c</run_address>
         <size>0x29e</size>
         <input_file_ref idref="fl-f4"/>
      </object_component>
      <object_component id="oc-16">
         <name>.debug_info</name>
         <load_address>0x2413a</load_address>
         <run_address>0x2413a</run_address>
         <size>0x250</size>
         <input_file_ref idref="fl-f4"/>
      </object_component>
      <object_component id="oc-42">
         <name>.debug_info</name>
         <load_address>0x2438a</load_address>
         <run_address>0x2438a</run_address>
         <size>0x60</size>
         <input_file_ref idref="fl-f4"/>
      </object_component>
      <object_component id="oc-1d9">
         <name>.debug_info</name>
         <load_address>0x243ea</load_address>
         <run_address>0x243ea</run_address>
         <size>0x46</size>
         <input_file_ref idref="fl-f4"/>
      </object_component>
      <object_component id="oc-102">
         <name>.debug_info</name>
         <load_address>0x24430</load_address>
         <run_address>0x24430</run_address>
         <size>0x39</size>
         <input_file_ref idref="fl-f4"/>
      </object_component>
      <object_component id="oc-25">
         <name>.debug_info</name>
         <load_address>0x24469</load_address>
         <run_address>0x24469</run_address>
         <size>0x10b</size>
         <input_file_ref idref="fl-f5"/>
      </object_component>
      <object_component id="oc-6d">
         <name>.debug_info</name>
         <load_address>0x24574</load_address>
         <run_address>0x24574</run_address>
         <size>0x1a9</size>
         <input_file_ref idref="fl-f5"/>
      </object_component>
      <object_component id="oc-299">
         <name>.debug_info</name>
         <load_address>0x2471d</load_address>
         <run_address>0x2471d</run_address>
         <size>0x115</size>
         <input_file_ref idref="fl-f6"/>
      </object_component>
      <object_component id="oc-2b7">
         <name>.debug_info</name>
         <load_address>0x24832</load_address>
         <run_address>0x24832</run_address>
         <size>0x4b3</size>
         <input_file_ref idref="fl-f7"/>
      </object_component>
      <object_component id="oc-1f6">
         <name>.debug_info</name>
         <load_address>0x24ce5</load_address>
         <run_address>0x24ce5</run_address>
         <size>0x1a6</size>
         <input_file_ref idref="fl-f7"/>
      </object_component>
      <object_component id="oc-329">
         <name>.debug_info</name>
         <load_address>0x24e8b</load_address>
         <run_address>0x24e8b</run_address>
         <size>0x39</size>
         <input_file_ref idref="fl-f7"/>
      </object_component>
      <object_component id="oc-34d">
         <name>.debug_info</name>
         <load_address>0x24ec4</load_address>
         <run_address>0x24ec4</run_address>
         <size>0x39</size>
         <input_file_ref idref="fl-f7"/>
      </object_component>
      <object_component id="oc-32e">
         <name>.debug_info</name>
         <load_address>0x24efd</load_address>
         <run_address>0x24efd</run_address>
         <size>0x39</size>
         <input_file_ref idref="fl-f7"/>
      </object_component>
      <object_component id="oc-333">
         <name>.debug_info</name>
         <load_address>0x24f36</load_address>
         <run_address>0x24f36</run_address>
         <size>0xcd</size>
         <input_file_ref idref="fl-f7"/>
      </object_component>
      <object_component id="oc-11e">
         <name>.debug_info</name>
         <load_address>0x25003</load_address>
         <run_address>0x25003</run_address>
         <size>0x153</size>
         <input_file_ref idref="fl-f8"/>
      </object_component>
      <object_component id="oc-1ec">
         <name>.debug_info</name>
         <load_address>0x25156</load_address>
         <run_address>0x25156</run_address>
         <size>0x122</size>
         <input_file_ref idref="fl-fa"/>
      </object_component>
      <object_component id="oc-389">
         <name>.debug_info</name>
         <load_address>0x25278</load_address>
         <run_address>0x25278</run_address>
         <size>0xc4</size>
      </object_component>
      <object_component id="oc-1af">
         <name>.debug_line</name>
         <load_address>0x0</load_address>
         <run_address>0x0</run_address>
         <size>0x390</size>
         <input_file_ref idref="fl-2"/>
      </object_component>
      <object_component id="oc-1c4">
         <name>.debug_line</name>
         <load_address>0x390</load_address>
         <run_address>0x390</run_address>
         <size>0x2d</size>
         <input_file_ref idref="fl-2"/>
      </object_component>
      <object_component id="oc-248">
         <name>.debug_line</name>
         <load_address>0x3bd</load_address>
         <run_address>0x3bd</run_address>
         <size>0x2d</size>
         <input_file_ref idref="fl-2"/>
      </object_component>
      <object_component id="oc-250">
         <name>.debug_line</name>
         <load_address>0x3ea</load_address>
         <run_address>0x3ea</run_address>
         <size>0x2d</size>
         <input_file_ref idref="fl-2"/>
      </object_component>
      <object_component id="oc-1d5">
         <name>.debug_line</name>
         <load_address>0x417</load_address>
         <run_address>0x417</run_address>
         <size>0x2d</size>
         <input_file_ref idref="fl-2"/>
      </object_component>
      <object_component id="oc-1d7">
         <name>.debug_line</name>
         <load_address>0x444</load_address>
         <run_address>0x444</run_address>
         <size>0x2d</size>
         <input_file_ref idref="fl-2"/>
      </object_component>
      <object_component id="oc-1c0">
         <name>.debug_line</name>
         <load_address>0x471</load_address>
         <run_address>0x471</run_address>
         <size>0x2d</size>
         <input_file_ref idref="fl-2"/>
      </object_component>
      <object_component id="oc-1c2">
         <name>.debug_line</name>
         <load_address>0x49e</load_address>
         <run_address>0x49e</run_address>
         <size>0x2d</size>
         <input_file_ref idref="fl-2"/>
      </object_component>
      <object_component id="oc-3d">
         <name>.debug_line</name>
         <load_address>0x4cb</load_address>
         <run_address>0x4cb</run_address>
         <size>0x3b2</size>
         <input_file_ref idref="fl-2"/>
      </object_component>
      <object_component id="oc-ea">
         <name>.debug_line</name>
         <load_address>0x87d</load_address>
         <run_address>0x87d</run_address>
         <size>0x2d</size>
         <input_file_ref idref="fl-2"/>
      </object_component>
      <object_component id="oc-f9">
         <name>.debug_line</name>
         <load_address>0x8aa</load_address>
         <run_address>0x8aa</run_address>
         <size>0x92</size>
         <input_file_ref idref="fl-2"/>
      </object_component>
      <object_component id="oc-100">
         <name>.debug_line</name>
         <load_address>0x93c</load_address>
         <run_address>0x93c</run_address>
         <size>0x6f</size>
         <input_file_ref idref="fl-2"/>
      </object_component>
      <object_component id="oc-16f">
         <name>.debug_line</name>
         <load_address>0x9ab</load_address>
         <run_address>0x9ab</run_address>
         <size>0x96</size>
         <input_file_ref idref="fl-2"/>
      </object_component>
      <object_component id="oc-ef">
         <name>.debug_line</name>
         <load_address>0xa41</load_address>
         <run_address>0xa41</run_address>
         <size>0x9a</size>
         <input_file_ref idref="fl-2"/>
      </object_component>
      <object_component id="oc-1b3">
         <name>.debug_line</name>
         <load_address>0xadb</load_address>
         <run_address>0xadb</run_address>
         <size>0x93</size>
         <input_file_ref idref="fl-2"/>
      </object_component>
      <object_component id="oc-1bd">
         <name>.debug_line</name>
         <load_address>0xb6e</load_address>
         <run_address>0xb6e</run_address>
         <size>0x94</size>
         <input_file_ref idref="fl-2"/>
      </object_component>
      <object_component id="oc-4a">
         <name>.debug_line</name>
         <load_address>0xc02</load_address>
         <run_address>0xc02</run_address>
         <size>0x20</size>
         <input_file_ref idref="fl-2"/>
      </object_component>
      <object_component id="oc-94">
         <name>.debug_line</name>
         <load_address>0xc22</load_address>
         <run_address>0xc22</run_address>
         <size>0x96</size>
         <input_file_ref idref="fl-2"/>
      </object_component>
      <object_component id="oc-1b8">
         <name>.debug_line</name>
         <load_address>0xcb8</load_address>
         <run_address>0xcb8</run_address>
         <size>0x94</size>
         <input_file_ref idref="fl-2"/>
      </object_component>
      <object_component id="oc-174">
         <name>.debug_line</name>
         <load_address>0xd4c</load_address>
         <run_address>0xd4c</run_address>
         <size>0x73</size>
         <input_file_ref idref="fl-2"/>
      </object_component>
      <object_component id="oc-28a">
         <name>.debug_line</name>
         <load_address>0xdbf</load_address>
         <run_address>0xdbf</run_address>
         <size>0x6f</size>
         <input_file_ref idref="fl-2"/>
      </object_component>
      <object_component id="oc-9e">
         <name>.debug_line</name>
         <load_address>0xe2e</load_address>
         <run_address>0xe2e</run_address>
         <size>0x70</size>
         <input_file_ref idref="fl-2"/>
      </object_component>
      <object_component id="oc-f4">
         <name>.debug_line</name>
         <load_address>0xe9e</load_address>
         <run_address>0xe9e</run_address>
         <size>0x86</size>
         <input_file_ref idref="fl-2"/>
      </object_component>
      <object_component id="oc-165">
         <name>.debug_line</name>
         <load_address>0xf24</load_address>
         <run_address>0xf24</run_address>
         <size>0x6b</size>
         <input_file_ref idref="fl-2"/>
      </object_component>
      <object_component id="oc-99">
         <name>.debug_line</name>
         <load_address>0xf8f</load_address>
         <run_address>0xf8f</run_address>
         <size>0xa5</size>
         <input_file_ref idref="fl-2"/>
      </object_component>
      <object_component id="oc-16a">
         <name>.debug_line</name>
         <load_address>0x1034</load_address>
         <run_address>0x1034</run_address>
         <size>0x92</size>
         <input_file_ref idref="fl-2"/>
      </object_component>
      <object_component id="oc-fc">
         <name>.debug_line</name>
         <load_address>0x10c6</load_address>
         <run_address>0x10c6</run_address>
         <size>0x41</size>
         <input_file_ref idref="fl-3"/>
      </object_component>
      <object_component id="oc-3f">
         <name>.debug_line</name>
         <load_address>0x1107</load_address>
         <run_address>0x1107</run_address>
         <size>0x41</size>
         <input_file_ref idref="fl-3"/>
      </object_component>
      <object_component id="oc-2b">
         <name>.debug_line</name>
         <load_address>0x1148</load_address>
         <run_address>0x1148</run_address>
         <size>0xa1</size>
         <input_file_ref idref="fl-3"/>
      </object_component>
      <object_component id="oc-260">
         <name>.debug_line</name>
         <load_address>0x11e9</load_address>
         <run_address>0x11e9</run_address>
         <size>0x1ff</size>
         <input_file_ref idref="fl-4"/>
      </object_component>
      <object_component id="oc-ab">
         <name>.debug_line</name>
         <load_address>0x13e8</load_address>
         <run_address>0x13e8</run_address>
         <size>0x2f0</size>
         <input_file_ref idref="fl-4"/>
      </object_component>
      <object_component id="oc-19f">
         <name>.debug_line</name>
         <load_address>0x16d8</load_address>
         <run_address>0x16d8</run_address>
         <size>0x6b</size>
         <input_file_ref idref="fl-4"/>
      </object_component>
      <object_component id="oc-236">
         <name>.debug_line</name>
         <load_address>0x1743</load_address>
         <run_address>0x1743</run_address>
         <size>0x96</size>
         <input_file_ref idref="fl-4"/>
      </object_component>
      <object_component id="oc-264">
         <name>.debug_line</name>
         <load_address>0x17d9</load_address>
         <run_address>0x17d9</run_address>
         <size>0x45</size>
         <input_file_ref idref="fl-4"/>
      </object_component>
      <object_component id="oc-192">
         <name>.debug_line</name>
         <load_address>0x181e</load_address>
         <run_address>0x181e</run_address>
         <size>0x9a</size>
         <input_file_ref idref="fl-4"/>
      </object_component>
      <object_component id="oc-2dc">
         <name>.debug_line</name>
         <load_address>0x18b8</load_address>
         <run_address>0x18b8</run_address>
         <size>0x96</size>
         <input_file_ref idref="fl-4"/>
      </object_component>
      <object_component id="oc-2df">
         <name>.debug_line</name>
         <load_address>0x194e</load_address>
         <run_address>0x194e</run_address>
         <size>0x20</size>
         <input_file_ref idref="fl-5"/>
      </object_component>
      <object_component id="oc-140">
         <name>.debug_line</name>
         <load_address>0x196e</load_address>
         <run_address>0x196e</run_address>
         <size>0xf0</size>
         <input_file_ref idref="fl-5"/>
      </object_component>
      <object_component id="oc-267">
         <name>.debug_line</name>
         <load_address>0x1a5e</load_address>
         <run_address>0x1a5e</run_address>
         <size>0x1ff</size>
         <input_file_ref idref="fl-6"/>
      </object_component>
      <object_component id="oc-ae">
         <name>.debug_line</name>
         <load_address>0x1c5d</load_address>
         <run_address>0x1c5d</run_address>
         <size>0x773</size>
         <input_file_ref idref="fl-6"/>
      </object_component>
      <object_component id="oc-26b">
         <name>.debug_line</name>
         <load_address>0x23d0</load_address>
         <run_address>0x23d0</run_address>
         <size>0x3e</size>
         <input_file_ref idref="fl-6"/>
      </object_component>
      <object_component id="oc-199">
         <name>.debug_line</name>
         <load_address>0x240e</load_address>
         <run_address>0x240e</run_address>
         <size>0x93</size>
         <input_file_ref idref="fl-6"/>
      </object_component>
      <object_component id="oc-22c">
         <name>.debug_line</name>
         <load_address>0x24a1</load_address>
         <run_address>0x24a1</run_address>
         <size>0x74</size>
[...]
         <name>GPIOADCTriggerEnable</name>
         <value>0x4acf</value>
         <object_component_ref idref="oc-1a7"/>
      </symbol>
      <symbol id="sm-967">
         <name>GPIOADCTriggerDisable</name>
         <value>0x4aed</value>
         <object_component_ref idref="oc-1a7"/>
      </symbol>
      <symbol id="sm-968">
         <name>GPIOPinTypeUART</name>
         <value>0x496d</value>
         <object_component_ref idref="oc-1a7"/>
      </symbol>
      <symbol id="sm-969">
         <name>GPIOIntRegisterPin</name>
         <value>0x45e9</value>
         <object_component_ref idref="oc-1a7"/>
      </symbol>
      <symbol id="sm-96a">
         <name>GPIOIntStatus</name>
         <value>0x457b</value>
         <object_component_ref idref="oc-1a7"/>
      </symbol>
      <symbol id="sm-96b">
         <name>GPIOPinTypeDIVSCLK</name>
         <value>0x4703</value>
         <object_component_ref idref="oc-1a7"/>
      </symbol>
      <symbol id="sm-96c">
         <name>GPIOPinTypeGPIOOutput</name>
         <value>0x47b7</value>
         <object_component_ref idref="oc-1a7"/>
      </symbol>
      <symbol id="sm-96d">
         <name>GPIOIntTypeGet</name>
         <value>0x40d3</value>
         <object_component_ref idref="oc-1a7"/>
      </symbol>
      <symbol id="sm-96e">
         <name>GPIOPinRead</name>
         <value>0x463b</value>
         <object_component_ref idref="oc-1a7"/>
      </symbol>
      <symbol id="sm-96f">
         <name>GPIODirModeSet</name>
         <value>0x3f87</value>
         <object_component_ref idref="oc-1a7"/>
      </symbol>
      <symbol id="sm-970">
         <name>GPIOPinTypeQEI</name>
         <value>0x48dd</value>
         <object_component_ref idref="oc-1a7"/>
      </symbol>
      <symbol id="sm-971">
         <name>GPIOPinTypeHibernateRTCCLK</name>
         <value>0x4805</value>
         <object_component_ref idref="oc-1a7"/>
      </symbol>
      <symbol id="sm-972">
         <name>GPIODMATriggerEnable</name>
         <value>0x4a93</value>
         <object_component_ref idref="oc-1a7"/>
      </symbol>
      <symbol id="sm-973">
         <name>GPIOPinTypeEthernetMII</name>
         <value>0x476f</value>
         <object_component_ref idref="oc-1a7"/>
      </symbol>
      <symbol id="sm-974">
         <name>GPIOPinWrite</name>
         <value>0x4653</value>
         <object_component_ref idref="oc-1a7"/>
      </symbol>
      <symbol id="sm-975">
         <name>GPIOPadConfigSet</name>
         <value>0x415d</value>
         <object_component_ref idref="oc-1a7"/>
      </symbol>
      <symbol id="sm-976">
         <name>GPIOPinTypeLCD</name>
         <value>0x4871</value>
         <object_component_ref idref="oc-1a7"/>
      </symbol>
      <symbol id="sm-977">
         <name>GPIOPinTypeSSI</name>
         <value>0x4901</value>
         <object_component_ref idref="oc-1a7"/>
      </symbol>
      <symbol id="sm-978">
         <name>GPIOPinTypeTimer</name>
         <value>0x4925</value>
         <object_component_ref idref="oc-1a7"/>
      </symbol>
      <symbol id="sm-979">
         <name>GPIOPinTypeCAN</name>
         <value>0x4697</value>
         <object_component_ref idref="oc-1a7"/>
      </symbol>
      <symbol id="sm-97a">
         <name>GPIOPinTypeEPI</name>
         <value>0x4727</value>
         <object_component_ref idref="oc-1a7"/>
      </symbol>
      <symbol id="sm-97b">
         <name>GPIOPinTypeEthernetLED</name>
         <value>0x474b</value>
         <object_component_ref idref="oc-1a7"/>
      </symbol>
      <symbol id="sm-97c">
         <name>GPIOUnlockPin</name>
         <value>0x4b0b</value>
         <object_component_ref idref="oc-1a7"/>
      </symbol>
      <symbol id="sm-97d">
         <name>GPIOPinWakeStatus</name>
         <value>0x4a25</value>
         <object_component_ref idref="oc-1a7"/>
      </symbol>
      <symbol id="sm-9fc">
         <name>IntPendClear</name>
         <value>0x7261</value>
         <object_component_ref idref="oc-270"/>
      </symbol>
      <symbol id="sm-9fd">
         <name>IntPriorityGroupingGet</name>
         <value>0x6fdb</value>
         <object_component_ref idref="oc-270"/>
      </symbol>
      <symbol id="sm-9fe">
         <name>IntPrioritySet</name>
         <value>0x7013</value>
         <object_component_ref idref="oc-270"/>
      </symbol>
      <symbol id="sm-9ff">
         <name>IntIsEnabled</name>
         <value>0x716b</value>
         <object_component_ref idref="oc-270"/>
      </symbol>
      <symbol id="sm-a00">
         <name>IntEnable</name>
         <value>0x7087</value>
         <object_component_ref idref="oc-270"/>
      </symbol>
      <symbol id="sm-a01">
         <name>IntTrigger</name>
         <value>0x72c3</value>
         <object_component_ref idref="oc-270"/>
      </symbol>
      <symbol id="sm-a02">
         <name>IntPriorityMaskSet</name>
         <value>0x72af</value>
         <object_component_ref idref="oc-270"/>
      </symbol>
      <symbol id="sm-a03">
         <name>IntPriorityGroupingSet</name>
         <value>0x6fc1</value>
         <object_component_ref idref="oc-270"/>
      </symbol>
      <symbol id="sm-a04">
         <name>IntDisable</name>
         <value>0x70f9</value>
         <object_component_ref idref="oc-270"/>
      </symbol>
      <symbol id="sm-a05">
         <name>IntRegister</name>
         <value>0x6f5b</value>
         <object_component_ref idref="oc-270"/>
      </symbol>
      <symbol id="sm-a06">
         <name>IntPriorityGet</name>
         <value>0x7063</value>
         <object_component_ref idref="oc-270"/>
      </symbol>
      <symbol id="sm-a07">
         <name>IntMasterDisable</name>
         <value>0x6f4b</value>
         <object_component_ref idref="oc-270"/>
      </symbol>
      <symbol id="sm-a08">
         <name>IntUnregister</name>
         <value>0x6fad</value>
         <object_component_ref idref="oc-270"/>
      </symbol>
      <symbol id="sm-a09">
         <name>IntPriorityMaskGet</name>
         <value>0x72bb</value>
         <object_component_ref idref="oc-270"/>
      </symbol>
      <symbol id="sm-a0a">
         <name>g_pfnRAMVectors</name>
         <value>0x20000000</value>
         <object_component_ref idref="oc-2e2"/>
      </symbol>
      <symbol id="sm-a0b">
         <name>IntMasterEnable</name>
         <value>0x6f3b</value>
         <object_component_ref idref="oc-270"/>
      </symbol>
      <symbol id="sm-a0c">
         <name>IntPendSet</name>
         <value>0x71f1</value>
         <object_component_ref idref="oc-270"/>
      </symbol>
      <symbol id="sm-b4f">
         <name>SysCtlGPIOAHBEnable</name>
         <value>0x3d53</value>
         <object_component_ref idref="oc-1a1"/>
      </symbol>
      <symbol id="sm-b50">
         <name>SysCtlIntRegister</name>
         <value>0x3435</value>
         <object_component_ref idref="oc-1a1"/>
      </symbol>
      <symbol id="sm-b51">
         <name>SysCtlFlashSizeGet</name>
         <value>0x307f</value>
         <object_component_ref idref="oc-1a1"/>
      </symbol>
      <symbol id="sm-b52">
         <name>SysCtlPeripheralDeepSleepEnable</name>
         <value>0x3349</value>
         <object_component_ref idref="oc-1a1"/>
      </symbol>
      <symbol id="sm-b53">
         <name>SysCtlLDODeepSleepGet</name>
         <value>0x34db</value>
         <object_component_ref idref="oc-1a1"/>
      </symbol>
      <symbol id="sm-b54">
         <name>SysCtlFlashSectorSizeGet</name>
         <value>0x30ab</value>
         <object_component_ref idref="oc-1a1"/>
      </symbol>
      <symbol id="sm-b55">
         <name>SysCtlIntDisable</name>
         <value>0x3471</value>
         <object_component_ref idref="oc-1a1"/>
      </symbol>
      <symbol id="sm-b56">
         <name>SysCtlResetBehaviorGet</name>
         <value>0x35c1</value>
         <object_component_ref idref="oc-1a1"/>
      </symbol>
      <symbol id="sm-b57">
         <name>SysCtlPeripheralPresent</name>
         <value>0x30d1</value>
         <object_component_ref idref="oc-1a1"/>
      </symbol>
      <symbol id="sm-b58">
         <name>SysCtlDeepSleepClockSet</name>
         <value>0x3c7b</value>
         <object_component_ref idref="oc-1a1"/>
      </symbol>
      <symbol id="sm-b59">
         <name>SysCtlClockSet</name>
         <value>0x3909</value>
         <object_component_ref idref="oc-1a1"/>
      </symbol>
      <symbol id="sm-b5a">
         <name>SysCtlAltClkConfig</name>
         <value>0x3ee5</value>
         <object_component_ref idref="oc-1a1"/>
      </symbol>
      <symbol id="sm-b5b">
         <name>SysCtlPeripheralClockGating</name>
         <value>0x33e1</value>
         <object_component_ref idref="oc-1a1"/>
      </symbol>
      <symbol id="sm-b5c">
         <name>SysCtlIntStatus</name>
         <value>0x3499</value>
         <object_component_ref idref="oc-1a1"/>
      </symbol>
      <symbol id="sm-b5d">
         <name>SysCtlIntClear</name>
         <value>0x3489</value>
         <object_component_ref idref="oc-1a1"/>
      </symbol>
      <symbol id="sm-b5e">
         <name>SysCtlVoltageEventStatus</name>
         <value>0x3db9</value>
         <object_component_ref idref="oc-1a1"/>
      </symbol>
      <symbol id="sm-b5f">
         <name>SysCtlVoltageEventConfig</name>
         <value>0x3da9</value>
         <object_component_ref idref="oc-1a1"/>
      </symbol>
      <symbol id="sm-b60">
         <name>SysCtlResetCauseGet</name>
         <value>0x3531</value>
         <object_component_ref idref="oc-1a1"/>
      </symbol>
      <symbol id="sm-b61">
         <name>SysCtlSleep</name>
         <value>0x350d</value>
         <object_component_ref idref="oc-1a1"/>
      </symbol>
      <symbol id="sm-b62">
         <name>SysCtlPWMClockGet</name>
         <value>0x3d3d</value>
         <object_component_ref idref="oc-1a1"/>
      </symbol>
      <symbol id="sm-b63">
         <name>SysCtlDeepSleepPowerSet</name>
         <value>0x34f5</value>
         <object_component_ref idref="oc-1a1"/>
      </symbol>
      <symbol id="sm-b64">
         <name>SysCtlClockOutConfig</name>
         <value>0x3ec9</value>
         <object_component_ref idref="oc-1a1"/>
      </symbol>
      <symbol id="sm-b65">
         <name>SysCtlNMIStatus</name>
         <value>0x3e95</value>
         <object_component_ref idref="oc-1a1"/>
      </symbol>
      <symbol id="sm-b66">
         <name>SysCtlDeepSleepClockConfigSet</name>
         <value>0x3c99</value>
         <object_component_ref idref="oc-1a1"/>
      </symbol>
      <symbol id="sm-b67">
         <name>SysCtlDelay</name>
         <value>0x7fbb</value>
         <object_component_ref idref="oc-285"/>
      </symbol>
      <symbol id="sm-b68">
         <name>SysCtlVoltageEventClear</name>
         <value>0x3dc5</value>
         <object_component_ref idref="oc-1a1"/>
      </symbol>
      <symbol id="sm-b69">
         <name>SysCtlLDOSleepSet</name>
         <value>0x34b5</value>
         <object_component_ref idref="oc-1a1"/>
      </symbol>
      <symbol id="sm-b6a">
         <name>SysCtlMOSCConfigSet</name>
         <value>0x354b</value>
         <object_component_ref idref="oc-1a1"/>
      </symbol>
      <symbol id="sm-b6b">
         <name>SysCtlPeripheralEnable</name>
         <value>0x3249</value>
         <object_component_ref idref="oc-1a1"/>
      </symbol>
      <symbol id="sm-b6c">
         <name>SysCtlIntEnable</name>
         <value>0x345d</value>
         <object_component_ref idref="oc-1a1"/>
      </symbol>
      <symbol id="sm-b6d">
         <name>SysCtlNMIClear</name>
         <value>0x3ead</value>
         <object_component_ref idref="oc-1a1"/>
      </symbol>
      <symbol id="sm-b6e">
         <name>SysCtlPeripheralPowerOff</name>
         <value>0x3185</value>
         <object_component_ref idref="oc-1a1"/>
      </symbol>
      <symbol id="sm-b6f">
         <name>SysCtlSleepPowerSet</name>
         <value>0x34e1</value>
         <object_component_ref idref="oc-1a1"/>
      </symbol>
      <symbol id="sm-b70">
         <name>SysCtlDeepSleep</name>
         <value>0x3515</value>
         <object_component_ref idref="oc-1a1"/>
      </symbol>
      <symbol id="sm-b71">
         <name>SysCtlLDODeepSleepSet</name>
         <value>0x34cb</value>
         <object_component_ref idref="oc-1a1"/>
      </symbol>
      <symbol id="sm-b72">
         <name>SysCtlPeripheralPowerOn</name>
         <value>0x3149</value>
         <object_component_ref idref="oc-1a1"/>
      </symbol>
      <symbol id="sm-b73">
         <name>SysCtlPeripheralDeepSleepDisable</name>
         <value>0x3385</value>
         <object_component_ref idref="oc-1a1"/>
      </symbol>
      <symbol id="sm-b74">
         <name>SysCtlPeripheralSleepDisable</name>
         <value>0x330d</value>
         <object_component_ref idref="oc-1a1"/>
      </symbol>
      <symbol id="sm-b75">
         <name>SysCtlVCOGet</name>
         <value>0x3ddd</value>
         <object_component_ref idref="oc-1a1"/>
      </symbol>
      <symbol id="sm-b76">
         <name>SysCtlResetBehaviorSet</name>
         <value>0x35b1</value>
         <object_component_ref idref="oc-1a1"/>
      </symbol>
      <symbol id="sm-b77">
         <name>SysCtlReset</name>
         <value>0x3505</value>
         <object_component_ref idref="oc-1a1"/>
      </symbol>
      <symbol id="sm-b78">
         <name>SysCtlGPIOAHBDisable</name>
         <value>0x3d6f</value>
         <object_component_ref idref="oc-1a1"/>
      </symbol>
      <symbol id="sm-b79">
         <name>SysCtlSRAMSizeGet</name>
         <value>0x3075</value>
         <object_component_ref idref="oc-1a1"/>
      </symbol>
      <symbol id="sm-b7a">
         <name>SysCtlClockGet</name>
         <value>0x3ad9</value>
         <object_component_ref idref="oc-1a1"/>
      </symbol>
      <symbol id="sm-b7b">
         <name>SysCtlPeripheralDisable</name>
         <value>0x3285</value>
         <object_component_ref idref="oc-1a1"/>
      </symbol>
      <symbol id="sm-b7c">
         <name>SysCtlPWMClockSet</name>
         <value>0x3d23</value>
         <object_component_ref idref="oc-1a1"/>
      </symbol>
      <symbol id="sm-b7d">
         <name>SysCtlUSBPLLEnable</name>
         <value>0x3d8b</value>
         <object_component_ref idref="oc-1a1"/>
      </symbol>
      <symbol id="sm-b7e">
         <name>SysCtlPeripheralSleepEnable</name>
         <value>0x32c5</value>
         <object_component_ref idref="oc-1a1"/>
      </symbol>
      <symbol id="sm-b7f">
         <name>SysCtlIntUnregister</name>
         <value>0x3449</value>
         <object_component_ref idref="oc-1a1"/>
      </symbol>
      <symbol id="sm-b80">
         <name>SysCtlUSBPLLDisable</name>
         <value>0x3d97</value>
         <object_component_ref idref="oc-1a1"/>
      </symbol>
      <symbol id="sm-b81">
         <name>SysCtlPeripheralReady</name>
         <value>0x310d</value>
         <object_component_ref idref="oc-1a1"/>
      </symbol>
      <symbol id="sm-b82">
         <name>SysCtlPIOSCCalibrate</name>
         <value>0x3561</value>
         <object_component_ref idref="oc-1a1"/>
      </symbol>
      <symbol id="sm-b83">
         <name>SysCtlResetCauseClear</name>
         <value>0x3537</value>
         <object_component_ref idref="oc-1a1"/>
      </symbol>
      <symbol id="sm-b84">
         <name>SysCtlLDOSleepGet</name>
         <value>0x34c5</value>
         <object_component_ref idref="oc-1a1"/>
      </symbol>
      <symbol id="sm-b85">
         <name>SysCtlClockFreqSet</name>
         <value>0x3611</value>
         <object_component_ref idref="oc-1a1"/>
      </symbol>
      <symbol id="sm-b86">
         <name>SysCtlPeripheralReset</name>
         <value>0x31c1</value>
         <object_component_ref idref="oc-1a1"/>
      </symbol>
      <symbol id="sm-ba8">
         <name>memcpy</name>
         <value>0x7b87</value>
         <object_component_ref idref="oc-4c"/>
      </symbol>
      <symbol id="sm-ba9">
         <name>__aeabi_memcpy</name>
         <value>0x7b87</value>
         <object_component_ref idref="oc-4c"/>
      </symbol>
      <symbol id="sm-baa">
         <name>__aeabi_memcpy8</name>
         <value>0x7b87</value>
         <object_component_ref idref="oc-4c"/>
      </symbol>
      <symbol id="sm-bab">
         <name>__aeabi_memcpy4</name>
         <value>0x7b87</value>
         <object_component_ref idref="oc-4c"/>
      </symbol>
      <symbol id="sm-bba">
         <name>__aeabi_memset</name>
         <value>0x7d3b</value>
         <object_component_ref idref="oc-117"/>
      </symbol>
      <symbol id="sm-bbb">
         <name>memset</name>
         <value>0x7d41</value>
         <object_component_ref idref="oc-117"/>
      </symbol>
      <symbol id="sm-bbc">
         <name>__aeabi_memset8</name>
         <value>0x7d3b</value>
         <object_component_ref idref="oc-117"/>
      </symbol>
      <symbol id="sm-bbd">
         <name>__aeabi_memset4</name>
         <value>0x7d3b</value>
         <object_component_ref idref="oc-117"/>
      </symbol>
      <symbol id="sm-bbe">
         <name>__aeabi_memclr8</name>
         <value>0x7d39</value>
         <object_component_ref idref="oc-117"/>
      </symbol>
      <symbol id="sm-bbf">
         <name>__aeabi_memclr4</name>
         <value>0x7d39</value>
         <object_component_ref idref="oc-117"/>
      </symbol>
      <symbol id="sm-bc0">
         <name>__aeabi_memclr</name>
         <value>0x7d39</value>
         <object_component_ref idref="oc-117"/>
      </symbol>
      <symbol id="sm-bce">
         <name>__aeabi_ldivmod</name>
         <value>0x7db3</value>
         <object_component_ref idref="oc-1c5"/>
      </symbol>
      <symbol id="sm-bdb">
         <name>__aeabi_uldivmod</name>
         <value>0x7c23</value>
         <object_component_ref idref="oc-29d"/>
      </symbol>
      <symbol id="sm-bf2">
         <name>__TI_zero_init</name>
         <value>0x7fa3</value>
         <object_component_ref idref="oc-5e"/>
      </symbol>
      <symbol id="sm-c09">
         <name>__TI_decompress_none</name>
         <value>0x7f95</value>
         <object_component_ref idref="oc-1b"/>
      </symbol>
      <symbol id="sm-c2c">
         <name>__TI_decompress_lzss</name>
         <value>0x7e21</value>
         <object_component_ref idref="oc-15"/>
      </symbol>
      <symbol id="sm-c3f">
         <name>__stack</name>
         <value>0x200023d0</value>
         <object_component_ref idref="oc-24"/>
      </symbol>
      <symbol id="sm-c40">
         <name>_c_int00_noargs</name>
         <value>0x7f61</value>
         <object_component_ref idref="oc-6a"/>
      </symbol>
      <symbol id="sm-c4a">
         <name>__aeabi_idiv0</name>
         <value>0x2fb3</value>
         <object_component_ref idref="oc-298"/>
      </symbol>
      <symbol id="sm-c4b">
         <name>__aeabi_ldiv0</name>
         <value>0x2fb3</value>
         <object_component_ref idref="oc-298"/>
      </symbol>
      <symbol id="sm-c73">
         <name>__TI_auto_init_nobinit_nopinit</name>
         <value>0x7edd</value>
         <object_component_ref idref="oc-1f5"/>
      </symbol>
      <symbol id="sm-c7d">
         <name>_system_pre_init</name>
         <value>0x7fc1</value>
         <object_component_ref idref="oc-11d"/>
      </symbol>
      <symbol id="sm-c89">
         <name>C$$EXIT</name>
         <value>0x7fc5</value>
         <object_component_ref idref="oc-1e9"/>
      </symbol>
      <symbol id="sm-c8a">
         <name>abort</name>
         <value>0x7fc5</value>
         <object_component_ref idref="oc-1e9"/>
      </symbol>
      <symbol id="sm-c8d">
         <name>__TI_static_base__</name>
         <value>0x0</value>
      </symbol>
      <symbol id="sm-c90">
         <name>__mpu_init</name>
         <value>0x0</value>
      </symbol>
      <symbol id="sm-c91">
         <name>_system_post_cinit</name>
         <value>0x0</value>
      </symbol>
   </symbol_table>
   <title>Link successful</title>
</link_info>
